Archive member included because of file (symbol)

c:/chibistudio/tools/gnu tools arm embedded/4.7 2014q2/bin/../lib/gcc/arm-none-eabi/4.7.4/armv7e-m\libgcc.a(_arm_addsubsf3.o)
                              build/obj/ds18b20.o (__aeabi_i2f)
c:/chibistudio/tools/gnu tools arm embedded/4.7 2014q2/bin/../lib/gcc/arm-none-eabi/4.7.4/armv7e-m\libgcc.a(_arm_muldivsf3.o)
                              build/obj/ds18b20.o (__aeabi_fmul)
c:/chibistudio/tools/gnu tools arm embedded/4.7 2014q2/bin/../lib/gcc/arm-none-eabi/4.7.4/../../../../arm-none-eabi/lib/armv7e-m\libg.a(lib_a-reent.o)
                              build/obj/console.o (errno)
c:/chibistudio/tools/gnu tools arm embedded/4.7 2014q2/bin/../lib/gcc/arm-none-eabi/4.7.4/../../../../arm-none-eabi/lib/armv7e-m\libg.a(lib_a-freer.o)
                              c:/chibistudio/tools/gnu tools arm embedded/4.7 2014q2/bin/../lib/gcc/arm-none-eabi/4.7.4/../../../../arm-none-eabi/lib/armv7e-m\libg.a(lib_a-reent.o) (_free_r)
c:/chibistudio/tools/gnu tools arm embedded/4.7 2014q2/bin/../lib/gcc/arm-none-eabi/4.7.4/../../../../arm-none-eabi/lib/armv7e-m\libg.a(lib_a-impure.o)
                              c:/chibistudio/tools/gnu tools arm embedded/4.7 2014q2/bin/../lib/gcc/arm-none-eabi/4.7.4/../../../../arm-none-eabi/lib/armv7e-m\libg.a(lib_a-reent.o) (_impure_ptr)
c:/chibistudio/tools/gnu tools arm embedded/4.7 2014q2/bin/../lib/gcc/arm-none-eabi/4.7.4/../../../../arm-none-eabi/lib/armv7e-m\libg.a(lib_a-mallocr.o)
                              c:/chibistudio/tools/gnu tools arm embedded/4.7 2014q2/bin/../lib/gcc/arm-none-eabi/4.7.4/../../../../arm-none-eabi/lib/armv7e-m\libg.a(lib_a-freer.o) (__malloc_current_mallinfo)
c:/chibistudio/tools/gnu tools arm embedded/4.7 2014q2/bin/../lib/gcc/arm-none-eabi/4.7.4/../../../../arm-none-eabi/lib/armv7e-m\libg.a(lib_a-mlock.o)
                              c:/chibistudio/tools/gnu tools arm embedded/4.7 2014q2/bin/../lib/gcc/arm-none-eabi/4.7.4/../../../../arm-none-eabi/lib/armv7e-m\libg.a(lib_a-freer.o) (__malloc_lock)
c:/chibistudio/tools/gnu tools arm embedded/4.7 2014q2/bin/../lib/gcc/arm-none-eabi/4.7.4/../../../../arm-none-eabi/lib/armv7e-m\libg.a(lib_a-sbrkr.o)
                              c:/chibistudio/tools/gnu tools arm embedded/4.7 2014q2/bin/../lib/gcc/arm-none-eabi/4.7.4/../../../../arm-none-eabi/lib/armv7e-m\libg.a(lib_a-freer.o) (_sbrk_r)

Allocating common symbols
Common symbol       size              file

errno               0x4               c:/chibistudio/tools/gnu tools arm embedded/4.7 2014q2/bin/../lib/gcc/arm-none-eabi/4.7.4/../../../../arm-none-eabi/lib/armv7e-m\libg.a(lib_a-reent.o)

Discarded input sections

 .text          0x00000000        0x0 build/obj/crt0.o
 .data          0x00000000        0x0 build/obj/crt0.o
 .bss           0x00000000        0x0 build/obj/crt0.o
 .text.__early_init
                0x00000000       0x10 build/obj/crt0.o
 .text          0x00000000        0x0 build/obj/vectors.o
 .data          0x00000000        0x0 build/obj/vectors.o
 .bss           0x00000000        0x0 build/obj/vectors.o
 .text          0x00000000        0x0 build/obj/chcore.o
 .data          0x00000000        0x0 build/obj/chcore.o
 .bss           0x00000000        0x0 build/obj/chcore.o
 .text.port_halt
                0x00000000       0x10 build/obj/chcore.o
 .debug_info    0x00000000       0x9a build/obj/chcore.o
 .debug_abbrev  0x00000000       0x44 build/obj/chcore.o
 .debug_aranges
                0x00000000       0x20 build/obj/chcore.o
 .debug_ranges  0x00000000       0x10 build/obj/chcore.o
 .debug_line    0x00000000       0x5e build/obj/chcore.o
 .debug_str     0x00000000      0x146 build/obj/chcore.o
 .comment       0x00000000       0x71 build/obj/chcore.o
 .ARM.attributes
                0x00000000       0x33 build/obj/chcore.o
 .debug_frame   0x00000000       0x20 build/obj/chcore.o
 .text          0x00000000        0x0 build/obj/chcore_v7m.o
 .data          0x00000000        0x0 build/obj/chcore_v7m.o
 .bss           0x00000000        0x0 build/obj/chcore_v7m.o
 .text          0x00000000        0x0 build/obj/nvic.o
 .data          0x00000000        0x0 build/obj/nvic.o
 .bss           0x00000000        0x0 build/obj/nvic.o
 .text.nvicDisableVector
                0x00000000       0x40 build/obj/nvic.o
 .text          0x00000000        0x0 build/obj/chsys.o
 .data          0x00000000        0x0 build/obj/chsys.o
 .bss           0x00000000        0x0 build/obj/chsys.o
 .text          0x00000000        0x0 build/obj/chdebug.o
 .data          0x00000000        0x0 build/obj/chdebug.o
 .bss           0x00000000        0x0 build/obj/chdebug.o
 .debug_info    0x00000000       0x79 build/obj/chdebug.o
 .debug_abbrev  0x00000000       0x26 build/obj/chdebug.o
 .debug_aranges
                0x00000000       0x18 build/obj/chdebug.o
 .debug_line    0x00000000       0x1d build/obj/chdebug.o
[...]
Memory Configuration

Name             Origin             Length             Attributes
flash            0x08000000         0x00100000
ram              0x20000000         0x0001c000
ethram           0x2001c000         0x00004000
ccmram           0x10000000         0x00010000
*default*        0x00000000         0xffffffff

Linker script and memory map

LOAD build/obj/crt0.o
LOAD build/obj/vectors.o
LOAD build/obj/chcore.o
LOAD build/obj/chcore_v7m.o
LOAD build/obj/nvic.o
LOAD build/obj/chsys.o
LOAD build/obj/chdebug.o
LOAD build/obj/chlists.o
LOAD build/obj/chvt.o
LOAD build/obj/chschd.o
LOAD build/obj/chthreads.o
LOAD build/obj/chdynamic.o
LOAD build/obj/chregistry.o
LOAD build/obj/chsem.o
LOAD build/obj/chmtx.o
LOAD build/obj/chcond.o
LOAD build/obj/chevents.o
LOAD build/obj/chmsg.o
LOAD build/obj/chmboxes.o
LOAD build/obj/chqueues.o
LOAD build/obj/chmemcore.o
LOAD build/obj/chheap.o
LOAD build/obj/chmempools.o
LOAD build/obj/test.o
LOAD build/obj/testthd.o
LOAD build/obj/testsem.o
LOAD build/obj/testmtx.o
LOAD build/obj/testmsg.o
LOAD build/obj/testmbox.o
LOAD build/obj/testevt.o
LOAD build/obj/testheap.o
LOAD build/obj/testpools.o
LOAD build/obj/testdyn.o
LOAD build/obj/testqueues.o
LOAD build/obj/testbmk.o
LOAD build/obj/hal.o
LOAD build/obj/adc.o
LOAD build/obj/can.o
LOAD build/obj/ext.o
LOAD build/obj/gpt.o
LOAD build/obj/i2c.o
LOAD build/obj/icu.o
LOAD build/obj/mac.o
LOAD build/obj/mmc_spi.o
LOAD build/obj/mmcsd.o
LOAD build/obj/pal.o
LOAD build/obj/pwm.o
LOAD build/obj/rtc.o
LOAD build/obj/sdc.o
LOAD build/obj/serial.o
LOAD build/obj/serial_usb.o
LOAD build/obj/spi.o
LOAD build/obj/tm.o
LOAD build/obj/uart.o
LOAD build/obj/usb.o
LOAD build/obj/stm32_dma.o
LOAD build/obj/hal_lld.o
LOAD build/obj/adc_lld.o
LOAD build/obj/ext_lld_isr.o
LOAD build/obj/can_lld.o
LOAD build/obj/ext_lld.o
LOAD build/obj/mac_lld.o
LOAD build/obj/sdc_lld.o
LOAD build/obj/pal_lld.o
LOAD build/obj/i2c_lld.o
LOAD build/obj/usb_lld.o
LOAD build/obj/rtc_lld.o
LOAD build/obj/spi_lld.o
LOAD build/obj/gpt_lld.o
LOAD build/obj/icu_lld.o
LOAD build/obj/pwm_lld.o
LOAD build/obj/serial_lld.o
LOAD build/obj/uart_lld.o
LOAD build/obj/board.o
LOAD build/obj/chprintf.o
LOAD build/obj/console.o
LOAD build/obj/can_comm.o
LOAD build/obj/ds18b20.o
LOAD build/obj/main.o
LOAD build/obj/light.o
                0x00000400                __main_stack_size__ = 0x400
                0x00000400                __process_stack_size__ = 0x400
                0x20000000                __ram_start__ = ORIGIN (ram)
                0x0001c000                __ram_size__ = 0x1c000
                0x2001c000                __ram_end__ = (__ram_start__ + __ram_size__)
                0x00000000                . = 0x0
                0x00000000                _text = .

startup         0x08000000      0x1ac
 *(vectors)
 vectors        0x08000000      0x1ac build/obj/vectors.o
                0x08000000                _vectors

constructors    0x080001ac        0x0
                0x080001ac                PROVIDE (__init_array_start, .)
 *(SORT(.init_array.*))
 *(.init_array)
                0x080001ac                PROVIDE (__init_array_end, .)

destructors     0x080001ac        0x0
                0x080001ac                PROVIDE (__fini_array_start, .)
 *(.fini_array)
 *(SORT(.fini_array.*))
                0x080001ac                PROVIDE (__fini_array_end, .)

.text           0x080001b0     0x32e4
 *(.text.startup.*)
 .text.startup.main
                0x080001b0       0xc0 build/obj/main.o
                0x080001b0                main
 *(.text)
 .text          0x08000270      0x21c c:/chibistudio/tools/gnu tools arm embedded/4.7 2014q2/bin/../lib/gcc/arm-none-eabi/4.7.4/armv7e-m\libgcc.a(_arm_addsubsf3.o)
                0x08000270                __aeabi_frsub
                0x08000278                __subsf3
                0x08000278                __aeabi_fsub
                0x0800027c                __aeabi_fadd
                0x0800027c                __addsf3
                0x080003dc                __aeabi_ui2f
                0x080003dc                __floatunsisf
                0x080003e4                __aeabi_i2f
                0x080003e4                __floatsisf
                0x08000400                __aeabi_ul2f
                0x08000400                __floatundisf
                0x08000410                __aeabi_l2f
                0x08000410                __floatdisf
 *fill*         0x0800048c        0x4 00
 .text          0x08000490      0x2a0 c:/chibistudio/tools/gnu tools arm embedded/4.7 2014q2/bin/../lib/gcc/arm-none-eabi/4.7.4/armv7e-m\libgcc.a(_arm_muldivsf3.o)
                0x08000490                __mulsf3
                0x08000490                __aeabi_fmul
                0x080005f8                __aeabi_fdiv
                0x080005f8                __divsf3
 *(.text.*)
 .text.__late_init
                0x08000730       0x10 build/obj/crt0.o
                0x08000730                __late_init
 .text._default_exit
                0x08000740       0x10 build/obj/crt0.o
                0x08000740                _default_exit
 .text.ResetHandler
                0x08000750      0x1d0 build/obj/crt0.o
                0x08000750                ResetHandler
 .text._unhandled_exception
                0x08000920       0x10 build/obj/vectors.o
                0x08000920                Vector58
                0x08000920                VectorE8
                0x08000920                Vector9C
                0x08000920                Vector1A0
                0x08000920                Vector5C
                0x08000920                NMIVector
                0x08000920                Vector11C
                0x08000920                Vector19C
                0x08000920                VectorDC
                0x08000920                Vector168
                0x08000920                Vector110
                0x08000920                VectorC8
                0x08000920                VectorA8
                0x08000920                VectorB4
                0x08000920                Vector160
                0x08000920                VectorEC
                0x08000920                UsageFaultVector
                0x08000920                DebugMonitorVector
                0x08000920                Vector40
                0x08000920                VectorF8
                0x08000920                Vector108
                0x08000920                VectorBC
                0x08000920                Vector190
                0x08000920                Vector148
                0x08000920                Vector188
                0x08000920                PendSVVector
                0x08000920                Vector198
                0x08000920                Vector118
                0x08000920                Vector64
                0x08000920                VectorCC
                0x08000920                Vector54
                0x08000920                Vector138
                0x08000920                Vector24
                0x08000920                Vector178
                0x08000920                Vector1A4
                0x08000920                BusFaultVector
                0x08000920                VectorD0
                0x08000920                Vector140
                0x08000920                VectorE4
                0x08000920                VectorC0
                0x08000920                HardFaultVector
                0x08000920                Vector134
                0x08000920                VectorF0
                0x08000920                Vector13C
                0x08000920                Vector100
                0x08000920                VectorE0
                0x08000920                VectorF4
                0x08000920                MemManageVector
                0x08000920                VectorA0
                0x08000920                VectorC4
                0x08000920                Vector180
                0x08000920                VectorB0
                0x08000920                Vector114
                0x08000920                Vector164
                0x08000920                Vector60
                0x08000920                Vector1C
                0x08000920                Vector17C
                0x08000920                Vector48
                0x08000920                Vector1A8
                0x08000920                Vector16C
                0x08000920                Vector4C
                0x08000920                Vector144
                0x08000920                Vector68
                0x08000920                _unhandled_exception
                0x08000920                Vector170
                0x08000920                Vector104
                0x08000920                Vector184
                0x08000920                Vector10C
                0x08000920                Vector14C
                0x08000920                Vector50
                0x08000920                Vector194
                0x08000920                Vector44
                0x08000920                Vector28
                0x08000920                VectorB8
                0x08000920                Vector34
                0x08000920                Vector20
                0x08000920                Vector18C
                0x08000920                Vector174
 .text._port_switch_from_isr
                0x08000930       0x10 build/obj/chcore_v7m.o
                0x08000930                _port_switch_from_isr
 .text.SVCallVector
                0x08000940       0x20 build/obj/chcore_v7m.o
                0x08000940                SVCallVector
 .text._port_init
                0x08000960       0x40 build/obj/chcore_v7m.o
                0x08000960                _port_init
 .text._port_irq_epilogue
                0x080009a0       0x70 build/obj/chcore_v7m.o
                0x080009a0                _port_irq_epilogue
 .text.SysTickVector
                0x08000a10       0x20 build/obj/chcore_v7m.o
                0x08000a10                SysTickVector
 .text._port_switch
                0x08000a30       0x10 build/obj/chcore_v7m.o
                0x08000a30                _port_switch
 .text._port_thread_start
                0x08000a40       0x10 build/obj/chcore_v7m.o
                0x08000a40                _port_thread_start
 .text.nvicEnableVector
                0x08000a50       0x50 build/obj/nvic.o
                0x08000a50                nvicEnableVector
 .text.nvicSetSystemHandlerPriority
                0x08000aa0       0x30 build/obj/nvic.o
                0x08000aa0                nvicSetSystemHandlerPriority
 .text._idle_thread
                0x08000ad0       0x20 build/obj/chsys.o
                0x08000ad0                _idle_thread
 .text.chSysInit
                0x08000af0       0x70 build/obj/chsys.o
                0x08000af0                chSysInit
 .text.chSysTimerHandlerI
                0x08000b60       0x60 build/obj/chsys.o
                0x08000b60                chSysTimerHandlerI
 .text._vt_init
                0x08000bc0       0x20 build/obj/chvt.o
                0x08000bc0                _vt_init
 .text.chVTSetI
                0x08000be0       0x40 build/obj/chvt.o
                0x08000be0                chVTSetI
 .text.chVTResetI
                0x08000c20       0x30 build/obj/chvt.o
                0x08000c20                chVTResetI
 .text.wakeup   0x08000c50       0x60 build/obj/chschd.o
 .text._scheduler_init
                0x08000cb0       0x20 build/obj/chschd.o
                0x08000cb0                _scheduler_init
 .text.chSchReadyI
                0x08000cd0       0x20 build/obj/chschd.o
                0x08000cd0                chSchReadyI
 .text.chSchGoSleepS
                0x08000cf0       0x30 build/obj/chschd.o
                0x08000cf0                chSchGoSleepS
 .text.chSchGoSleepTimeoutS
                0x08000d20       0x40 build/obj/chschd.o
                0x08000d20                chSchGoSleepTimeoutS
 .text.chSchWakeupS
                0x08000d60       0x60 build/obj/chschd.o
                0x08000d60                chSchWakeupS
 .text.chSchDoRescheduleBehind
                0x08000dc0       0x40 build/obj/chschd.o
                0x08000dc0                chSchDoRescheduleBehind
 .text.chSchDoRescheduleAhead
                0x08000e00       0x40 build/obj/chschd.o
                0x08000e00                chSchDoRescheduleAhead
 .text.chSchDoReschedule
                0x08000e40       0x20 build/obj/chschd.o
                0x08000e40                chSchDoReschedule
 .text._thread_init
                0x08000e60       0x50 build/obj/chthreads.o
                0x08000e60                _thread_init
 .text.chThdCreateI
                0x08000eb0       0x70 build/obj/chthreads.o
                0x08000eb0                chThdCreateI
 .text.chThdCreateStatic
                0x08000f20       0x30 build/obj/chthreads.o
                0x08000f20                chThdCreateStatic
 .text.chThdSleep
                0x08000f50       0x20 build/obj/chthreads.o
                0x08000f50                chThdSleep
 .text.chThdSleepUntil
                0x08000f70       0x30 build/obj/chthreads.o
                0x08000f70                chThdSleepUntil
 .text.chThdExitS
                0x08000fa0       0x40 build/obj/chthreads.o
                0x08000fa0                chThdExitS
 .text.chThdExit
                0x08000fe0       0x10 build/obj/chthreads.o
                0x08000fe0                chThdExit
 .text.chSemInit
                0x08000ff0       0x10 build/obj/chsem.o
                0x08000ff0                chSemInit
 .text.chSemWaitTimeoutS
                0x08001000       0x40 build/obj/chsem.o
                0x08001000                chSemWaitTimeoutS
 .text.chSemSignalI
                0x08001040       0x20 build/obj/chsem.o
                0x08001040                chSemSignalI
 .text.chMtxInit
                0x08001060       0x10 build/obj/chmtx.o
                0x08001060                chMtxInit
 .text.chEvtRegisterMask
                0x08001070       0x30 build/obj/chevents.o
                0x08001070                chEvtRegisterMask
 .text.chEvtUnregister
                0x080010a0       0x30 build/obj/chevents.o
                0x080010a0                chEvtUnregister
 .text.chEvtSignalI
                0x080010d0       0x30 build/obj/chevents.o
                0x080010d0                chEvtSignalI
 .text.chEvtBroadcastFlagsI
                0x08001100       0x20 build/obj/chevents.o
                0x08001100                chEvtBroadcastFlagsI
 .text.chEvtWaitAnyTimeout
                0x08001120       0x50 build/obj/chevents.o
                0x08001120                chEvtWaitAnyTimeout
 .text.qwait    0x08001170       0x30 build/obj/chqueues.o
 .text.chIQInit
                0x080011a0       0x20 build/obj/chqueues.o
                0x080011a0                chIQInit
 .text.chIQPutI
                0x080011c0       0x50 build/obj/chqueues.o
                0x080011c0                chIQPutI
 .text.chIQGetTimeout
                0x08001210       0x50 build/obj/chqueues.o
                0x08001210                chIQGetTimeout
 .text.chIQReadTimeout
                0x08001260       0x80 build/obj/chqueues.o
                0x08001260                chIQReadTimeout
 .text.chOQInit
                0x080012e0       0x20 build/obj/chqueues.o
                0x080012e0                chOQInit
 .text.chOQPutTimeout
                0x08001300       0x50 build/obj/chqueues.o
                0x08001300                chOQPutTimeout
 .text.chOQGetI
                0x08001350       0x50 build/obj/chqueues.o
                0x08001350                chOQGetI
 .text.chOQWriteTimeout
                0x080013a0       0x80 build/obj/chqueues.o
                0x080013a0                chOQWriteTimeout
 .text._core_init
                0x08001420       0x30 build/obj/chmemcore.o
                0x08001420                _core_init
 .text.chCoreAlloc
                0x08001450       0x40 build/obj/chmemcore.o
                0x08001450                chCoreAlloc
 .text._heap_init
                0x08001490       0x20 build/obj/chheap.o
                0x08001490                _heap_init
 .text.halInit  0x080014b0       0x30 build/obj/hal.o
                0x080014b0                halInit
 .text.halIsCounterWithin
                0x080014e0       0x30 build/obj/hal.o
                0x080014e0                halIsCounterWithin
 .text.adcInit  0x08001510       0x10 build/obj/adc.o
                0x08001510                adcInit
 .text.adcObjectInit
                0x08001520       0x20 build/obj/adc.o
                0x08001520                adcObjectInit
 .text.canInit  0x08001540       0x10 build/obj/can.o
                0x08001540                canInit
 .text.canObjectInit
                0x08001550       0x40 build/obj/can.o
                0x08001550                canObjectInit
 .text.canStart
                0x08001590       0x40 build/obj/can.o
                0x08001590                canStart
 .text.canReceive
                0x080015d0       0x60 build/obj/can.o
                0x080015d0                canReceive
 .text.pwmInit  0x08001630       0x10 build/obj/pwm.o
                0x08001630                pwmInit
 .text.pwmObjectInit
                0x08001640       0x10 build/obj/pwm.o
                0x08001640                pwmObjectInit
 .text.pwmStart
                0x08001650       0x20 build/obj/pwm.o
                0x08001650                pwmStart
 .text.readt    0x08001670       0x10 build/obj/serial.o
 .text.read     0x08001680       0x10 build/obj/serial.o
 .text.writet   0x08001690       0x10 build/obj/serial.o
 .text.write    0x080016a0       0x10 build/obj/serial.o
 .text.gett     0x080016b0       0x10 build/obj/serial.o
 .text.get      0x080016c0       0x10 build/obj/serial.o
 .text.putt     0x080016d0       0x10 build/obj/serial.o
 .text.put      0x080016e0       0x10 build/obj/serial.o
 .text.sdInit   0x080016f0       0x10 build/obj/serial.o
                0x080016f0                sdInit
 .text.sdObjectInit
                0x08001700       0x50 build/obj/serial.o
                0x08001700                sdObjectInit
 .text.sdStart  0x08001750       0x20 build/obj/serial.o
                0x08001750                sdStart
 .text.sdIncomingDataI
                0x08001770       0x40 build/obj/serial.o
                0x08001770                sdIncomingDataI
 .text.spiInit  0x080017b0       0x10 build/obj/spi.o
                0x080017b0                spiInit
 .text.spiObjectInit
                0x080017c0       0x10 build/obj/spi.o
                0x080017c0                spiObjectInit
 .text.Vector6C
                0x080017d0       0x30 build/obj/stm32_dma.o
                0x080017d0                Vector6C
 .text.Vector70
                0x08001800       0x30 build/obj/stm32_dma.o
                0x08001800                Vector70
 .text.Vector74
                0x08001830       0x30 build/obj/stm32_dma.o
                0x08001830                Vector74
 .text.Vector78
                0x08001860       0x30 build/obj/stm32_dma.o
                0x08001860                Vector78
 .text.Vector7C
                0x08001890       0x30 build/obj/stm32_dma.o
                0x08001890                Vector7C
 .text.Vector80
                0x080018c0       0x30 build/obj/stm32_dma.o
                0x080018c0                Vector80
 .text.Vector84
                0x080018f0       0x30 build/obj/stm32_dma.o
                0x080018f0                Vector84
 .text.VectorFC
                0x08001920       0x30 build/obj/stm32_dma.o
                0x08001920                VectorFC
 .text.Vector120
                0x08001950       0x30 build/obj/stm32_dma.o
                0x08001950                Vector120
 .text.Vector124
                0x08001980       0x30 build/obj/stm32_dma.o
                0x08001980                Vector124
 .text.Vector128
                0x080019b0       0x30 build/obj/stm32_dma.o
                0x080019b0                Vector128
 .text.Vector12C
                0x080019e0       0x30 build/obj/stm32_dma.o
                0x080019e0                Vector12C
 .text.Vector130
                0x08001a10       0x30 build/obj/stm32_dma.o
                0x08001a10                Vector130
 .text.Vector150
                0x08001a40       0x30 build/obj/stm32_dma.o
                0x08001a40                Vector150
 .text.Vector154
                0x08001a70       0x30 build/obj/stm32_dma.o
                0x08001a70                Vector154
 .text.Vector158
                0x08001aa0       0x30 build/obj/stm32_dma.o
                0x08001aa0                Vector158
 .text.dmaInit  0x08001ad0      0x140 build/obj/stm32_dma.o
                0x08001ad0                dmaInit
 .text.hal_lld_init
                0x08001c10       0xb0 build/obj/hal_lld.o
                0x08001c10                hal_lld_init
 .text.stm32_clock_init
                0x08001cc0      0x110 build/obj/hal_lld.o
                0x08001cc0                stm32_clock_init
 .text.adc_lld_init
                0x08001dd0       0x40 build/obj/adc_lld.o
                0x08001dd0                adc_lld_init
 .text.adc_lld_stop_conversion
                0x08001e10       0x30 build/obj/adc_lld.o
                0x08001e10                adc_lld_stop_conversion
 .text.Vector88
                0x08001e40       0x80 build/obj/adc_lld.o
                0x08001e40                Vector88
 .text.can_lld_set_filters
                0x08001ec0      0x2b0 build/obj/can_lld.o
 .text.Vector8C
                0x08002170       0x50 build/obj/can_lld.o
                0x08002170                Vector8C
 .text.Vector90
                0x080021c0       0x70 build/obj/can_lld.o
                0x080021c0                Vector90
 .text.Vector94
                0x08002230       0x70 build/obj/can_lld.o
                0x08002230                Vector94
 .text.Vector98
                0x080022a0       0x80 build/obj/can_lld.o
                0x080022a0                Vector98
 .text.can_lld_init
                0x08002320       0x30 build/obj/can_lld.o
                0x08002320                can_lld_init
 .text.can_lld_start
                0x08002350       0x80 build/obj/can_lld.o
                0x08002350                can_lld_start
 .text.can_lld_is_rx_nonempty
                0x080023d0       0x40 build/obj/can_lld.o
                0x080023d0                can_lld_is_rx_nonempty
 .text.can_lld_receive
                0x08002410       0xd0 build/obj/can_lld.o
                0x08002410                can_lld_receive
 .text._pal_lld_init
                0x080024e0      0x1b0 build/obj/pal_lld.o
                0x080024e0                _pal_lld_init
 .text._pal_lld_setgroupmode
                0x08002690       0xd0 build/obj/pal_lld.o
                0x08002690                _pal_lld_setgroupmode
 .text.spi_lld_init
                0x08002760       0x50 build/obj/spi_lld.o
                0x08002760                spi_lld_init
 .text.VectorA4
                0x080027b0       0x30 build/obj/pwm_lld.o
                0x080027b0                VectorA4
 .text.VectorAC
                0x080027e0       0x70 build/obj/pwm_lld.o
                0x080027e0                VectorAC
 .text.pwm_lld_init
                0x08002850       0x20 build/obj/pwm_lld.o
                0x08002850                pwm_lld_init
 .text.pwm_lld_start
                0x08002870      0x130 build/obj/pwm_lld.o
                0x08002870                pwm_lld_start
 .text.notify1  0x080029a0       0x20 build/obj/serial_lld.o
 .text.notify2  0x080029c0       0x20 build/obj/serial_lld.o
 .text.notify6  0x080029e0       0x20 build/obj/serial_lld.o
 .text.serve_interrupt
                0x08002a00      0x130 build/obj/serial_lld.o
 .text.VectorD4
                0x08002b30       0x20 build/obj/serial_lld.o
                0x08002b30                VectorD4
 .text.VectorD8
                0x08002b50       0x20 build/obj/serial_lld.o
                0x08002b50                VectorD8
 .text.Vector15C
                0x08002b70       0x20 build/obj/serial_lld.o
                0x08002b70                Vector15C
 .text.sd_lld_init
                0x08002b90       0x70 build/obj/serial_lld.o
                0x08002b90                sd_lld_init
 .text.sd_lld_start
                0x08002c00       0xf0 build/obj/serial_lld.o
                0x08002c00                sd_lld_start
 .text.__early_init
                0x08002cf0       0x10 build/obj/board.o
                0x08002cf0                __early_init
 .text.boardInit
                0x08002d00       0x10 build/obj/board.o
                0x08002d00                boardInit
 .text.can_rx   0x08002d10       0x90 build/obj/can_comm.o
 .text.can_commInit
                0x08002da0       0x40 build/obj/can_comm.o
                0x08002da0                can_commInit
 .text.Delay_us
                0x08002de0       0x30 build/obj/ds18b20.o
 .text.OneWire_DataPinInput
                0x08002e10       0x10 build/obj/ds18b20.o
                0x08002e10                OneWire_DataPinInput
 .text.OneWire_DataPinOutput
                0x08002e20       0x10 build/obj/ds18b20.o
                0x08002e20                OneWire_DataPinOutput
 .text.OneWire_ReadBit
                0x08002e30       0x40 build/obj/ds18b20.o
                0x08002e30                OneWire_ReadBit
 .text.OneWire_WriteBit
                0x08002e70       0x50 build/obj/ds18b20.o
                0x08002e70                OneWire_WriteBit
 .text.OneWire_WriteByte
                0x08002ec0       0x60 build/obj/ds18b20.o
                0x08002ec0                OneWire_WriteByte
 .text.OneWire_ReadByte
                0x08002f20       0x80 build/obj/ds18b20.o
                0x08002f20                OneWire_ReadByte
 .text.OneWire_Reset
                0x08002fa0       0x40 build/obj/ds18b20.o
                0x08002fa0                OneWire_Reset
 .text.DS18B20_Init
                0x08002fe0       0x20 build/obj/ds18b20.o
                0x08002fe0                DS18B20_Init
 .text.DS18B20_StartConversion
                0x08003000       0x70 build/obj/ds18b20.o
                0x08003000                DS18B20_StartConversion
 .text.DS18B20_GetTemp
                0x08003070       0x90 build/obj/ds18b20.o
                0x08003070                DS18B20_GetTemp
 .text.ds18b20_polling_thread
                0x08003100       0x40 build/obj/main.o
 .text.task20ms
                0x08003140       0x30 build/obj/main.o
 .text.serial_init
                0x08003170       0x40 build/obj/main.o
                0x08003170                serial_init
 .text.serial_send
                0x080031b0       0x10 build/obj/main.o
                0x080031b0                serial_send
 .text.Thread1  0x080031c0       0x40 build/obj/main.o
 .text.lightCalc
                0x08003200       0x20 build/obj/light.o
                0x08003200                lightCalc
 .text.lightInit
                0x08003220       0x20 build/obj/light.o
                0x08003220                lightInit
 *(.rodata)
 *(.rodata.*)
 .rodata.str1.4
                0x08003240        0x5 build/obj/chsys.o
                                  0x8 (size before relaxing)
 *fill*         0x08003245        0xb 00
 .rodata.ch_debug
                0x08003250       0x18 build/obj/chregistry.o
                0x08003250                ch_debug
 *fill*         0x08003268        0x8 00
 .rodata.vmt    0x08003270       0x20 build/obj/serial.o
 .rodata._stm32_dma_streams
                0x08003290       0xc0 build/obj/stm32_dma.o
                0x08003290                _stm32_dma_streams
 .rodata.default_config
                0x08003350        0xc build/obj/serial_lld.o
 *fill*         0x0800335c        0x4 00
 .rodata.pal_default_config
                0x08003360       0xfc build/obj/board.o
                0x08003360                pal_default_config
 *fill*         0x0800345c        0x4 00
 .rodata.cancfg
                0x08003460        0x8 build/obj/can_comm.o
 *fill*         0x08003468        0x8 00
 .rodata.str1.4
                0x08003470        0x9 build/obj/can_comm.o
                                  0xc (size before relaxing)
 *fill*         0x08003479        0x7 00
 .rodata.str1.4
                0x08003480       0x14 build/obj/main.o
 *(.glue_7t)
 .glue_7t       0x00000000        0x0 linker stubs
 *(.glue_7)
 .glue_7        0x00000000        0x0 linker stubs
 *(.gcc*)

.vfp11_veneer   0x08003494        0x0
 .vfp11_veneer  0x00000000        0x0 linker stubs

.v4_bx          0x08003494        0x0
 .v4_bx         0x00000000        0x0 linker stubs

.iplt           0x08003494        0x0
 .iplt          0x00000000        0x0 build/obj/crt0.o

.rel.dyn        0x08003494        0x0
 .rel.iplt      0x00000000        0x0 build/obj/crt0.o

.ARM.extab
 *(.ARM.extab* .gnu.linkonce.armextab.*)

.ARM.exidx      0x08003494        0x0
                0x08003494                PROVIDE (__exidx_start, .)
 *(.ARM.exidx* .gnu.linkonce.armexidx.*)
                0x08003494                PROVIDE (__exidx_end, .)

.eh_frame_hdr
 *(.eh_frame_hdr)

.eh_frame
 *(.eh_frame)

.textalign      0x08003494        0x4
                0x08003498                . = ALIGN (0x8)
 *fill*         0x08003494        0x4 00
                0x08003498                . = ALIGN (0x4)
                0x08003498                _etext = .
                0x08003498                _textdata = _etext

.stacks         0x20000000      0x800
                0x20000000                . = ALIGN (0x8)
                0x20000000                __main_stack_base__ = .
                0x20000400                . = (. + __main_stack_size__)
 *fill*         0x20000000      0x400 00
                0x20000400                . = ALIGN (0x8)
                0x20000400                __main_stack_end__ = .
                0x20000400                __process_stack_base__ = .
                0x20000400                __main_thread_stack_base__ = .
                0x20000800                . = (. + __process_stack_size__)
 *fill*         0x20000400      0x400 00
                0x20000800                . = ALIGN (0x8)
                0x20000800                __process_stack_end__ = .
                0x20000800                __main_thread_stack_end__ = .

.data           0x20000800       0x40 load address 0x08003498
                0x20000800                . = ALIGN (0x4)
                0x20000800                PROVIDE (_data, .)
 *(.data)
 *(.data.*)
 .data.uartCfg  0x20000800        0xc build/obj/main.o
 .data.pwmcfg   0x2000080c       0x34 build/obj/light.o
 *(.ramtext)
                0x20000840                . = ALIGN (0x4)
                0x20000840                PROVIDE (_edata, .)

.igot.plt       0x20000840        0x0 load address 0x080034d8
 .igot.plt      0x00000000        0x0 build/obj/crt0.o

.bss            0x20000840      0xc2c
                0x20000840                . = ALIGN (0x4)
                0x20000840                PROVIDE (_bss_start, .)
 *(.bss)
 *(.bss.*)
 .bss.mainthread.4773
                0x20000840       0x48 build/obj/chsys.o
 .bss._idle_thread_wa
                0x20000888       0xe0 build/obj/chsys.o
                0x20000888                _idle_thread_wa
 .bss.vtlist    0x20000968       0x10 build/obj/chvt.o
                0x20000968                vtlist
 .bss.rlist     0x20000978       0x1c build/obj/chschd.o
                0x20000978                rlist
 .bss.endmem    0x20000994        0x4 build/obj/chmemcore.o
 .bss.nextmem   0x20000998        0x4 build/obj/chmemcore.o
 *fill*         0x2000099c        0x4 00
 .bss.default_heap
                0x200009a0       0x20 build/obj/chheap.o
 .bss.dma_isr_redir
                0x200009c0       0x80 build/obj/stm32_dma.o
 .bss.dma_streams_mask
                0x20000a40        0x4 build/obj/stm32_dma.o
 .bss.ADCD1     0x20000a44       0x34 build/obj/adc_lld.o
                0x20000a44                ADCD1
 .bss.CAND1     0x20000a78       0x38 build/obj/can_lld.o
                0x20000a78                CAND1
 .bss.dummytx   0x20000ab0        0x2 build/obj/spi_lld.o
 *fill*         0x20000ab2        0x2 00
 .bss.SPID2     0x20000ab4       0x30 build/obj/spi_lld.o
                0x20000ab4                SPID2
 .bss.PWMD1     0x20000ae4       0x14 build/obj/pwm_lld.o
                0x20000ae4                PWMD1
 .bss.SD1       0x20000af8       0x78 build/obj/serial_lld.o
                0x20000af8                SD1
 .bss.SD2       0x20000b70       0x78 build/obj/serial_lld.o
                0x20000b70                SD2
 .bss.SD6       0x20000be8       0x78 build/obj/serial_lld.o
                0x20000be8                SD6
 .bss.allapot   0x20000c60        0x1 build/obj/can_comm.o
 *fill*         0x20000c61        0x3 00
 .bss.rxmsg     0x20000c64       0x14 build/obj/can_comm.o
 .bss.can_rx_wa
                0x20000c78      0x1d0 build/obj/can_comm.o
 .bss.DS18B20_SERIAL_NUMBER
                0x20000e48       0x28 build/obj/ds18b20.o
                0x20000e48                DS18B20_SERIAL_NUMBER
 .bss.waThread1
                0x20000e70      0x150 build/obj/main.o
 .bss.currentTemp
                0x20000fc0        0x4 build/obj/main.o
                0x20000fc0                currentTemp
 *fill*         0x20000fc4        0x4 00
 .bss.watask20ms
                0x20000fc8      0x1d0 build/obj/main.o
 .bss.wa_ds18b20_polling
                0x20001198      0x2d0 build/obj/main.o
 .bss.tim_db    0x20001468        0x4 build/obj/light.o
 *(COMMON)
                0x2000146c                . = ALIGN (0x4)
                0x2000146c                PROVIDE (_bss_end, .)
                0x2000146c                PROVIDE (end, .)
                0x2000146c                _end = .
                0x2000146c                __heap_base__ = _end
                0x2001c000                __heap_end__ = __ram_end__
START GROUP
LOAD c:/chibistudio/tools/gnu tools arm embedded/4.7 2014q2/bin/../lib/gcc/arm-none-eabi/4.7.4/armv7e-m\libgcc.a
LOAD c:/chibistudio/tools/gnu tools arm embedded/4.7 2014q2/bin/../lib/gcc/arm-none-eabi/4.7.4/../../../../arm-none-eabi/lib/armv7e-m\libg.a
LOAD c:/chibistudio/tools/gnu tools arm embedded/4.7 2014q2/bin/../lib/gcc/arm-none-eabi/4.7.4/../../../../arm-none-eabi/lib/armv7e-m\libc.a
END GROUP
OUTPUT(build/modulux_lights.elf elf32-littlearm)

.debug_info     0x00000000    0x161c5
 .debug_info    0x00000000      0x2a9 build/obj/crt0.o
 .debug_info    0x000002a9      0x1f0 build/obj/vectors.o
 .debug_info    0x00000499      0x89b build/obj/chcore_v7m.o
 .debug_info    0x00000d34      0x455 build/obj/nvic.o
 .debug_info    0x00001189      0x8aa build/obj/chsys.o
 .debug_info    0x00001a33      0x21f build/obj/chvt.o
 .debug_info    0x00001c52      0x9eb build/obj/chschd.o
 .debug_info    0x0000263d      0xc4b build/obj/chthreads.o
 .debug_info    0x00003288      0x684 build/obj/chregistry.o
 .debug_info    0x0000390c      0xb80 build/obj/chsem.o
 .debug_info    0x0000448c      0xa4c build/obj/chmtx.o
 .debug_info    0x00004ed8      0xe36 build/obj/chevents.o
 .debug_info    0x00005d0e      0xc7d build/obj/chqueues.o
 .debug_info    0x0000698b      0x22f build/obj/chmemcore.o
 .debug_info    0x00006bba      0x739 build/obj/chheap.o
 .debug_info    0x000072f3      0x41d build/obj/hal.o
 .debug_info    0x00007710      0xf07 build/obj/adc.o
 .debug_info    0x00008617     0x1144 build/obj/can.o
 .debug_info    0x0000975b      0x6ec build/obj/pwm.o
 .debug_info    0x00009e47     0x10bd build/obj/serial.o
 .debug_info    0x0000af04     0x1206 build/obj/spi.o
 .debug_info    0x0000c10a      0xb44 build/obj/stm32_dma.o
 .debug_info    0x0000cc4e      0x505 build/obj/hal_lld.o
 .debug_info    0x0000d153     0x11e9 build/obj/adc_lld.o
 .debug_info    0x0000e33c     0x16ea build/obj/can_lld.o
 .debug_info    0x0000fa26      0x769 build/obj/pal_lld.o
 .debug_info    0x0001018f      0xf01 build/obj/spi_lld.o
 .debug_info    0x00011090      0x870 build/obj/pwm_lld.o
 .debug_info    0x00011900     0x1137 build/obj/serial_lld.o
 .debug_info    0x00012a37      0x215 build/obj/board.o
 .debug_info    0x00012c4c     0x114b build/obj/can_comm.o
 .debug_info    0x00013d97      0xe0b build/obj/ds18b20.o
 .debug_info    0x00014ba2     0x1045 build/obj/main.o
 .debug_info    0x00015be7      0x5de build/obj/light.o

.debug_abbrev   0x00000000     0x4f47
 .debug_abbrev  0x00000000       0xf4 build/obj/crt0.o
 .debug_abbrev  0x000000f4       0xb1 build/obj/vectors.o
 .debug_abbrev  0x000001a5      0x1d5 build/obj/chcore_v7m.o
 .debug_abbrev  0x0000037a       0xf2 build/obj/nvic.o
 .debug_abbrev  0x0000046c      0x220 build/obj/chsys.o
 .debug_abbrev  0x0000068c      0x133 build/obj/chvt.o
 .debug_abbrev  0x000007bf      0x340 build/obj/chschd.o
 .debug_abbrev  0x00000aff      0x368 build/obj/chthreads.o
 .debug_abbrev  0x00000e67      0x197 build/obj/chregistry.o
 .debug_abbrev  0x00000ffe      0x333 build/obj/chsem.o
 .debug_abbrev  0x00001331      0x316 build/obj/chmtx.o
 .debug_abbrev  0x00001647      0x359 build/obj/chevents.o
 .debug_abbrev  0x000019a0      0x34c build/obj/chqueues.o
 .debug_abbrev  0x00001cec      0x16c build/obj/chmemcore.o
 .debug_abbrev  0x00001e58      0x210 build/obj/chheap.o
 .debug_abbrev  0x00002068      0x1e4 build/obj/hal.o
 .debug_abbrev  0x0000224c      0x311 build/obj/adc.o
 .debug_abbrev  0x0000255d      0x2de build/obj/can.o
 .debug_abbrev  0x0000283b      0x1b8 build/obj/pwm.o
 .debug_abbrev  0x000029f3      0x2d5 build/obj/serial.o
 .debug_abbrev  0x00002cc8      0x2ac build/obj/spi.o
 .debug_abbrev  0x00002f74      0x221 build/obj/stm32_dma.o
 .debug_abbrev  0x00003195      0x12d build/obj/hal_lld.o
 .debug_abbrev  0x000032c2      0x300 build/obj/adc_lld.o
 .debug_abbrev  0x000035c2      0x3d5 build/obj/can_lld.o
 .debug_abbrev  0x00003997      0x1c6 build/obj/pal_lld.o
 .debug_abbrev  0x00003b5d      0x31a build/obj/spi_lld.o
 .debug_abbrev  0x00003e77      0x212 build/obj/pwm_lld.o
 .debug_abbrev  0x00004089      0x35b build/obj/serial_lld.o
 .debug_abbrev  0x000043e4       0xe5 build/obj/board.o
 .debug_abbrev  0x000044c9      0x292 build/obj/can_comm.o
 .debug_abbrev  0x0000475b      0x310 build/obj/ds18b20.o
 .debug_abbrev  0x00004a6b      0x2e8 build/obj/main.o
 .debug_abbrev  0x00004d53      0x1f4 build/obj/light.o

.debug_aranges  0x00000000      0xb98
 .debug_aranges
                0x00000000       0x38 build/obj/crt0.o
 .debug_aranges
                0x00000038       0x20 build/obj/vectors.o
 .debug_aranges
                0x00000058       0x50 build/obj/chcore_v7m.o
 .debug_aranges
                0x000000a8       0x30 build/obj/nvic.o
 .debug_aranges
                0x000000d8       0x30 build/obj/chsys.o
 .debug_aranges
                0x00000108       0x30 build/obj/chvt.o
 .debug_aranges
                0x00000138       0x68 build/obj/chschd.o
 .debug_aranges
                0x000001a0       0x78 build/obj/chthreads.o
 .debug_aranges
                0x00000218       0x28 build/obj/chregistry.o
 .debug_aranges
                0x00000240       0x70 build/obj/chsem.o
 .debug_aranges
                0x000002b0       0x58 build/obj/chmtx.o
 .debug_aranges
                0x00000308       0xa0 build/obj/chevents.o
 .debug_aranges
                0x000003a8       0x70 build/obj/chqueues.o
 .debug_aranges
                0x00000418       0x38 build/obj/chmemcore.o
 .debug_aranges
                0x00000450       0x40 build/obj/chheap.o
 .debug_aranges
                0x00000490       0x30 build/obj/hal.o
 .debug_aranges
                0x000004c0       0x70 build/obj/adc.o
 .debug_aranges
                0x00000530       0x58 build/obj/can.o
 .debug_aranges
                0x00000588       0x50 build/obj/pwm.o
 .debug_aranges
                0x000005d8       0x88 build/obj/serial.o
 .debug_aranges
                0x00000660       0x98 build/obj/spi.o
 .debug_aranges
                0x000006f8       0xb0 build/obj/stm32_dma.o
 .debug_aranges
                0x000007a8       0x28 build/obj/hal_lld.o
 .debug_aranges
                0x000007d0       0x70 build/obj/adc_lld.o
 .debug_aranges
                0x00000840       0x90 build/obj/can_lld.o
 .debug_aranges
                0x000008d0       0x28 build/obj/pal_lld.o
 .debug_aranges
                0x000008f8       0x78 build/obj/spi_lld.o
 .debug_aranges
                0x00000970       0x50 build/obj/pwm_lld.o
 .debug_aranges
                0x000009c0       0x68 build/obj/serial_lld.o
 .debug_aranges
                0x00000a28       0x28 build/obj/board.o
 .debug_aranges
                0x00000a50       0x28 build/obj/can_comm.o
 .debug_aranges
                0x00000a78       0xa0 build/obj/ds18b20.o
 .debug_aranges
                0x00000b18       0x48 build/obj/main.o
 .debug_aranges
                0x00000b60       0x38 build/obj/light.o

.debug_ranges   0x00000000     0x14c0
 .debug_ranges  0x00000000       0xe0 build/obj/crt0.o
 .debug_ranges  0x000000e0       0x10 build/obj/vectors.o
 .debug_ranges  0x000000f0       0x58 build/obj/chcore_v7m.o
 .debug_ranges  0x00000148       0x20 build/obj/nvic.o
 .debug_ranges  0x00000168       0x20 build/obj/chsys.o
 .debug_ranges  0x00000188       0x20 build/obj/chvt.o
 .debug_ranges  0x000001a8      0x190 build/obj/chschd.o
 .debug_ranges  0x00000338       0xc8 build/obj/chthreads.o
 .debug_ranges  0x00000400       0x30 build/obj/chregistry.o
 .debug_ranges  0x00000430      0x1c0 build/obj/chsem.o
 .debug_ranges  0x000005f0      0x228 build/obj/chmtx.o
 .debug_ranges  0x00000818       0xd8 build/obj/chevents.o
 .debug_ranges  0x000008f0       0xd8 build/obj/chqueues.o
 .debug_ranges  0x000009c8       0x28 build/obj/chmemcore.o
 .debug_ranges  0x000009f0       0x30 build/obj/chheap.o
 .debug_ranges  0x00000a20       0x50 build/obj/hal.o
 .debug_ranges  0x00000a70       0xf0 build/obj/adc.o
 .debug_ranges  0x00000b60       0xc0 build/obj/can.o
 .debug_ranges  0x00000c20       0x70 build/obj/pwm.o
 .debug_ranges  0x00000c90       0xa8 build/obj/serial.o
 .debug_ranges  0x00000d38      0x130 build/obj/spi.o
 .debug_ranges  0x00000e68       0xa0 build/obj/stm32_dma.o
 .debug_ranges  0x00000f08       0x30 build/obj/hal_lld.o
 .debug_ranges  0x00000f38       0x60 build/obj/adc_lld.o
 .debug_ranges  0x00000f98       0xe0 build/obj/can_lld.o
 .debug_ranges  0x00001078      0x168 build/obj/pal_lld.o
 .debug_ranges  0x000011e0       0x68 build/obj/spi_lld.o
 .debug_ranges  0x00001248       0x40 build/obj/pwm_lld.o
 .debug_ranges  0x00001288      0x100 build/obj/serial_lld.o
 .debug_ranges  0x00001388       0x18 build/obj/board.o
 .debug_ranges  0x000013a0       0x18 build/obj/can_comm.o
 .debug_ranges  0x000013b8       0xa8 build/obj/ds18b20.o
 .debug_ranges  0x00001460       0x38 build/obj/main.o
 .debug_ranges  0x00001498       0x28 build/obj/light.o

.debug_line     0x00000000     0x682b
 .debug_line    0x00000000      0x179 build/obj/crt0.o
 .debug_line    0x00000179       0xf1 build/obj/vectors.o
 .debug_line    0x0000026a      0x237 build/obj/chcore_v7m.o
 .debug_line    0x000004a1      0x130 build/obj/nvic.o
 .debug_line    0x000005d1      0x258 build/obj/chsys.o
 .debug_line    0x00000829      0x17b build/obj/chvt.o
 .debug_line    0x000009a4      0x34c build/obj/chschd.o
 .debug_line    0x00000cf0      0x399 build/obj/chthreads.o
 .debug_line    0x00001089      0x22b build/obj/chregistry.o
 .debug_line    0x000012b4      0x3a0 build/obj/chsem.o
 .debug_line    0x00001654      0x385 build/obj/chmtx.o
 .debug_line    0x000019d9      0x356 build/obj/chevents.o
 .debug_line    0x00001d2f      0x3ed build/obj/chqueues.o
 .debug_line    0x0000211c      0x19d build/obj/chmemcore.o
 .debug_line    0x000022b9      0x2c6 build/obj/chheap.o
 .debug_line    0x0000257f      0x2bd build/obj/hal.o
 .debug_line    0x0000283c      0x3d4 build/obj/adc.o
 .debug_line    0x00002c10      0x341 build/obj/can.o
 .debug_line    0x00002f51      0x20f build/obj/pwm.o
 .debug_line    0x00003160      0x3fd build/obj/serial.o
 .debug_line    0x0000355d      0x44c build/obj/spi.o
 .debug_line    0x000039a9      0x427 build/obj/stm32_dma.o
 .debug_line    0x00003dd0      0x218 build/obj/hal_lld.o
 .debug_line    0x00003fe8      0x499 build/obj/adc_lld.o
 .debug_line    0x00004481      0x52d build/obj/can_lld.o
 .debug_line    0x000049ae      0x21f build/obj/pal_lld.o
 .debug_line    0x00004bcd      0x4d0 build/obj/spi_lld.o
 .debug_line    0x0000509d      0x319 build/obj/pwm_lld.o
 .debug_line    0x000053b6      0x470 build/obj/serial_lld.o
 .debug_line    0x00005826      0x192 build/obj/board.o
 .debug_line    0x000059b8      0x361 build/obj/can_comm.o
 .debug_line    0x00005d19      0x4ca build/obj/ds18b20.o
 .debug_line    0x000061e3      0x438 build/obj/main.o
 .debug_line    0x0000661b      0x210 build/obj/light.o

.debug_str      0x00000000     0x2d48
 .debug_str     0x00000000      0x214 build/obj/crt0.o
                                0x248 (size before relaxing)
 .debug_str     0x00000214      0x150 build/obj/vectors.o
                                0x273 (size before relaxing)
 .debug_str     0x00000364      0x2ed build/obj/chcore_v7m.o
                                0x41b (size before relaxing)
 .debug_str     0x00000651       0xa1 build/obj/nvic.o
                                0x245 (size before relaxing)
 .debug_str     0x000006f2      0x210 build/obj/chsys.o
                                0x4f3 (size before relaxing)
 .debug_str     0x00000902       0x41 build/obj/chvt.o
                                0x1c6 (size before relaxing)
 .debug_str     0x00000943       0xd9 build/obj/chschd.o
                                0x428 (size before relaxing)
 .debug_str     0x00000a1c       0xde build/obj/chthreads.o
                                0x493 (size before relaxing)
 .debug_str     0x00000afa       0x4d build/obj/chregistry.o
                                0x416 (size before relaxing)
 .debug_str     0x00000b47       0xd3 build/obj/chsem.o
                                0x40c (size before relaxing)
 .debug_str     0x00000c1a       0x9c build/obj/chmtx.o
                                0x3ad (size before relaxing)
 .debug_str     0x00000cb6      0x1c4 build/obj/chevents.o
                                0x4d1 (size before relaxing)
 .debug_str     0x00000e7a      0x124 build/obj/chqueues.o
                                0x438 (size before relaxing)
 .debug_str     0x00000f9e       0x7b build/obj/chmemcore.o
                                0x1b1 (size before relaxing)
 .debug_str     0x00001019       0xbe build/obj/chheap.o
                                0x391 (size before relaxing)
 .debug_str     0x000010d7      0x191 build/obj/hal.o
                                0x2c5 (size before relaxing)
 .debug_str     0x00001268      0x304 build/obj/adc.o
                                0x657 (size before relaxing)
 .debug_str     0x0000156c      0x2dc build/obj/can.o
                                0x66d (size before relaxing)
 .debug_str     0x00001848      0x1b8 build/obj/pwm.o
                                0x320 (size before relaxing)
 .debug_str     0x00001a00      0x138 build/obj/serial.o
                                0x5a5 (size before relaxing)
 .debug_str     0x00001b38      0x286 build/obj/spi.o
                                0x65e (size before relaxing)
 .debug_str     0x00001dbe      0x74b build/obj/stm32_dma.o
                                0x97d (size before relaxing)
 .debug_str     0x00002509       0xc9 build/obj/hal_lld.o
                                0x365 (size before relaxing)
 .debug_str     0x000025d2       0xd9 build/obj/adc_lld.o
                                0xc8d (size before relaxing)
 .debug_str     0x000026ab      0x129 build/obj/can_lld.o
                                0x811 (size before relaxing)
 .debug_str     0x000027d4       0x82 build/obj/pal_lld.o
                                0x3b8 (size before relaxing)
 .debug_str     0x00002856       0xac build/obj/spi_lld.o
                                0x6fe (size before relaxing)
 .debug_str     0x00002902       0x55 build/obj/pwm_lld.o
                                0x44c (size before relaxing)
 .debug_str     0x00002957       0xa3 build/obj/serial_lld.o
                                0x66e (size before relaxing)
 .debug_str     0x000029fa       0x11 build/obj/board.o
                                0x1f9 (size before relaxing)
 .debug_str     0x00002a0b       0xfc build/obj/can_comm.o
                                0x790 (size before relaxing)
 .debug_str     0x00002b07      0x177 build/obj/ds18b20.o
                                0x3d7 (size before relaxing)
 .debug_str     0x00002c7e       0x92 build/obj/main.o
                                0x720 (size before relaxing)
 .debug_str     0x00002d10       0x38 build/obj/light.o
                                0x33c (size before relaxing)

.comment        0x00000000       0x70
 .comment       0x00000000       0x70 build/obj/crt0.o
                                 0x71 (size before relaxing)
 .comment       0x00000000       0x71 build/obj/vectors.o
 .comment       0x00000000       0x71 build/obj/chcore_v7m.o
 .comment       0x00000000       0x71 build/obj/nvic.o
 .comment       0x00000000       0x71 build/obj/chsys.o
 .comment       0x00000000       0x71 build/obj/chvt.o
 .comment       0x00000000       0x71 build/obj/chschd.o
 .comment       0x00000000       0x71 build/obj/chthreads.o
 .comment       0x00000000       0x71 build/obj/chregistry.o
 .comment       0x00000000       0x71 build/obj/chsem.o
 .comment       0x00000000       0x71 build/obj/chmtx.o
 .comment       0x00000000       0x71 build/obj/chevents.o
 .comment       0x00000000       0x71 build/obj/chqueues.o
 .comment       0x00000000       0x71 build/obj/chmemcore.o
 .comment       0x00000000       0x71 build/obj/chheap.o
 .comment       0x00000000       0x71 build/obj/hal.o
 .comment       0x00000000       0x71 build/obj/adc.o
 .comment       0x00000000       0x71 build/obj/can.o
 .comment       0x00000000       0x71 build/obj/pwm.o
 .comment       0x00000000       0x71 build/obj/serial.o
 .comment       0x00000000       0x71 build/obj/spi.o
 .comment       0x00000000       0x71 build/obj/stm32_dma.o
 .comment       0x00000000       0x71 build/obj/hal_lld.o
 .comment       0x00000000       0x71 build/obj/adc_lld.o
 .comment       0x00000000       0x71 build/obj/can_lld.o
 .comment       0x00000000       0x71 build/obj/pal_lld.o
 .comment       0x00000000       0x71 build/obj/spi_lld.o
 .comment       0x00000000       0x71 build/obj/pwm_lld.o
 .comment       0x00000000       0x71 build/obj/serial_lld.o
 .comment       0x00000000       0x71 build/obj/board.o
 .comment       0x00000000       0x71 build/obj/can_comm.o
 .comment       0x00000000       0x71 build/obj/ds18b20.o
 .comment       0x00000000       0x71 build/obj/main.o
 .comment       0x00000000       0x71 build/obj/light.o

.ARM.attributes
                0x00000000       0x33
 .ARM.attributes
                0x00000000       0x33 build/obj/crt0.o
 .ARM.attributes
                0x00000033       0x33 build/obj/vectors.o
 .ARM.attributes
                0x00000066       0x33 build/obj/chcore_v7m.o
 .ARM.attributes
                0x00000099       0x33 build/obj/nvic.o
 .ARM.attributes
                0x000000cc       0x33 build/obj/chsys.o
 .ARM.attributes
                0x000000ff       0x33 build/obj/chvt.o
 .ARM.attributes
                0x00000132       0x33 build/obj/chschd.o
 .ARM.attributes
                0x00000165       0x33 build/obj/chthreads.o
 .ARM.attributes
                0x00000198       0x33 build/obj/chregistry.o
 .ARM.attributes
                0x000001cb       0x33 build/obj/chsem.o
 .ARM.attributes
                0x000001fe       0x33 build/obj/chmtx.o
 .ARM.attributes
                0x00000231       0x33 build/obj/chevents.o
 .ARM.attributes
                0x00000264       0x33 build/obj/chqueues.o
 .ARM.attributes
                0x00000297       0x33 build/obj/chmemcore.o
 .ARM.attributes
                0x000002ca       0x33 build/obj/chheap.o
 .ARM.attributes
                0x000002fd       0x33 build/obj/hal.o
 .ARM.attributes
                0x00000330       0x33 build/obj/adc.o
 .ARM.attributes
                0x00000363       0x33 build/obj/can.o
 .ARM.attributes
                0x00000396       0x33 build/obj/pwm.o
 .ARM.attributes
                0x000003c9       0x33 build/obj/serial.o
 .ARM.attributes
                0x000003fc       0x33 build/obj/spi.o
 .ARM.attributes
                0x0000042f       0x33 build/obj/stm32_dma.o
 .ARM.attributes
                0x00000462       0x33 build/obj/hal_lld.o
 .ARM.attributes
                0x00000495       0x33 build/obj/adc_lld.o
 .ARM.attributes
                0x000004c8       0x33 build/obj/can_lld.o
 .ARM.attributes
                0x000004fb       0x33 build/obj/pal_lld.o
 .ARM.attributes
                0x0000052e       0x33 build/obj/spi_lld.o
 .ARM.attributes
                0x00000561       0x33 build/obj/pwm_lld.o
 .ARM.attributes
                0x00000594       0x33 build/obj/serial_lld.o
 .ARM.attributes
                0x000005c7       0x33 build/obj/board.o
 .ARM.attributes
                0x000005fa       0x33 build/obj/can_comm.o
 .ARM.attributes
                0x0000062d       0x33 build/obj/ds18b20.o
 .ARM.attributes
                0x00000660       0x33 build/obj/main.o
 .ARM.attributes
                0x00000693       0x33 build/obj/light.o
 .ARM.attributes
                0x000006c6       0x1e c:/chibistudio/tools/gnu tools arm embedded/4.7 2014q2/bin/../lib/gcc/arm-none-eabi/4.7.4/armv7e-m\libgcc.a(_arm_addsubsf3.o)
 .ARM.attributes
                0x000006e4       0x1e c:/chibistudio/tools/gnu tools arm embedded/4.7 2014q2/bin/../lib/gcc/arm-none-eabi/4.7.4/armv7e-m\libgcc.a(_arm_muldivsf3.o)

.debug_frame    0x00000000     0x1d20
 .debug_frame   0x00000000       0x50 build/obj/crt0.o
 .debug_frame   0x00000050       0x20 build/obj/vectors.o
 .debug_frame   0x00000070       0x98 build/obj/chcore_v7m.o
 .debug_frame   0x00000108       0x64 build/obj/nvic.o
 .debug_frame   0x0000016c       0x5c build/obj/chsys.o
 .debug_frame   0x000001c8       0x4c build/obj/chvt.o
 .debug_frame   0x00000214       0xf0 build/obj/chschd.o
 .debug_frame   0x00000304      0x160 build/obj/chthreads.o
 .debug_frame   0x00000464       0x3c build/obj/chregistry.o
 .debug_frame   0x000004a0      0x140 build/obj/chsem.o
 .debug_frame   0x000005e0       0xe4 build/obj/chmtx.o
 .debug_frame   0x000006c4      0x1e0 build/obj/chevents.o
 .debug_frame   0x000008a4      0x170 build/obj/chqueues.o
 .debug_frame   0x00000a14       0x50 build/obj/chmemcore.o
 .debug_frame   0x00000a64       0x98 build/obj/chheap.o
 .debug_frame   0x00000afc       0x4c build/obj/hal.o
 .debug_frame   0x00000b48      0x118 build/obj/adc.o
 .debug_frame   0x00000c60      0x10c build/obj/can.o
 .debug_frame   0x00000d6c       0xb0 build/obj/pwm.o
 .debug_frame   0x00000e1c      0x13c build/obj/serial.o
 .debug_frame   0x00000f58      0x1a8 build/obj/spi.o
 .debug_frame   0x00001100      0x244 build/obj/stm32_dma.o
 .debug_frame   0x00001344       0x3c build/obj/hal_lld.o
 .debug_frame   0x00001380      0x120 build/obj/adc_lld.o
 .debug_frame   0x000014a0      0x184 build/obj/can_lld.o
 .debug_frame   0x00001624       0x4c build/obj/pal_lld.o
 .debug_frame   0x00001670      0x140 build/obj/spi_lld.o
 .debug_frame   0x000017b0       0xc8 build/obj/pwm_lld.o
 .debug_frame   0x00001878      0x10c build/obj/serial_lld.o
 .debug_frame   0x00001984       0x30 build/obj/board.o
 .debug_frame   0x000019b4       0x54 build/obj/can_comm.o
 .debug_frame   0x00001a08      0x208 build/obj/ds18b20.o
 .debug_frame   0x00001c10       0xc0 build/obj/main.o
 .debug_frame   0x00001cd0       0x50 build/obj/light.o

.debug_loc      0x00000000     0x7507
 .debug_loc     0x00000000      0x10c build/obj/chcore_v7m.o
 .debug_loc     0x0000010c      0x1ca build/obj/nvic.o
 .debug_loc     0x000002d6       0xe2 build/obj/chsys.o
 .debug_loc     0x000003b8       0xb8 build/obj/chvt.o
 .debug_loc     0x00000470      0x33e build/obj/chschd.o
 .debug_loc     0x000007ae      0x519 build/obj/chthreads.o
 .debug_loc     0x00000cc7       0xb7 build/obj/chregistry.o
 .debug_loc     0x00000d7e      0x696 build/obj/chsem.o
 .debug_loc     0x00001414      0x4c2 build/obj/chmtx.o
 .debug_loc     0x000018d6      0x905 build/obj/chevents.o
 .debug_loc     0x000021db      0x8cf build/obj/chqueues.o
 .debug_loc     0x00002aaa      0x114 build/obj/chmemcore.o
 .debug_loc     0x00002bbe      0x318 build/obj/chheap.o
 .debug_loc     0x00002ed6       0xa7 build/obj/hal.o
 .debug_loc     0x00002f7d      0x523 build/obj/adc.o
 .debug_loc     0x000034a0      0x44e build/obj/can.o
 .debug_loc     0x000038ee      0x28f build/obj/pwm.o
 .debug_loc     0x00003b7d      0x587 build/obj/serial.o
 .debug_loc     0x00004104      0x793 build/obj/spi.o
 .debug_loc     0x00004897      0x58a build/obj/stm32_dma.o
 .debug_loc     0x00004e21       0x20 build/obj/hal_lld.o
 .debug_loc     0x00004e41      0x44a build/obj/adc_lld.o
 .debug_loc     0x0000528b      0x853 build/obj/can_lld.o
 .debug_loc     0x00005ade      0x2e7 build/obj/pal_lld.o
 .debug_loc     0x00005dc5      0x44e build/obj/spi_lld.o
 .debug_loc     0x00006213      0x2e7 build/obj/pwm_lld.o
 .debug_loc     0x000064fa      0x41c build/obj/serial_lld.o
 .debug_loc     0x00006916       0x79 build/obj/can_comm.o
 .debug_loc     0x0000698f      0xa69 build/obj/ds18b20.o
 .debug_loc     0x000073f8      0x10f build/obj/main.o

Cross Reference Table

Symbol                                            File
ADCD1                                             build/obj/adc_lld.o
BusFaultVector                                    build/obj/vectors.o
CAND1                                             build/obj/can_lld.o
                                                  build/obj/can_comm.o
DS18B20_GetROM                                    build/obj/ds18b20.o
DS18B20_GetTemp                                   build/obj/ds18b20.o
                                                  build/obj/main.o
DS18B20_Init                                      build/obj/ds18b20.o
                                                  build/obj/main.o
DS18B20_SERIAL_NUMBER                             build/obj/ds18b20.o
DS18B20_ScanBus                                   build/obj/ds18b20.o
DS18B20_StartConversion                           build/obj/ds18b20.o
DebugMonitorVector                                build/obj/vectors.o
HardFaultVector                                   build/obj/vectors.o
MemManageVector                                   build/obj/vectors.o
NMIVector                                         build/obj/vectors.o
OneWire_DataPinInput                              build/obj/ds18b20.o
OneWire_DataPinOutput                             build/obj/ds18b20.o
OneWire_FindROM                                   build/obj/ds18b20.o
OneWire_GetBusLine                                build/obj/ds18b20.o
OneWire_ReadBit                                   build/obj/ds18b20.o
OneWire_ReadByte                                  build/obj/ds18b20.o
OneWire_Reset                                     build/obj/ds18b20.o
OneWire_SearchROM                                 build/obj/ds18b20.o
OneWire_SetBusLine                                build/obj/ds18b20.o
OneWire_WriteBit                                  build/obj/ds18b20.o
OneWire_WriteByte                                 build/obj/ds18b20.o
PWMD1                                             build/obj/pwm_lld.o
                                                  build/obj/light.o
PendSVVector                                      build/obj/vectors.o
ResetHandler                                      build/obj/crt0.o
                                                  build/obj/vectors.o
SD1                                               build/obj/serial_lld.o
                                                  build/obj/main.o
                                                  build/obj/console.o
SD2                                               build/obj/serial_lld.o
SD6                                               build/obj/serial_lld.o
SPID2                                             build/obj/spi_lld.o
SVCallVector                                      build/obj/chcore_v7m.o
                                                  build/obj/vectors.o
SensorCount                                       build/obj/ds18b20.o
SysTickVector                                     build/obj/chcore_v7m.o
                                                  build/obj/vectors.o
TestThread                                        build/obj/test.o
                                                  build/obj/console.o
UsageFaultVector                                  build/obj/vectors.o
Vector100                                         build/obj/vectors.o
Vector104                                         build/obj/vectors.o
Vector108                                         build/obj/vectors.o
Vector10C                                         build/obj/vectors.o
Vector110                                         build/obj/vectors.o
Vector114                                         build/obj/vectors.o
Vector118                                         build/obj/vectors.o
Vector11C                                         build/obj/vectors.o
Vector120                                         build/obj/stm32_dma.o
                                                  build/obj/vectors.o
Vector124                                         build/obj/stm32_dma.o
                                                  build/obj/vectors.o
Vector128                                         build/obj/stm32_dma.o
                                                  build/obj/vectors.o
Vector12C                                         build/obj/stm32_dma.o
                                                  build/obj/vectors.o
Vector130                                         build/obj/stm32_dma.o
                                                  build/obj/vectors.o
Vector134                                         build/obj/vectors.o
Vector138                                         build/obj/vectors.o
Vector13C                                         build/obj/vectors.o
Vector140                                         build/obj/vectors.o
Vector144                                         build/obj/vectors.o
Vector148                                         build/obj/vectors.o
Vector14C                                         build/obj/vectors.o
Vector150                                         build/obj/stm32_dma.o
                                                  build/obj/vectors.o
Vector154                                         build/obj/stm32_dma.o
                                                  build/obj/vectors.o
Vector158                                         build/obj/stm32_dma.o
                                                  build/obj/vectors.o
Vector15C                                         build/obj/serial_lld.o
                                                  build/obj/vectors.o
Vector160                                         build/obj/vectors.o
Vector164                                         build/obj/vectors.o
Vector168                                         build/obj/vectors.o
Vector16C                                         build/obj/vectors.o
Vector170                                         build/obj/vectors.o
Vector174                                         build/obj/vectors.o
Vector178                                         build/obj/vectors.o
Vector17C                                         build/obj/vectors.o
Vector180                                         build/obj/vectors.o
Vector184                                         build/obj/vectors.o
Vector188                                         build/obj/vectors.o
Vector18C                                         build/obj/vectors.o
Vector190                                         build/obj/vectors.o
Vector194                                         build/obj/vectors.o
Vector198                                         build/obj/vectors.o
Vector19C                                         build/obj/vectors.o
Vector1A0                                         build/obj/vectors.o
Vector1A4                                         build/obj/vectors.o
Vector1A8                                         build/obj/vectors.o
Vector1C                                          build/obj/vectors.o
Vector20                                          build/obj/vectors.o
Vector24                                          build/obj/vectors.o
Vector28                                          build/obj/vectors.o
Vector34                                          build/obj/vectors.o
Vector40                                          build/obj/vectors.o
Vector44                                          build/obj/vectors.o
Vector48                                          build/obj/vectors.o
Vector4C                                          build/obj/vectors.o
Vector50                                          build/obj/vectors.o
Vector54                                          build/obj/vectors.o
Vector58                                          build/obj/vectors.o
Vector5C                                          build/obj/vectors.o
Vector60                                          build/obj/vectors.o
Vector64                                          build/obj/vectors.o
Vector68                                          build/obj/vectors.o
Vector6C                                          build/obj/stm32_dma.o
                                                  build/obj/vectors.o
Vector70                                          build/obj/stm32_dma.o
                                                  build/obj/vectors.o
Vector74                                          build/obj/stm32_dma.o
                                                  build/obj/vectors.o
Vector78                                          build/obj/stm32_dma.o
                                                  build/obj/vectors.o
Vector7C                                          build/obj/stm32_dma.o
                                                  build/obj/vectors.o
Vector80                                          build/obj/stm32_dma.o
                                                  build/obj/vectors.o
Vector84                                          build/obj/stm32_dma.o
                                                  build/obj/vectors.o
Vector88                                          build/obj/adc_lld.o
                                                  build/obj/vectors.o
Vector8C                                          build/obj/can_lld.o
                                                  build/obj/vectors.o
Vector90                                          build/obj/can_lld.o
                                                  build/obj/vectors.o
Vector94                                          build/obj/can_lld.o
                                                  build/obj/vectors.o
Vector98                                          build/obj/can_lld.o
                                                  build/obj/vectors.o
Vector9C                                          build/obj/vectors.o
VectorA0                                          build/obj/vectors.o
VectorA4                                          build/obj/pwm_lld.o
                                                  build/obj/vectors.o
VectorA8                                          build/obj/vectors.o
VectorAC                                          build/obj/pwm_lld.o
                                                  build/obj/vectors.o
VectorB0                                          build/obj/vectors.o
VectorB4                                          build/obj/vectors.o
VectorB8                                          build/obj/vectors.o
VectorBC                                          build/obj/vectors.o
VectorC0                                          build/obj/vectors.o
VectorC4                                          build/obj/vectors.o
VectorC8                                          build/obj/vectors.o
VectorCC                                          build/obj/vectors.o
VectorD0                                          build/obj/vectors.o
VectorD4                                          build/obj/serial_lld.o
                                                  build/obj/vectors.o
VectorD8                                          build/obj/serial_lld.o
                                                  build/obj/vectors.o
VectorDC                                          build/obj/vectors.o
VectorE0                                          build/obj/vectors.o
VectorE4                                          build/obj/vectors.o
VectorE8                                          build/obj/vectors.o
VectorEC                                          build/obj/vectors.o
VectorF0                                          build/obj/vectors.o
VectorF4                                          build/obj/vectors.o
VectorF8                                          build/obj/vectors.o
VectorFC                                          build/obj/stm32_dma.o
                                                  build/obj/vectors.o
__addsf3                                          c:/chibistudio/tools/gnu tools arm embedded/4.7 2014q2/bin/../lib/gcc/arm-none-eabi/4.7.4/armv7e-m\libgcc.a(_arm_addsubsf3.o)
__aeabi_fadd                                      c:/chibistudio/tools/gnu tools arm embedded/4.7 2014q2/bin/../lib/gcc/arm-none-eabi/4.7.4/armv7e-m\libgcc.a(_arm_addsubsf3.o)
__aeabi_fdiv                                      c:/chibistudio/tools/gnu tools arm embedded/4.7 2014q2/bin/../lib/gcc/arm-none-eabi/4.7.4/armv7e-m\libgcc.a(_arm_muldivsf3.o)
__aeabi_fmul                                      c:/chibistudio/tools/gnu tools arm embedded/4.7 2014q2/bin/../lib/gcc/arm-none-eabi/4.7.4/armv7e-m\libgcc.a(_arm_muldivsf3.o)
                                                  build/obj/ds18b20.o
__aeabi_frsub                                     c:/chibistudio/tools/gnu tools arm embedded/4.7 2014q2/bin/../lib/gcc/arm-none-eabi/4.7.4/armv7e-m\libgcc.a(_arm_addsubsf3.o)
__aeabi_fsub                                      c:/chibistudio/tools/gnu tools arm embedded/4.7 2014q2/bin/../lib/gcc/arm-none-eabi/4.7.4/armv7e-m\libgcc.a(_arm_addsubsf3.o)
__aeabi_i2f                                       c:/chibistudio/tools/gnu tools arm embedded/4.7 2014q2/bin/../lib/gcc/arm-none-eabi/4.7.4/armv7e-m\libgcc.a(_arm_addsubsf3.o)
                                                  build/obj/ds18b20.o
__aeabi_l2f                                       c:/chibistudio/tools/gnu tools arm embedded/4.7 2014q2/bin/../lib/gcc/arm-none-eabi/4.7.4/armv7e-m\libgcc.a(_arm_addsubsf3.o)
__aeabi_ui2f                                      c:/chibistudio/tools/gnu tools arm embedded/4.7 2014q2/bin/../lib/gcc/arm-none-eabi/4.7.4/armv7e-m\libgcc.a(_arm_addsubsf3.o)
__aeabi_ul2f                                      c:/chibistudio/tools/gnu tools arm embedded/4.7 2014q2/bin/../lib/gcc/arm-none-eabi/4.7.4/armv7e-m\libgcc.a(_arm_addsubsf3.o)
__divsf3                                          c:/chibistudio/tools/gnu tools arm embedded/4.7 2014q2/bin/../lib/gcc/arm-none-eabi/4.7.4/armv7e-m\libgcc.a(_arm_muldivsf3.o)
__early_init                                      build/obj/board.o
                                                  build/obj/crt0.o
__fini_array_end                                  build/obj/crt0.o
__fini_array_start                                build/obj/crt0.o
__floatdisf                                       c:/chibistudio/tools/gnu tools arm embedded/4.7 2014q2/bin/../lib/gcc/arm-none-eabi/4.7.4/armv7e-m\libgcc.a(_arm_addsubsf3.o)
__floatsisf                                       c:/chibistudio/tools/gnu tools arm embedded/4.7 2014q2/bin/../lib/gcc/arm-none-eabi/4.7.4/armv7e-m\libgcc.a(_arm_addsubsf3.o)
__floatundisf                                     c:/chibistudio/tools/gnu tools arm embedded/4.7 2014q2/bin/../lib/gcc/arm-none-eabi/4.7.4/armv7e-m\libgcc.a(_arm_addsubsf3.o)
__floatunsisf                                     c:/chibistudio/tools/gnu tools arm embedded/4.7 2014q2/bin/../lib/gcc/arm-none-eabi/4.7.4/armv7e-m\libgcc.a(_arm_addsubsf3.o)
__heap_base__                                     build/obj/chmemcore.o
__heap_end__                                      build/obj/chmemcore.o
__init_array_end                                  build/obj/crt0.o
__init_array_start                                build/obj/crt0.o
__late_init                                       build/obj/crt0.o
__main_stack_base__                               build/obj/crt0.o
__main_stack_end__                                build/obj/vectors.o
                                                  build/obj/crt0.o
__malloc_av_                                      c:/chibistudio/tools/gnu tools arm embedded/4.7 2014q2/bin/../lib/gcc/arm-none-eabi/4.7.4/../../../../arm-none-eabi/lib/armv7e-m\libg.a(lib_a-mallocr.o)
                                                  c:/chibistudio/tools/gnu tools arm embedded/4.7 2014q2/bin/../lib/gcc/arm-none-eabi/4.7.4/../../../../arm-none-eabi/lib/armv7e-m\libg.a(lib_a-freer.o)
__malloc_current_mallinfo                         c:/chibistudio/tools/gnu tools arm embedded/4.7 2014q2/bin/../lib/gcc/arm-none-eabi/4.7.4/../../../../arm-none-eabi/lib/armv7e-m\libg.a(lib_a-mallocr.o)
                                                  c:/chibistudio/tools/gnu tools arm embedded/4.7 2014q2/bin/../lib/gcc/arm-none-eabi/4.7.4/../../../../arm-none-eabi/lib/armv7e-m\libg.a(lib_a-freer.o)
__malloc_lock                                     c:/chibistudio/tools/gnu tools arm embedded/4.7 2014q2/bin/../lib/gcc/arm-none-eabi/4.7.4/../../../../arm-none-eabi/lib/armv7e-m\libg.a(lib_a-mlock.o)
                                                  c:/chibistudio/tools/gnu tools arm embedded/4.7 2014q2/bin/../lib/gcc/arm-none-eabi/4.7.4/../../../../arm-none-eabi/lib/armv7e-m\libg.a(lib_a-mallocr.o)
                                                  c:/chibistudio/tools/gnu tools arm embedded/4.7 2014q2/bin/../lib/gcc/arm-none-eabi/4.7.4/../../../../arm-none-eabi/lib/armv7e-m\libg.a(lib_a-freer.o)
__malloc_max_sbrked_mem                           c:/chibistudio/tools/gnu tools arm embedded/4.7 2014q2/bin/../lib/gcc/arm-none-eabi/4.7.4/../../../../arm-none-eabi/lib/armv7e-m\libg.a(lib_a-mallocr.o)
__malloc_max_total_mem                            c:/chibistudio/tools/gnu tools arm embedded/4.7 2014q2/bin/../lib/gcc/arm-none-eabi/4.7.4/../../../../arm-none-eabi/lib/armv7e-m\libg.a(lib_a-mallocr.o)
__malloc_sbrk_base                                c:/chibistudio/tools/gnu tools arm embedded/4.7 2014q2/bin/../lib/gcc/arm-none-eabi/4.7.4/../../../../arm-none-eabi/lib/armv7e-m\libg.a(lib_a-mallocr.o)
                                                  c:/chibistudio/tools/gnu tools arm embedded/4.7 2014q2/bin/../lib/gcc/arm-none-eabi/4.7.4/../../../../arm-none-eabi/lib/armv7e-m\libg.a(lib_a-freer.o)
__malloc_top_pad                                  c:/chibistudio/tools/gnu tools arm embedded/4.7 2014q2/bin/../lib/gcc/arm-none-eabi/4.7.4/../../../../arm-none-eabi/lib/armv7e-m\libg.a(lib_a-mallocr.o)
                                                  c:/chibistudio/tools/gnu tools arm embedded/4.7 2014q2/bin/../lib/gcc/arm-none-eabi/4.7.4/../../../../arm-none-eabi/lib/armv7e-m\libg.a(lib_a-freer.o)
__malloc_trim_threshold                           c:/chibistudio/tools/gnu tools arm embedded/4.7 2014q2/bin/../lib/gcc/arm-none-eabi/4.7.4/../../../../arm-none-eabi/lib/armv7e-m\libg.a(lib_a-mallocr.o)
                                                  c:/chibistudio/tools/gnu tools arm embedded/4.7 2014q2/bin/../lib/gcc/arm-none-eabi/4.7.4/../../../../arm-none-eabi/lib/armv7e-m\libg.a(lib_a-freer.o)
__malloc_unlock                                   c:/chibistudio/tools/gnu tools arm embedded/4.7 2014q2/bin/../lib/gcc/arm-none-eabi/4.7.4/../../../../arm-none-eabi/lib/armv7e-m\libg.a(lib_a-mlock.o)
                                                  c:/chibistudio/tools/gnu tools arm embedded/4.7 2014q2/bin/../lib/gcc/arm-none-eabi/4.7.4/../../../../arm-none-eabi/lib/armv7e-m\libg.a(lib_a-mallocr.o)
                                                  c:/chibistudio/tools/gnu tools arm embedded/4.7 2014q2/bin/../lib/gcc/arm-none-eabi/4.7.4/../../../../arm-none-eabi/lib/armv7e-m\libg.a(lib_a-freer.o)
__mulsf3                                          c:/chibistudio/tools/gnu tools arm embedded/4.7 2014q2/bin/../lib/gcc/arm-none-eabi/4.7.4/armv7e-m\libgcc.a(_arm_muldivsf3.o)
__process_stack_base__                            build/obj/crt0.o
__process_stack_end__                             build/obj/crt0.o
__subsf3                                          c:/chibistudio/tools/gnu tools arm embedded/4.7 2014q2/bin/../lib/gcc/arm-none-eabi/4.7.4/armv7e-m\libgcc.a(_arm_addsubsf3.o)
_bss_end                                          build/obj/crt0.o
_bss_start                                        build/obj/crt0.o
_core_init                                        build/obj/chmemcore.o
                                                  build/obj/chsys.o
_data                                             build/obj/crt0.o
_default_exit                                     build/obj/crt0.o
_edata                                            build/obj/crt0.o
_exit                                             build/obj/console.o
_free_r                                           c:/chibistudio/tools/gnu tools arm embedded/4.7 2014q2/bin/../lib/gcc/arm-none-eabi/4.7.4/../../../../arm-none-eabi/lib/armv7e-m\libg.a(lib_a-freer.o)
                                                  c:/chibistudio/tools/gnu tools arm embedded/4.7 2014q2/bin/../lib/gcc/arm-none-eabi/4.7.4/../../../../arm-none-eabi/lib/armv7e-m\libg.a(lib_a-mallocr.o)
                                                  c:/chibistudio/tools/gnu tools arm embedded/4.7 2014q2/bin/../lib/gcc/arm-none-eabi/4.7.4/../../../../arm-none-eabi/lib/armv7e-m\libg.a(lib_a-reent.o)
_getpid                                           build/obj/console.o
_global_impure_ptr                                c:/chibistudio/tools/gnu tools arm embedded/4.7 2014q2/bin/../lib/gcc/arm-none-eabi/4.7.4/../../../../arm-none-eabi/lib/armv7e-m\libg.a(lib_a-impure.o)
_heap_init                                        build/obj/chheap.o
                                                  build/obj/chsys.o
_idle_thread                                      build/obj/chsys.o
_idle_thread_wa                                   build/obj/chsys.o
_impure_ptr                                       c:/chibistudio/tools/gnu tools arm embedded/4.7 2014q2/bin/../lib/gcc/arm-none-eabi/4.7.4/../../../../arm-none-eabi/lib/armv7e-m\libg.a(lib_a-impure.o)
                                                  c:/chibistudio/tools/gnu tools arm embedded/4.7 2014q2/bin/../lib/gcc/arm-none-eabi/4.7.4/../../../../arm-none-eabi/lib/armv7e-m\libg.a(lib_a-reent.o)
_kill                                             build/obj/console.o
_malloc_r                                         c:/chibistudio/tools/gnu tools arm embedded/4.7 2014q2/bin/../lib/gcc/arm-none-eabi/4.7.4/../../../../arm-none-eabi/lib/armv7e-m\libg.a(lib_a-mallocr.o)
_malloc_trim_r                                    c:/chibistudio/tools/gnu tools arm embedded/4.7 2014q2/bin/../lib/gcc/arm-none-eabi/4.7.4/../../../../arm-none-eabi/lib/armv7e-m\libg.a(lib_a-freer.o)
_pal_lld_init                                     build/obj/pal_lld.o
                                                  build/obj/hal.o
_pal_lld_setgroupmode                             build/obj/pal_lld.o
                                                  build/obj/main.o
                                                  build/obj/ds18b20.o
                                                  build/obj/pal.o
_port_init                                        build/obj/chcore_v7m.o
                                                  build/obj/chsys.o
_port_irq_epilogue                                build/obj/chcore_v7m.o
                                                  build/obj/serial_lld.o
                                                  build/obj/pwm_lld.o
                                                  build/obj/can_lld.o
                                                  build/obj/adc_lld.o
                                                  build/obj/stm32_dma.o
_port_switch                                      build/obj/chcore_v7m.o
                                                  build/obj/chschd.o
_port_switch_from_isr                             build/obj/chcore_v7m.o
_port_thread_start                                build/obj/chcore_v7m.o
                                                  build/obj/chthreads.o
_reclaim_reent                                    c:/chibistudio/tools/gnu tools arm embedded/4.7 2014q2/bin/../lib/gcc/arm-none-eabi/4.7.4/../../../../arm-none-eabi/lib/armv7e-m\libg.a(lib_a-reent.o)
_sbrk                                             c:/chibistudio/tools/gnu tools arm embedded/4.7 2014q2/bin/../lib/gcc/arm-none-eabi/4.7.4/../../../../arm-none-eabi/lib/armv7e-m\libg.a(lib_a-sbrkr.o)
_sbrk_r                                           c:/chibistudio/tools/gnu tools arm embedded/4.7 2014q2/bin/../lib/gcc/arm-none-eabi/4.7.4/../../../../arm-none-eabi/lib/armv7e-m\libg.a(lib_a-sbrkr.o)
                                                  c:/chibistudio/tools/gnu tools arm embedded/4.7 2014q2/bin/../lib/gcc/arm-none-eabi/4.7.4/../../../../arm-none-eabi/lib/armv7e-m\libg.a(lib_a-mallocr.o)
                                                  c:/chibistudio/tools/gnu tools arm embedded/4.7 2014q2/bin/../lib/gcc/arm-none-eabi/4.7.4/../../../../arm-none-eabi/lib/armv7e-m\libg.a(lib_a-freer.o)
_scheduler_init                                   build/obj/chschd.o
                                                  build/obj/chsys.o
_stm32_dma_streams                                build/obj/stm32_dma.o
                                                  build/obj/spi_lld.o
                                                  build/obj/adc_lld.o
_test_assert                                      build/obj/test.o
                                                  build/obj/testqueues.o
                                                  build/obj/testdyn.o
                                                  build/obj/testpools.o
                                                  build/obj/testheap.o
                                                  build/obj/testevt.o
                                                  build/obj/testmbox.o
                                                  build/obj/testmtx.o
                                                  build/obj/testsem.o
                                                  build/obj/testthd.o
_test_assert_sequence                             build/obj/test.o
                                                  build/obj/testqueues.o
                                                  build/obj/testdyn.o
                                                  build/obj/testevt.o
                                                  build/obj/testmbox.o
                                                  build/obj/testmsg.o
                                                  build/obj/testmtx.o
                                                  build/obj/testsem.o
                                                  build/obj/testthd.o
_test_assert_time_window                          build/obj/test.o
                                                  build/obj/testevt.o
                                                  build/obj/testmtx.o
                                                  build/obj/testsem.o
                                                  build/obj/testthd.o
_test_fail                                        build/obj/test.o
_textdata                                         build/obj/crt0.o
_thread_init                                      build/obj/chthreads.o
                                                  build/obj/chsys.o
_unhandled_exception                              build/obj/vectors.o
_vectors                                          build/obj/vectors.o
_vt_init                                          build/obj/chvt.o
                                                  build/obj/chsys.o
_wrapup_reent                                     c:/chibistudio/tools/gnu tools arm embedded/4.7 2014q2/bin/../lib/gcc/arm-none-eabi/4.7.4/../../../../arm-none-eabi/lib/armv7e-m\libg.a(lib_a-reent.o)
adcAcquireBus                                     build/obj/adc.o
adcConvert                                        build/obj/adc.o
adcInit                                           build/obj/adc.o
                                                  build/obj/hal.o
adcObjectInit                                     build/obj/adc.o
                                                  build/obj/adc_lld.o
adcReleaseBus                                     build/obj/adc.o
adcSTM32DisableTSVREFE                            build/obj/adc_lld.o
adcSTM32DisableVBATE                              build/obj/adc_lld.o
adcSTM32EnableTSVREFE                             build/obj/adc_lld.o
adcSTM32EnableVBATE                               build/obj/adc_lld.o
adcStart                                          build/obj/adc.o
adcStartConversion                                build/obj/adc.o
adcStartConversionI                               build/obj/adc.o
adcStop                                           build/obj/adc.o
adcStopConversion                                 build/obj/adc.o
adcStopConversionI                                build/obj/adc.o
adc_lld_init                                      build/obj/adc_lld.o
                                                  build/obj/adc.o
adc_lld_start                                     build/obj/adc_lld.o
                                                  build/obj/adc.o
adc_lld_start_conversion                          build/obj/adc_lld.o
                                                  build/obj/adc.o
adc_lld_stop                                      build/obj/adc_lld.o
                                                  build/obj/adc.o
adc_lld_stop_conversion                           build/obj/adc_lld.o
                                                  build/obj/adc.o
boardInit                                         build/obj/board.o
                                                  build/obj/hal.o
canInit                                           build/obj/can.o
                                                  build/obj/hal.o
canObjectInit                                     build/obj/can.o
                                                  build/obj/can_lld.o
canReceive                                        build/obj/can.o
                                                  build/obj/can_comm.o
canSTM32SetFilters                                build/obj/can_lld.o
canSleep                                          build/obj/can.o
canStart                                          build/obj/can.o
                                                  build/obj/can_comm.o
canStop                                           build/obj/can.o
canTransmit                                       build/obj/can.o
canWakeup                                         build/obj/can.o
can_commInit                                      build/obj/can_comm.o
                                                  build/obj/main.o
can_lld_init                                      build/obj/can_lld.o
                                                  build/obj/can.o
can_lld_is_rx_nonempty                            build/obj/can_lld.o
                                                  build/obj/can.o
can_lld_is_tx_empty                               build/obj/can_lld.o
                                                  build/obj/can.o
can_lld_receive                                   build/obj/can_lld.o
                                                  build/obj/can.o
can_lld_sleep                                     build/obj/can_lld.o
                                                  build/obj/can.o
can_lld_start                                     build/obj/can_lld.o
                                                  build/obj/can.o
can_lld_stop                                      build/obj/can_lld.o
                                                  build/obj/can.o
can_lld_transmit                                  build/obj/can_lld.o
                                                  build/obj/can.o
can_lld_wakeup                                    build/obj/can_lld.o
                                                  build/obj/can.o
canstate                                          build/obj/can_comm.o
chCondBroadcast                                   build/obj/chcond.o
                                                  build/obj/testmtx.o
chCondBroadcastI                                  build/obj/chcond.o
chCondInit                                        build/obj/chcond.o
                                                  build/obj/testmtx.o
chCondSignal                                      build/obj/chcond.o
                                                  build/obj/testmtx.o
chCondSignalI                                     build/obj/chcond.o
                                                  build/obj/testmtx.o
chCondWait                                        build/obj/chcond.o
                                                  build/obj/testmtx.o
chCondWaitS                                       build/obj/chcond.o
chCondWaitTimeout                                 build/obj/chcond.o
                                                  build/obj/testmtx.o
chCondWaitTimeoutS                                build/obj/chcond.o
chCoreAlloc                                       build/obj/chmemcore.o
                                                  build/obj/chheap.o
chCoreAllocI                                      build/obj/chmemcore.o
chCoreStatus                                      build/obj/chmemcore.o
                                                  build/obj/console.o
                                                  build/obj/testheap.o
chEvtAddEvents                                    build/obj/chevents.o
                                                  build/obj/testevt.o
chEvtBroadcastFlags                               build/obj/chevents.o
                                                  build/obj/testevt.o
chEvtBroadcastFlagsI                              build/obj/chevents.o
                                                  build/obj/serial_lld.o
                                                  build/obj/can_lld.o
                                                  build/obj/serial.o
                                                  build/obj/can.o
chEvtDispatch                                     build/obj/chevents.o
                                                  build/obj/testevt.o
chEvtGetAndClearEvents                            build/obj/chevents.o
                                                  build/obj/testevt.o
chEvtGetAndClearFlags                             build/obj/chevents.o
chEvtGetAndClearFlagsI                            build/obj/chevents.o
chEvtRegisterMask                                 build/obj/chevents.o
                                                  build/obj/can_comm.o
                                                  build/obj/testevt.o
chEvtSignal                                       build/obj/chevents.o
                                                  build/obj/testevt.o
chEvtSignalI                                      build/obj/chevents.o
chEvtUnregister                                   build/obj/chevents.o
                                                  build/obj/can_comm.o
                                                  build/obj/testevt.o
chEvtWaitAll                                      build/obj/chevents.o
                                                  build/obj/testevt.o
chEvtWaitAllTimeout                               build/obj/chevents.o
                                                  build/obj/testevt.o
chEvtWaitAny                                      build/obj/chevents.o
                                                  build/obj/testevt.o
chEvtWaitAnyTimeout                               build/obj/chevents.o
                                                  build/obj/can_comm.o
                                                  build/obj/testevt.o