Archive member included because of file (symbol)

c:/program files (x86)/codesourcery/sourcery g++ lite/bin/../lib/gcc/arm-none-eabi/4.5.2/thumb2\libgcc.a(_arm_addsubdf3.o)
                              build/obj/one_vire_comm.o (__aeabi_f2d)
c:/program files (x86)/codesourcery/sourcery g++ lite/bin/../lib/gcc/arm-none-eabi/4.5.2/thumb2\libgcc.a(_arm_addsubsf3.o)
                              build/obj/ds18b20.o (__aeabi_i2f)
c:/program files (x86)/codesourcery/sourcery g++ lite/bin/../lib/gcc/arm-none-eabi/4.5.2/thumb2\libgcc.a(_arm_muldivsf3.o)
                              build/obj/ds18b20.o (__aeabi_fmul)
c:/program files (x86)/codesourcery/sourcery g++ lite/bin/../lib/gcc/arm-none-eabi/4.5.2/thumb2\libgcc.a(_arm_fixunssfsi.o)
                              build/obj/one_vire_comm.o (__aeabi_f2uiz)
c:/program files (x86)/codesourcery/sourcery g++ lite/bin/../lib/gcc/arm-none-eabi/4.5.2/../../../../arm-none-eabi/lib/thumb2\libc.a(lib_a-reent.o)
                              build/obj/console.o (errno)
c:/program files (x86)/codesourcery/sourcery g++ lite/bin/../lib/gcc/arm-none-eabi/4.5.2/../../../../arm-none-eabi/lib/thumb2\libc.a(lib_a-strcasecmp.o)
                              build/obj/shell.o (strcasecmp)
c:/program files (x86)/codesourcery/sourcery g++ lite/bin/../lib/gcc/arm-none-eabi/4.5.2/../../../../arm-none-eabi/lib/thumb2\libc.a(lib_a-strpbrk.o)
                              build/obj/shell.o (strpbrk)
c:/program files (x86)/codesourcery/sourcery g++ lite/bin/../lib/gcc/arm-none-eabi/4.5.2/../../../../arm-none-eabi/lib/thumb2\libc.a(lib_a-strspn.o)
                              build/obj/shell.o (strspn)
c:/program files (x86)/codesourcery/sourcery g++ lite/bin/../lib/gcc/arm-none-eabi/4.5.2/../../../../arm-none-eabi/lib/thumb2\libc.a(lib_a-ctype_.o)
                              c:/program files (x86)/codesourcery/sourcery g++ lite/bin/../lib/gcc/arm-none-eabi/4.5.2/../../../../arm-none-eabi/lib/thumb2\libc.a(lib_a-strcasecmp.o) (__ctype_ptr__)
c:/program files (x86)/codesourcery/sourcery g++ lite/bin/../lib/gcc/arm-none-eabi/4.5.2/../../../../arm-none-eabi/lib/thumb2\libc.a(lib_a-freer.o)
                              c:/program files (x86)/codesourcery/sourcery g++ lite/bin/../lib/gcc/arm-none-eabi/4.5.2/../../../../arm-none-eabi/lib/thumb2\libc.a(lib_a-reent.o) (_free_r)
c:/program files (x86)/codesourcery/sourcery g++ lite/bin/../lib/gcc/arm-none-eabi/4.5.2/../../../../arm-none-eabi/lib/thumb2\libc.a(lib_a-impure.o)
                              c:/program files (x86)/codesourcery/sourcery g++ lite/bin/../lib/gcc/arm-none-eabi/4.5.2/../../../../arm-none-eabi/lib/thumb2\libc.a(lib_a-reent.o) (_impure_ptr)
c:/program files (x86)/codesourcery/sourcery g++ lite/bin/../lib/gcc/arm-none-eabi/4.5.2/../../../../arm-none-eabi/lib/thumb2\libc.a(lib_a-mallocr.o)
                              c:/program files (x86)/codesourcery/sourcery g++ lite/bin/../lib/gcc/arm-none-eabi/4.5.2/../../../../arm-none-eabi/lib/thumb2\libc.a(lib_a-freer.o) (__malloc_av_)
c:/program files (x86)/codesourcery/sourcery g++ lite/bin/../lib/gcc/arm-none-eabi/4.5.2/../../../../arm-none-eabi/lib/thumb2\libc.a(lib_a-mlock.o)
                              c:/program files (x86)/codesourcery/sourcery g++ lite/bin/../lib/gcc/arm-none-eabi/4.5.2/../../../../arm-none-eabi/lib/thumb2\libc.a(lib_a-freer.o) (__malloc_lock)
c:/program files (x86)/codesourcery/sourcery g++ lite/bin/../lib/gcc/arm-none-eabi/4.5.2/../../../../arm-none-eabi/lib/thumb2\libc.a(lib_a-sbrkr.o)
                              c:/program files (x86)/codesourcery/sourcery g++ lite/bin/../lib/gcc/arm-none-eabi/4.5.2/../../../../arm-none-eabi/lib/thumb2\libc.a(lib_a-freer.o) (_sbrk_r)

Allocating common symbols
Common symbol       size              file

errno               0x4               c:/program files (x86)/codesourcery/sourcery g++ lite/bin/../lib/gcc/arm-none-eabi/4.5.2/../../../../arm-none-eabi/lib/thumb2\libc.a(lib_a-reent.o)

Discarded input sections

 .text          0x00000000        0x0 build/obj/crt0.o
 .data          0x00000000        0x0 build/obj/crt0.o
 .bss           0x00000000        0x0 build/obj/crt0.o
 .text.__early_init
                0x00000000       0x10 build/obj/crt0.o
 .text          0x00000000        0x0 build/obj/vectors.o
 .data          0x00000000        0x0 build/obj/vectors.o
 .bss           0x00000000        0x0 build/obj/vectors.o
 .text          0x00000000        0x0 build/obj/chcore.o
 .data          0x00000000        0x0 build/obj/chcore.o
 .bss           0x00000000        0x0 build/obj/chcore.o
 .text.port_halt
                0x00000000       0x10 build/obj/chcore.o
 .text          0x00000000        0x0 build/obj/chcore_v7m.o
 .data          0x00000000        0x0 build/obj/chcore_v7m.o
 .bss           0x00000000        0x0 build/obj/chcore_v7m.o
 .text          0x00000000        0x0 build/obj/nvic.o
 .data          0x00000000        0x0 build/obj/nvic.o
 .bss           0x00000000        0x0 build/obj/nvic.o
[...]
Memory Configuration

Name             Origin             Length             Attributes
flash            0x08000000         0x00100000
ram              0x20000000         0x0001c000
ethram           0x2001c000         0x00004000
ccmram           0x10000000         0x00010000
*default*        0x00000000         0xffffffff

Linker script and memory map

LOAD build/obj/crt0.o
LOAD build/obj/vectors.o
LOAD build/obj/chcore.o
LOAD build/obj/chcore_v7m.o
LOAD build/obj/nvic.o
LOAD build/obj/chsys.o
LOAD build/obj/chdebug.o
LOAD build/obj/chlists.o
LOAD build/obj/chvt.o
LOAD build/obj/chschd.o
LOAD build/obj/chthreads.o
LOAD build/obj/chdynamic.o
LOAD build/obj/chregistry.o
LOAD build/obj/chsem.o
LOAD build/obj/chmtx.o
LOAD build/obj/chcond.o
LOAD build/obj/chevents.o
LOAD build/obj/chmsg.o
LOAD build/obj/chmboxes.o
LOAD build/obj/chqueues.o
LOAD build/obj/chmemcore.o
LOAD build/obj/chheap.o
LOAD build/obj/chmempools.o
LOAD build/obj/test.o
LOAD build/obj/testthd.o
LOAD build/obj/testsem.o
LOAD build/obj/testmtx.o
LOAD build/obj/testmsg.o
LOAD build/obj/testmbox.o
LOAD build/obj/testevt.o
LOAD build/obj/testheap.o
LOAD build/obj/testpools.o
LOAD build/obj/testdyn.o
LOAD build/obj/testqueues.o
LOAD build/obj/testbmk.o
LOAD build/obj/hal.o
LOAD build/obj/adc.o
LOAD build/obj/can.o
LOAD build/obj/ext.o
LOAD build/obj/gpt.o
LOAD build/obj/i2c.o
LOAD build/obj/icu.o
LOAD build/obj/mac.o
LOAD build/obj/mmc_spi.o
LOAD build/obj/mmcsd.o
LOAD build/obj/pal.o
LOAD build/obj/pwm.o
LOAD build/obj/rtc.o
LOAD build/obj/sdc.o
LOAD build/obj/serial.o
LOAD build/obj/serial_usb.o
LOAD build/obj/spi.o
LOAD build/obj/tm.o
LOAD build/obj/uart.o
LOAD build/obj/usb.o
LOAD build/obj/stm32_dma.o
LOAD build/obj/hal_lld.o
LOAD build/obj/adc_lld.o
LOAD build/obj/ext_lld_isr.o
LOAD build/obj/can_lld.o
LOAD build/obj/ext_lld.o
LOAD build/obj/mac_lld.o
LOAD build/obj/sdc_lld.o
LOAD build/obj/pal_lld.o
LOAD build/obj/i2c_lld.o
LOAD build/obj/usb_lld.o
LOAD build/obj/rtc_lld.o
LOAD build/obj/spi_lld.o
LOAD build/obj/gpt_lld.o
LOAD build/obj/icu_lld.o
LOAD build/obj/pwm_lld.o
LOAD build/obj/serial_lld.o
LOAD build/obj/uart_lld.o
LOAD build/obj/board.o
LOAD build/obj/chprintf.o
LOAD build/obj/shell.o
LOAD build/obj/console.o
LOAD build/obj/can_comm.o
LOAD build/obj/ds18b20.o
LOAD build/obj/one_vire_comm.o
LOAD build/obj/main.o
LOAD build/obj/light.o
                0x00000400                __main_stack_size__ = 0x400
                0x00000400                __process_stack_size__ = 0x400
                0x20000000                __ram_start__ = 0x20000000
                0x0001c000                __ram_size__ = 0x1c000
                0x2001c000                __ram_end__ = (__ram_start__ + __ram_size__)
                0x00000000                . = 0x0
                0x00000000                _text = .

startup         0x08000000      0x1ac
 *(vectors)
 vectors        0x08000000      0x1ac build/obj/vectors.o
                0x08000000                _vectors

constructors    0x080001ac        0x0
                0x080001ac                PROVIDE (__init_array_start, .)
 *(SORT(.init_array.*))
 *(.init_array)
                0x080001ac                PROVIDE (__init_array_end, .)

destructors     0x080001ac        0x0
                0x080001ac                PROVIDE (__fini_array_start, .)
 *(.fini_array)
 *(SORT(.fini_array.*))
                0x080001ac                PROVIDE (__fini_array_end, .)

.text           0x080001b0     0xbc44
 *(.text.startup.*)
 *(.text)
 .text          0x080001b0      0x370 c:/program files (x86)/codesourcery/sourcery g++ lite/bin/../lib/gcc/arm-none-eabi/4.5.2/thumb2\libgcc.a(_arm_addsubdf3.o)
                0x080001b0                __aeabi_drsub
                0x080001b8                __aeabi_dsub
                0x080001b8                __subdf3
                0x080001bc                __aeabi_dadd
                0x080001bc                __adddf3
                0x08000434                __floatunsidf
                0x08000434                __aeabi_ui2d
                0x08000454                __floatsidf
                0x08000454                __aeabi_i2d
                0x08000478                __aeabi_f2d
                0x08000478                __extendsfdf2
                0x080004b4                __floatundidf
                0x080004b4                __aeabi_ul2d
                0x080004c4                __floatdidf
                0x080004c4                __aeabi_l2d
 .text          0x08000520      0x21c c:/program files (x86)/codesourcery/sourcery g++ lite/bin/../lib/gcc/arm-none-eabi/4.5.2/thumb2\libgcc.a(_arm_addsubsf3.o)
                0x08000520                __aeabi_frsub
                0x08000528                __subsf3
                0x08000528                __aeabi_fsub
                0x0800052c                __aeabi_fadd
                0x0800052c                __addsf3
                0x0800068c                __aeabi_ui2f
                0x0800068c                __floatunsisf
                0x08000694                __aeabi_i2f
                0x08000694                __floatsisf
                0x080006b0                __aeabi_ul2f
                0x080006b0                __floatundisf
                0x080006c0                __aeabi_l2f
                0x080006c0                __floatdisf
 *fill*         0x0800073c        0x4 00
 .text          0x08000740      0x2a0 c:/program files (x86)/codesourcery/sourcery g++ lite/bin/../lib/gcc/arm-none-eabi/4.5.2/thumb2\libgcc.a(_arm_muldivsf3.o)
                0x08000740                __mulsf3
                0x08000740                __aeabi_fmul
                0x080008a8                __aeabi_fdiv
                0x080008a8                __divsf3
 .text          0x080009e0       0x40 c:/program files (x86)/codesourcery/sourcery g++ lite/bin/../lib/gcc/arm-none-eabi/4.5.2/thumb2\libgcc.a(_arm_fixunssfsi.o)
                0x080009e0                __fixunssfsi
                0x080009e0                __aeabi_f2uiz
 .text          0x08000a20       0x48 c:/program files (x86)/codesourcery/sourcery g++ lite/bin/../lib/gcc/arm-none-eabi/4.5.2/../../../../arm-none-eabi/lib/thumb2\libc.a(lib_a-strcasecmp.o)
                0x08000a20                strcasecmp
 *fill*         0x08000a68        0x8 00
 .text          0x08000a70       0x54 c:/program files (x86)/codesourcery/sourcery g++ lite/bin/../lib/gcc/arm-none-eabi/4.5.2/../../../../arm-none-eabi/lib/thumb2\libc.a(lib_a-strpbrk.o)
                0x08000a70                strpbrk
 *fill*         0x08000ac4        0xc 00
 .text          0x08000ad0       0x38 c:/program files (x86)/codesourcery/sourcery g++ lite/bin/../lib/gcc/arm-none-eabi/4.5.2/../../../../arm-none-eabi/lib/thumb2\libc.a(lib_a-strspn.o)
                0x08000ad0                strspn
 *(.text.*)
 *fill*         0x08000b08        0x8 00
 .text.__late_init
                0x08000b10       0x10 build/obj/crt0.o
                0x08000b10                __late_init
 .text._default_exit
                0x08000b20       0x10 build/obj/crt0.o
                0x08000b20                _default_exit
 .text.ResetHandler
                0x08000b30      0x1d0 build/obj/crt0.o
                0x08000b30                ResetHandler
 .text._unhandled_exception
                0x08000d00       0x10 build/obj/vectors.o
                0x08000d00                Vector58
                0x08000d00                VectorE8
                0x08000d00                Vector9C
                0x08000d00                Vector1A0
                0x08000d00                Vector5C
                0x08000d00                NMIVector
                0x08000d00                Vector11C
                0x08000d00                Vector19C
                0x08000d00                VectorDC
                0x08000d00                Vector168
                0x08000d00                Vector110
                0x08000d00                VectorC8
                0x08000d00                VectorA8
                0x08000d00                VectorB4
                0x08000d00                Vector160
                0x08000d00                VectorEC
                0x08000d00                UsageFaultVector
                0x08000d00                DebugMonitorVector
                0x08000d00                Vector40
                0x08000d00                VectorF8
                0x08000d00                Vector108
                0x08000d00                VectorBC
                0x08000d00                Vector190
                0x08000d00                Vector148
                0x08000d00                Vector188
                0x08000d00                PendSVVector
                0x08000d00                Vector198
                0x08000d00                Vector118
                0x08000d00                Vector64
                0x08000d00                VectorCC
                0x08000d00                Vector54
                0x08000d00                VectorD8
                0x08000d00                Vector138
                0x08000d00                Vector24
                0x08000d00                Vector178
                0x08000d00                Vector1A4
                0x08000d00                BusFaultVector
                0x08000d00                VectorD0
                0x08000d00                Vector140
                0x08000d00                VectorE4
                0x08000d00                VectorC0
                0x08000d00                HardFaultVector
                0x08000d00                Vector134
                0x08000d00                VectorF0
                0x08000d00                Vector13C
                0x08000d00                Vector100
                0x08000d00                VectorE0
                0x08000d00                VectorF4
                0x08000d00                MemManageVector
                0x08000d00                VectorA0
                0x08000d00                VectorC4
                0x08000d00                Vector180
                0x08000d00                VectorB0
                0x08000d00                Vector114
                0x08000d00                Vector164
                0x08000d00                Vector60
                0x08000d00                Vector1C
                0x08000d00                Vector17C
                0x08000d00                Vector48
                0x08000d00                Vector1A8
                0x08000d00                Vector16C
                0x08000d00                Vector4C
                0x08000d00                Vector144
                0x08000d00                Vector68
                0x08000d00                _unhandled_exception
                0x08000d00                Vector170
                0x08000d00                Vector104
                0x08000d00                Vector184
                0x08000d00                Vector10C
                0x08000d00                Vector50
                0x08000d00                Vector194
                0x08000d00                Vector44
                0x08000d00                Vector28
                0x08000d00                VectorB8
                0x08000d00                Vector34
                0x08000d00                Vector20
                0x08000d00                Vector18C
                0x08000d00                Vector174
 .text._port_switch_from_isr
                0x08000d10       0x10 build/obj/chcore_v7m.o
                0x08000d10                _port_switch_from_isr
 .text.SVCallVector
                0x08000d20       0x20 build/obj/chcore_v7m.o
                0x08000d20                SVCallVector
 .text._port_init
                0x08000d40       0x30 build/obj/chcore_v7m.o
                0x08000d40                _port_init
 .text._port_irq_epilogue
                0x08000d70       0x70 build/obj/chcore_v7m.o
                0x08000d70                _port_irq_epilogue
 .text.SysTickVector
                0x08000de0       0x20 build/obj/chcore_v7m.o
                0x08000de0                SysTickVector
 .text._port_switch
                0x08000e00       0x10 build/obj/chcore_v7m.o
                0x08000e00                _port_switch
 .text._port_thread_start
                0x08000e10       0x10 build/obj/chcore_v7m.o
                0x08000e10                _port_thread_start
 .text.nvicEnableVector
                0x08000e20       0x50 build/obj/nvic.o
                0x08000e20                nvicEnableVector
 .text.nvicSetSystemHandlerPriority
                0x08000e70       0x30 build/obj/nvic.o
                0x08000e70                nvicSetSystemHandlerPriority
 .text._idle_thread
                0x08000ea0       0x20 build/obj/chsys.o
                0x08000ea0                _idle_thread
 .text.chSysInit
                0x08000ec0       0x60 build/obj/chsys.o
                0x08000ec0                chSysInit
 .text.chSysTimerHandlerI
                0x08000f20       0x60 build/obj/chsys.o
                0x08000f20                chSysTimerHandlerI
 .text._vt_init
                0x08000f80       0x20 build/obj/chvt.o
                0x08000f80                _vt_init
 .text.chVTSetI
                0x08000fa0       0x40 build/obj/chvt.o
                0x08000fa0                chVTSetI
 .text.chVTResetI
                0x08000fe0       0x30 build/obj/chvt.o
                0x08000fe0                chVTResetI
 .text.wakeup   0x08001010       0x70 build/obj/chschd.o
 .text._scheduler_init
                0x08001080       0x20 build/obj/chschd.o
                0x08001080                _scheduler_init
 .text.chSchReadyI
                0x080010a0       0x20 build/obj/chschd.o
                0x080010a0                chSchReadyI
 .text.chSchGoSleepS
                0x080010c0       0x30 build/obj/chschd.o
                0x080010c0                chSchGoSleepS
 .text.chSchGoSleepTimeoutS
                0x080010f0       0x40 build/obj/chschd.o
                0x080010f0                chSchGoSleepTimeoutS
 .text.chSchWakeupS
                0x08001130       0x60 build/obj/chschd.o
                0x08001130                chSchWakeupS
 .text.chSchDoRescheduleBehind
                0x08001190       0x40 build/obj/chschd.o
                0x08001190                chSchDoRescheduleBehind
 .text.chSchDoRescheduleAhead
                0x080011d0       0x40 build/obj/chschd.o
                0x080011d0                chSchDoRescheduleAhead
 .text.chSchRescheduleS
                0x08001210       0x20 build/obj/chschd.o
                0x08001210                chSchRescheduleS
 .text.chSchDoReschedule
                0x08001230       0x20 build/obj/chschd.o
                0x08001230                chSchDoReschedule
 .text._thread_init
                0x08001250       0x40 build/obj/chthreads.o
                0x08001250                _thread_init
 .text.chThdCreateI
                0x08001290       0x60 build/obj/chthreads.o
                0x08001290                chThdCreateI
 .text.chThdCreateStatic
                0x080012f0       0x30 build/obj/chthreads.o
                0x080012f0                chThdCreateStatic
 .text.chThdSetPriority
                0x08001320       0x30 build/obj/chthreads.o
                0x08001320                chThdSetPriority
 .text.chThdResume
                0x08001350       0x20 build/obj/chthreads.o
                0x08001350                chThdResume
 .text.chThdTerminate
                0x08001370       0x20 build/obj/chthreads.o
                0x08001370                chThdTerminate
 .text.chThdSleep
                0x08001390       0x20 build/obj/chthreads.o
                0x08001390                chThdSleep
 .text.chThdSleepUntil
                0x080013b0       0x30 build/obj/chthreads.o
                0x080013b0                chThdSleepUntil
 .text.chThdYield
                0x080013e0       0x30 build/obj/chthreads.o
                0x080013e0                chThdYield
 .text.chThdExitS
                0x08001410       0x40 build/obj/chthreads.o
                0x08001410                chThdExitS
 .text.chThdExit
                0x08001450       0x10 build/obj/chthreads.o
                0x08001450                chThdExit
 .text.chThdWait
                0x08001460       0x40 build/obj/chthreads.o
                0x08001460                chThdWait
 .text.chThdAddRef
                0x080014a0       0x20 build/obj/chdynamic.o
                0x080014a0                chThdAddRef
 .text.chThdRelease
                0x080014c0       0x50 build/obj/chdynamic.o
                0x080014c0                chThdRelease
 .text.chThdCreateFromHeap
                0x08001510       0x40 build/obj/chdynamic.o
                0x08001510                chThdCreateFromHeap
 .text.chThdCreateFromMemoryPool
                0x08001550       0x50 build/obj/chdynamic.o
                0x08001550                chThdCreateFromMemoryPool
 .text.chRegFirstThread
                0x080015a0       0x20 build/obj/chregistry.o
                0x080015a0                chRegFirstThread
 .text.chRegNextThread
                0x080015c0       0x40 build/obj/chregistry.o
                0x080015c0                chRegNextThread
 .text.chSemInit
                0x08001600       0x10 build/obj/chsem.o
                0x08001600                chSemInit
 .text.chSemResetI
                0x08001610       0x70 build/obj/chsem.o
                0x08001610                chSemResetI
 .text.chSemReset
                0x08001680       0x20 build/obj/chsem.o
                0x08001680                chSemReset
 .text.chSemWaitS
                0x080016a0       0x40 build/obj/chsem.o
                0x080016a0                chSemWaitS
 .text.chSemWait
                0x080016e0       0x20 build/obj/chsem.o
                0x080016e0                chSemWait
 .text.chSemWaitTimeoutS
                0x08001700       0x40 build/obj/chsem.o
                0x08001700                chSemWaitTimeoutS
 .text.chSemWaitTimeout
                0x08001740       0x20 build/obj/chsem.o
                0x08001740                chSemWaitTimeout
 .text.chSemSignal
                0x08001760       0x40 build/obj/chsem.o
                0x08001760                chSemSignal
 .text.chSemSignalI
                0x080017a0       0x20 build/obj/chsem.o
                0x080017a0                chSemSignalI
 .text.chSemAddCounterI
                0x080017c0       0xa0 build/obj/chsem.o
                0x080017c0                chSemAddCounterI
 .text.chSemSignalWait
                0x08001860       0x70 build/obj/chsem.o
                0x08001860                chSemSignalWait
 .text.chMtxInit
                0x080018d0       0x10 build/obj/chmtx.o
                0x080018d0                chMtxInit
 .text.chMtxLockS
                0x080018e0       0xd0 build/obj/chmtx.o
                0x080018e0                chMtxLockS
 .text.chMtxLock
                0x080019b0       0x20 build/obj/chmtx.o
                0x080019b0                chMtxLock
 .text.chMtxTryLock
                0x080019d0       0x30 build/obj/chmtx.o
                0x080019d0                chMtxTryLock
 .text.chMtxUnlock
                0x08001a00       0x70 build/obj/chmtx.o
                0x08001a00                chMtxUnlock
 .text.chMtxUnlockS
                0x08001a70       0x50 build/obj/chmtx.o
                0x08001a70                chMtxUnlockS
 .text.chMtxUnlockAll
                0x08001ac0       0x60 build/obj/chmtx.o
                0x08001ac0                chMtxUnlockAll
 .text.chCondInit
                0x08001b20       0x10 build/obj/chcond.o
                0x08001b20                chCondInit
 .text.chCondSignal
                0x08001b30       0x30 build/obj/chcond.o
                0x08001b30                chCondSignal
 .text.chCondSignalI
                0x08001b60       0x20 build/obj/chcond.o
                0x08001b60                chCondSignalI
 .text.chCondBroadcastI
                0x08001b80       0x30 build/obj/chcond.o
                0x08001b80                chCondBroadcastI
 .text.chCondBroadcast
                0x08001bb0       0x20 build/obj/chcond.o
                0x08001bb0                chCondBroadcast
 .text.chCondWaitS
                0x08001bd0       0x50 build/obj/chcond.o
                0x08001bd0                chCondWaitS
 .text.chCondWait
                0x08001c20       0x20 build/obj/chcond.o
                0x08001c20                chCondWait
 .text.chCondWaitTimeoutS
                0x08001c40       0x60 build/obj/chcond.o
                0x08001c40                chCondWaitTimeoutS
 .text.chCondWaitTimeout
                0x08001ca0       0x20 build/obj/chcond.o
                0x08001ca0                chCondWaitTimeout
 .text.chEvtRegisterMask
                0x08001cc0       0x30 build/obj/chevents.o
                0x08001cc0                chEvtRegisterMask
 .text.chEvtUnregister
                0x08001cf0       0x30 build/obj/chevents.o
                0x08001cf0                chEvtUnregister
 .text.chEvtGetAndClearEvents
                0x08001d20       0x20 build/obj/chevents.o
                0x08001d20                chEvtGetAndClearEvents
 .text.chEvtAddEvents
                0x08001d40       0x20 build/obj/chevents.o
                0x08001d40                chEvtAddEvents
 .text.chEvtSignalI
                0x08001d60       0x40 build/obj/chevents.o
                0x08001d60                chEvtSignalI
 .text.chEvtSignal
                0x08001da0       0x20 build/obj/chevents.o
                0x08001da0                chEvtSignal
 .text.chEvtBroadcastFlagsI
                0x08001dc0       0x30 build/obj/chevents.o
                0x08001dc0                chEvtBroadcastFlagsI
 .text.chEvtBroadcastFlags
                0x08001df0       0x20 build/obj/chevents.o
                0x08001df0                chEvtBroadcastFlags
 .text.chEvtDispatch
                0x08001e10       0x40 build/obj/chevents.o
                0x08001e10                chEvtDispatch
 .text.chEvtWaitOne
                0x08001e50       0x40 build/obj/chevents.o
                0x08001e50                chEvtWaitOne
 .text.chEvtWaitAny
                0x08001e90       0x40 build/obj/chevents.o
                0x08001e90                chEvtWaitAny
 .text.chEvtWaitAll
                0x08001ed0       0x40 build/obj/chevents.o
                0x08001ed0                chEvtWaitAll
 .text.chEvtWaitOneTimeout
                0x08001f10       0x60 build/obj/chevents.o
                0x08001f10                chEvtWaitOneTimeout
 .text.chEvtWaitAnyTimeout
                0x08001f70       0x50 build/obj/chevents.o
                0x08001f70                chEvtWaitAnyTimeout
 .text.chEvtWaitAllTimeout
                0x08001fc0       0x50 build/obj/chevents.o
                0x08001fc0                chEvtWaitAllTimeout
 .text.chMsgSend
                0x08002010       0x50 build/obj/chmsg.o
                0x08002010                chMsgSend
 .text.chMsgWait
                0x08002060       0x40 build/obj/chmsg.o
                0x08002060                chMsgWait
 .text.chMsgRelease
                0x080020a0       0x20 build/obj/chmsg.o
                0x080020a0                chMsgRelease
 .text.chMBInit
                0x080020c0       0x30 build/obj/chmboxes.o
                0x080020c0                chMBInit
 .text.chMBReset
                0x080020f0       0x40 build/obj/chmboxes.o
                0x080020f0                chMBReset
 .text.chMBPostS
                0x08002130       0x40 build/obj/chmboxes.o
                0x08002130                chMBPostS
 .text.chMBPost
                0x08002170       0x20 build/obj/chmboxes.o
                0x08002170                chMBPost
 .text.chMBPostI
                0x08002190       0x30 build/obj/chmboxes.o
                0x08002190                chMBPostI
 .text.chMBPostAheadS
                0x080021c0       0x40 build/obj/chmboxes.o
                0x080021c0                chMBPostAheadS
 .text.chMBPostAhead
                0x08002200       0x20 build/obj/chmboxes.o
                0x08002200                chMBPostAhead
 .text.chMBPostAheadI
                0x08002220       0x30 build/obj/chmboxes.o
                0x08002220                chMBPostAheadI
 .text.chMBFetchS
                0x08002250       0x40 build/obj/chmboxes.o
                0x08002250                chMBFetchS
 .text.chMBFetch
                0x08002290       0x20 build/obj/chmboxes.o
                0x08002290                chMBFetch
 .text.chMBFetchI
                0x080022b0       0x40 build/obj/chmboxes.o
                0x080022b0                chMBFetchI
 .text.qwait    0x080022f0       0x30 build/obj/chqueues.o
 .text.chIQInit
                0x08002320       0x20 build/obj/chqueues.o
                0x08002320                chIQInit
 .text.chIQResetI
                0x08002340       0x30 build/obj/chqueues.o
                0x08002340                chIQResetI
 .text.chIQPutI
                0x08002370       0x50 build/obj/chqueues.o
                0x08002370                chIQPutI
 .text.chIQGetTimeout
                0x080023c0       0x50 build/obj/chqueues.o
                0x080023c0                chIQGetTimeout
 .text.chIQReadTimeout
                0x08002410       0x80 build/obj/chqueues.o
                0x08002410                chIQReadTimeout
 .text.chOQInit
                0x08002490       0x20 build/obj/chqueues.o
                0x08002490                chOQInit
 .text.chOQResetI
                0x080024b0       0x30 build/obj/chqueues.o
                0x080024b0                chOQResetI
 .text.chOQPutTimeout
                0x080024e0       0x50 build/obj/chqueues.o
                0x080024e0                chOQPutTimeout
 .text.chOQGetI
                0x08002530       0x50 build/obj/chqueues.o
                0x08002530                chOQGetI
 .text.chOQWriteTimeout
                0x08002580       0x80 build/obj/chqueues.o
                0x08002580                chOQWriteTimeout
 .text._core_init
                0x08002600       0x30 build/obj/chmemcore.o
                0x08002600                _core_init
 .text.chCoreAlloc
                0x08002630       0x40 build/obj/chmemcore.o
                0x08002630                chCoreAlloc
 .text.chCoreStatus
                0x08002670       0x20 build/obj/chmemcore.o
                0x08002670                chCoreStatus
 .text._heap_init
                0x08002690       0x20 build/obj/chheap.o
                0x08002690                _heap_init
 .text.chHeapInit
                0x080026b0       0x20 build/obj/chheap.o
                0x080026b0                chHeapInit
 .text.chHeapAlloc
                0x080026d0       0x90 build/obj/chheap.o
                0x080026d0                chHeapAlloc
 .text.chHeapFree
                0x08002760       0x90 build/obj/chheap.o
                0x08002760                chHeapFree
 .text.chHeapStatus
                0x080027f0       0x40 build/obj/chheap.o
                0x080027f0                chHeapStatus
 .text.chPoolInit
                0x08002830       0x10 build/obj/chmempools.o
                0x08002830                chPoolInit
 .text.chPoolLoadArray
                0x08002840       0x80 build/obj/chmempools.o
                0x08002840                chPoolLoadArray
 .text.chPoolAlloc
                0x080028c0       0x30 build/obj/chmempools.o
                0x080028c0                chPoolAlloc
 .text.chPoolFree
                0x080028f0       0x20 build/obj/chmempools.o
                0x080028f0                chPoolFree
 .text.tmr      0x08002910       0x10 build/obj/test.o
 .text.print_line
                0x08002920       0x40 build/obj/test.o
 .text.test_printn
                0x08002960       0x90 build/obj/test.o
                0x08002960                test_printn
 .text.test_print
                0x080029f0       0x20 build/obj/test.o
                0x080029f0                test_print
 .text.test_println
                0x08002a10       0x20 build/obj/test.o
                0x08002a10                test_println
 .text.test_emit_token
                0x08002a30       0x20 build/obj/test.o
                0x08002a30                test_emit_token
 .text._test_assert
                0x08002a50       0x30 build/obj/test.o
                0x08002a50                _test_assert
 .text._test_assert_sequence
                0x08002a80       0x80 build/obj/test.o
                0x08002a80                _test_assert_sequence
 .text._test_assert_time_window
                0x08002b00       0x40 build/obj/test.o
                0x08002b00                _test_assert_time_window
 .text.test_terminate_threads
                0x08002b40       0x40 build/obj/test.o
                0x08002b40                test_terminate_threads
 .text.test_wait_threads
                0x08002b80       0x50 build/obj/test.o
                0x08002b80                test_wait_threads
 .text.test_cpu_pulse
                0x08002bd0       0x50 build/obj/test.o
                0x08002bd0                test_cpu_pulse
 .text.test_wait_tick
                0x08002c20       0x20 build/obj/test.o
                0x08002c20                test_wait_tick
 .text.test_start_timer
                0x08002c40       0x50 build/obj/test.o
                0x08002c40                test_start_timer
 .text.TestThread
                0x08002c90      0x250 build/obj/test.o
                0x08002c90                TestThread
 .text.thd4_execute
                0x08002ee0       0x80 build/obj/testthd.o
 .text.thd3_execute
                0x08002f60      0x150 build/obj/testthd.o
 .text.thd2_execute
                0x080030b0       0xf0 build/obj/testthd.o
 .text.thd1_execute
                0x080031a0       0xe0 build/obj/testthd.o
 .text.thread   0x08003280       0x10 build/obj/testthd.o
 .text.sem3_setup
                0x08003290       0x10 build/obj/testsem.o
 .text.sem2_setup
                0x080032a0       0x10 build/obj/testsem.o
 .text.sem1_setup
                0x080032b0       0x10 build/obj/testsem.o
 .text.sem4_execute
                0x080032c0      0x110 build/obj/testsem.o
 .text.thread4  0x080033d0       0x30 build/obj/testsem.o
 .text.sem3_execute
                0x08003400       0xb0 build/obj/testsem.o
 .text.thread3  0x080034b0       0x20 build/obj/testsem.o
 .text.thread1  0x080034d0       0x20 build/obj/testsem.o
 .text.sem2_execute
                0x080034f0      0x2b0 build/obj/testsem.o
 .text.thread2  0x080037a0       0x30 build/obj/testsem.o
 .text.sem1_execute
                0x080037d0      0x150 build/obj/testsem.o
 .text.mtx8_execute
                0x08003920       0xa0 build/obj/testmtx.o
 .text.thread12
                0x080039c0       0x20 build/obj/testmtx.o
 .text.thread1  0x080039e0       0x20 build/obj/testmtx.o
 .text.thread10
                0x08003a00       0x30 build/obj/testmtx.o
 .text.thread11
                0x08003a30       0x40 build/obj/testmtx.o
 .text.mtx8_setup
                0x08003a70       0x30 build/obj/testmtx.o
 .text.mtx7_setup
                0x08003aa0       0x20 build/obj/testmtx.o
 .text.mtx6_setup
                0x08003ac0       0x20 build/obj/testmtx.o
 .text.mtx5_setup
                0x08003ae0       0x10 build/obj/testmtx.o
 .text.mtx4_setup
                0x08003af0       0x20 build/obj/testmtx.o
 .text.mtx3_setup
                0x08003b10       0x20 build/obj/testmtx.o
 .text.mtx2_setup
                0x08003b30       0x10 build/obj/testmtx.o
 .text.mtx1_setup
                0x08003b40       0x10 build/obj/testmtx.o
 .text.mtx7_execute
                0x08003b50       0xe0 build/obj/testmtx.o
 .text.mtx6_execute
                0x08003c30      0x100 build/obj/testmtx.o
 .text.mtx1_execute
                0x08003d30       0xe0 build/obj/testmtx.o
 .text.mtx5_execute
                0x08003e10       0xd0 build/obj/testmtx.o
 .text.mtx4_execute
                0x08003ee0      0x280 build/obj/testmtx.o
 .text.thread4b
                0x08004160       0x20 build/obj/testmtx.o
 .text.thread4a
                0x08004180       0x20 build/obj/testmtx.o
 .text.mtx3_execute
                0x080041a0       0xf0 build/obj/testmtx.o
 .text.mtx2_execute
                0x08004290       0xb0 build/obj/testmtx.o
 .text.thread3HH
                0x08004340       0x30 build/obj/testmtx.o
 .text.thread3H
                0x08004370       0x20 build/obj/testmtx.o
 .text.thread3M
                0x08004390       0x30 build/obj/testmtx.o
 .text.thread3L
                0x080043c0       0x40 build/obj/testmtx.o
 .text.thread3LL
                0x08004400       0x20 build/obj/testmtx.o
 .text.thread2L
                0x08004420       0x30 build/obj/testmtx.o
 .text.thread2M
                0x08004450       0x20 build/obj/testmtx.o
 .text.thread2H
                0x08004470       0x30 build/obj/testmtx.o
 .text.msg1_execute
                0x080044a0       0x80 build/obj/testmsg.o
 .text.thread   0x08004520       0x20 build/obj/testmsg.o
 .text.mbox1_execute
                0x08004540      0x6f0 build/obj/testmbox.o
 .text.mbox1_setup
                0x08004c30       0x20 build/obj/testmbox.o
 .text.evt3_execute
                0x08004c50       0xb0 build/obj/testevt.o
 .text.evt3_setup
                0x08004d00       0x10 build/obj/testevt.o
 .text.evt2_setup
                0x08004d10       0x10 build/obj/testevt.o
 .text.evt1_setup
                0x08004d20       0x10 build/obj/testevt.o
 .text.evt2_execute
                0x08004d30      0x290 build/obj/testevt.o
 .text.thread2  0x08004fc0       0x30 build/obj/testevt.o
 .text.thread1  0x08004ff0       0x20 build/obj/testevt.o
 .text.evt1_execute
                0x08005010       0x90 build/obj/testevt.o
 .text.h3       0x080050a0       0x10 build/obj/testevt.o
 .text.h2       0x080050b0       0x10 build/obj/testevt.o
 .text.h1       0x080050c0       0x10 build/obj/testevt.o
 .text.heap1_execute
                0x080050d0      0x270 build/obj/testheap.o
 .text.heap1_setup
                0x08005340       0x20 build/obj/testheap.o
 .text.null_provider
                0x08005360       0x10 build/obj/testpools.o
 .text.pools1_execute
                0x08005370      0x170 build/obj/testpools.o
 .text.pools1_setup
                0x080054e0       0x10 build/obj/testpools.o
 .text.regfind  0x080054f0       0x30 build/obj/testdyn.o
 .text.dyn3_execute
                0x08005520      0x150 build/obj/testdyn.o
 .text.thread   0x08005670       0x10 build/obj/testdyn.o
 .text.dyn3_setup
                0x08005680       0x20 build/obj/testdyn.o
 .text.dyn1_setup
                0x080056a0       0x20 build/obj/testdyn.o
 .text.dyn2_execute
                0x080056c0      0x140 build/obj/testdyn.o
 .text.dyn2_setup
                0x08005800       0x10 build/obj/testdyn.o
 .text.dyn1_execute
                0x08005810      0x100 build/obj/testdyn.o
 .text.notify   0x08005910       0x10 build/obj/testqueues.o
 .text.thread2  0x08005920       0x20 build/obj/testqueues.o
 .text.queues2_execute
                0x08005940      0x2f0 build/obj/testqueues.o
 .text.queues2_setup
                0x08005c30       0x30 build/obj/testqueues.o
 .text.thread1  0x08005c60       0x20 build/obj/testqueues.o
 .text.queues1_execute
                0x08005c80      0x320 build/obj/testqueues.o
 .text.queues1_setup
                0x08005fa0       0x30 build/obj/testqueues.o
 .text.thread2  0x08005fd0       0x10 build/obj/testbmk.o
 .text.tmo      0x08005fe0       0x10 build/obj/testbmk.o
 .text.bmk13_execute
                0x08005ff0       0xf0 build/obj/testbmk.o
 .text.bmk12_execute
                0x080060e0       0x70 build/obj/testbmk.o
 .text.bmk12_setup
                0x08006150       0x10 build/obj/testbmk.o
 .text.thread3  0x08006160       0x30 build/obj/testbmk.o
 .text.bmk11_execute
                0x08006190       0x70 build/obj/testbmk.o
 .text.bmk11_setup
                0x08006200       0x10 build/obj/testbmk.o
 .text.bmk7_setup
                0x08006210       0x10 build/obj/testbmk.o
 .text.bmk10_execute
                0x08006220       0x80 build/obj/testbmk.o
 .text.bmk9_execute
                0x080062a0       0xb0 build/obj/testbmk.o
 .text.bmk6_execute
                0x08006350       0x70 build/obj/testbmk.o
 .text.bmk8_execute
                0x080063c0       0xf0 build/obj/testbmk.o
 .text.thread8  0x080064b0       0x30 build/obj/testbmk.o
 .text.bmk7_execute
                0x080064e0      0x110 build/obj/testbmk.o
 .text.bmk5_execute
                0x080065f0       0x80 build/obj/testbmk.o
 .text.bmk4_execute
                0x08006670       0xc0 build/obj/testbmk.o
 .text.msg_loop_test
                0x08006730       0x40 build/obj/testbmk.o
 .text.bmk3_execute
                0x08006770       0xe0 build/obj/testbmk.o
 .text.bmk2_execute
                0x08006850       0x70 build/obj/testbmk.o
 .text.bmk1_execute
                0x080068c0       0x70 build/obj/testbmk.o
 .text.thread1  0x08006930       0x20 build/obj/testbmk.o
 .text.thread4  0x08006950       0x30 build/obj/testbmk.o
                0x08006950                thread4
 .text.halInit  0x08006980       0x40 build/obj/hal.o
                0x08006980                halInit
 .text.halIsCounterWithin
                0x080069c0       0x30 build/obj/hal.o
                0x080069c0                halIsCounterWithin
 .text.halPolledDelay
                0x080069f0       0x30 build/obj/hal.o
                0x080069f0                halPolledDelay
 .text.adcInit  0x08006a20       0x10 build/obj/adc.o
                0x08006a20                adcInit
 .text.adcObjectInit
                0x08006a30       0x20 build/obj/adc.o
                0x08006a30                adcObjectInit
 .text.canInit  0x08006a50       0x10 build/obj/can.o
                0x08006a50                canInit
 .text.canObjectInit
                0x08006a60       0x40 build/obj/can.o
                0x08006a60                canObjectInit
 .text.canStart
                0x08006aa0       0x40 build/obj/can.o
                0x08006aa0                canStart
 .text.canTransmit
                0x08006ae0       0x60 build/obj/can.o
                0x08006ae0                canTransmit
 .text.canReceive
                0x08006b40       0x60 build/obj/can.o
                0x08006b40                canReceive
 .text.pwmInit  0x08006ba0       0x10 build/obj/pwm.o
                0x08006ba0                pwmInit
 .text.pwmObjectInit
                0x08006bb0       0x10 build/obj/pwm.o
                0x08006bb0                pwmObjectInit
 .text.pwmStart
                0x08006bc0       0x20 build/obj/pwm.o
                0x08006bc0                pwmStart
 .text.pwmEnableChannel
                0x08006be0       0x20 build/obj/pwm.o
                0x08006be0                pwmEnableChannel
 .text.pwmDisableChannel
                0x08006c00       0x20 build/obj/pwm.o
                0x08006c00                pwmDisableChannel
 .text.readt    0x08006c20       0x10 build/obj/serial.o
 .text.read     0x08006c30       0x10 build/obj/serial.o
 .text.writet   0x08006c40       0x10 build/obj/serial.o
 .text.write    0x08006c50       0x10 build/obj/serial.o
 .text.gett     0x08006c60       0x10 build/obj/serial.o
 .text.get      0x08006c70       0x10 build/obj/serial.o
 .text.putt     0x08006c80       0x10 build/obj/serial.o
 .text.put      0x08006c90       0x10 build/obj/serial.o
 .text.sdInit   0x08006ca0       0x10 build/obj/serial.o
                0x08006ca0                sdInit
 .text.sdObjectInit
                0x08006cb0       0x40 build/obj/serial.o
                0x08006cb0                sdObjectInit
 .text.sdStart  0x08006cf0       0x20 build/obj/serial.o
                0x08006cf0                sdStart
 .text.sdIncomingDataI
                0x08006d10       0x40 build/obj/serial.o
                0x08006d10                sdIncomingDataI
 .text.sduInit  0x08006d50       0x10 build/obj/serial_usb.o
                0x08006d50                sduInit
 .text.spiInit  0x08006d60       0x10 build/obj/spi.o
                0x08006d60                spiInit
 .text.spiObjectInit
                0x08006d70       0x10 build/obj/spi.o
                0x08006d70                spiObjectInit
 .text.usbInit  0x08006d80       0x10 build/obj/usb.o
                0x08006d80                usbInit
 .text.usbObjectInit
                0x08006d90       0x20 build/obj/usb.o
                0x08006d90                usbObjectInit
 .text.usbPrepareReceive
                0x08006db0       0x20 build/obj/usb.o
                0x08006db0                usbPrepareReceive
 .text.usbPrepareTransmit
                0x08006dd0       0x20 build/obj/usb.o
                0x08006dd0                usbPrepareTransmit
 .text.usbStartReceiveI
                0x08006df0       0x30 build/obj/usb.o
                0x08006df0                usbStartReceiveI
 .text.usbStartTransmitI
                0x08006e20       0x30 build/obj/usb.o
                0x08006e20                usbStartTransmitI
 .text._usb_reset
                0x08006e50       0x30 build/obj/usb.o
                0x08006e50                _usb_reset
 .text._usb_ep0setup
                0x08006e80      0x340 build/obj/usb.o
                0x08006e80                _usb_ep0setup
 .text._usb_ep0in
                0x080071c0       0xc0 build/obj/usb.o
                0x080071c0                _usb_ep0in
 .text._usb_ep0out
                0x08007280       0x80 build/obj/usb.o
                0x08007280                _usb_ep0out
 .text.Vector6C
                0x08007300       0x30 build/obj/stm32_dma.o
                0x08007300                Vector6C
 .text.Vector70
                0x08007330       0x30 build/obj/stm32_dma.o
                0x08007330                Vector70
 .text.Vector74
                0x08007360       0x30 build/obj/stm32_dma.o
                0x08007360                Vector74
 .text.Vector78
                0x08007390       0x30 build/obj/stm32_dma.o
                0x08007390                Vector78
 .text.Vector7C
                0x080073c0       0x30 build/obj/stm32_dma.o
                0x080073c0                Vector7C
 .text.Vector80
                0x080073f0       0x30 build/obj/stm32_dma.o
                0x080073f0                Vector80
 .text.Vector84
                0x08007420       0x30 build/obj/stm32_dma.o
                0x08007420                Vector84
 .text.VectorFC
                0x08007450       0x30 build/obj/stm32_dma.o
                0x08007450                VectorFC
 .text.Vector120
                0x08007480       0x30 build/obj/stm32_dma.o
                0x08007480                Vector120
 .text.Vector124
                0x080074b0       0x30 build/obj/stm32_dma.o
                0x080074b0                Vector124
 .text.Vector128
                0x080074e0       0x30 build/obj/stm32_dma.o
                0x080074e0                Vector128
 .text.Vector12C
                0x08007510       0x30 build/obj/stm32_dma.o
                0x08007510                Vector12C
 .text.Vector130
                0x08007540       0x30 build/obj/stm32_dma.o
                0x08007540                Vector130
 .text.Vector150
                0x08007570       0x30 build/obj/stm32_dma.o
                0x08007570                Vector150
 .text.Vector154
                0x080075a0       0x30 build/obj/stm32_dma.o
                0x080075a0                Vector154
 .text.Vector158
                0x080075d0       0x30 build/obj/stm32_dma.o
                0x080075d0                Vector158
 .text.dmaInit  0x08007600       0xc0 build/obj/stm32_dma.o
                0x08007600                dmaInit
 .text.hal_lld_init
                0x080076c0       0xa0 build/obj/hal_lld.o
                0x080076c0                hal_lld_init
 .text.stm32_clock_init
                0x08007760       0xe0 build/obj/hal_lld.o
                0x08007760                stm32_clock_init
 .text.adc_lld_init
                0x08007840       0x40 build/obj/adc_lld.o
                0x08007840                adc_lld_init
 .text.adc_lld_stop_conversion
                0x08007880       0x30 build/obj/adc_lld.o
                0x08007880                adc_lld_stop_conversion
 .text.Vector88
                0x080078b0       0x80 build/obj/adc_lld.o
                0x080078b0                Vector88
 .text.can_lld_set_filters
                0x08007930      0x230 build/obj/can_lld.o
 .text.Vector8C
                0x08007b60       0x50 build/obj/can_lld.o
                0x08007b60                Vector8C
 .text.Vector90
                0x08007bb0       0x80 build/obj/can_lld.o
                0x08007bb0                Vector90
 .text.Vector94
                0x08007c30       0x80 build/obj/can_lld.o
                0x08007c30                Vector94
 .text.Vector98
                0x08007cb0       0x80 build/obj/can_lld.o
                0x08007cb0                Vector98
 .text.can_lld_init
                0x08007d30       0x30 build/obj/can_lld.o
                0x08007d30                can_lld_init
 .text.can_lld_start
                0x08007d60       0x80 build/obj/can_lld.o
                0x08007d60                can_lld_start
 .text.can_lld_is_tx_empty
                0x08007de0       0x40 build/obj/can_lld.o
                0x08007de0                can_lld_is_tx_empty
 .text.can_lld_transmit
                0x08007e20       0x90 build/obj/can_lld.o
                0x08007e20                can_lld_transmit
 .text.can_lld_is_rx_nonempty
                0x08007eb0       0x50 build/obj/can_lld.o
                0x08007eb0                can_lld_is_rx_nonempty
 .text.can_lld_receive
                0x08007f00       0xe0 build/obj/can_lld.o
                0x08007f00                can_lld_receive
 .text._pal_lld_init
                0x08007fe0      0x200 build/obj/pal_lld.o
                0x08007fe0                _pal_lld_init
 .text._pal_lld_setgroupmode
                0x080081e0       0xc0 build/obj/pal_lld.o
                0x080081e0                _pal_lld_setgroupmode
 .text.otg_txfifo_flush.clone.3
                0x080082a0       0x20 build/obj/usb_lld.o
 .text.usb_lld_init
                0x080082c0       0x30 build/obj/usb_lld.o
                0x080082c0                usb_lld_init
 .text.usb_lld_reset
                0x080082f0      0x130 build/obj/usb_lld.o
                0x080082f0                usb_lld_reset
 .text.usb_lld_set_address
                0x08008420       0x20 build/obj/usb_lld.o
                0x08008420                usb_lld_set_address
 .text.usb_lld_get_status_out
                0x08008440       0x20 build/obj/usb_lld.o
                0x08008440                usb_lld_get_status_out
 .text.usb_lld_get_status_in
                0x08008460       0x20 build/obj/usb_lld.o
                0x08008460                usb_lld_get_status_in
 .text.usb_lld_read_setup
                0x08008480       0x20 build/obj/usb_lld.o
                0x08008480                usb_lld_read_setup
 .text.usb_lld_prepare_receive
                0x080084a0       0x50 build/obj/usb_lld.o
                0x080084a0                usb_lld_prepare_receive
 .text.otg_epout_handler.clone.8
                0x080084f0       0xb0 build/obj/usb_lld.o
 .text.usb_lld_prepare_transmit
                0x080085a0       0x50 build/obj/usb_lld.o
                0x080085a0                usb_lld_prepare_transmit
 .text.otg_epin_handler.clone.9
                0x080085f0       0xe0 build/obj/usb_lld.o
 .text.Vector14C
                0x080086d0      0x120 build/obj/usb_lld.o
                0x080086d0                Vector14C
 .text.usb_lld_start_out
                0x080087f0       0x10 build/obj/usb_lld.o
                0x080087f0                usb_lld_start_out
 .text.usb_lld_start_in
                0x08008800       0x30 build/obj/usb_lld.o
                0x08008800                usb_lld_start_in
 .text.usb_lld_stall_out
                0x08008830       0x10 build/obj/usb_lld.o
                0x08008830                usb_lld_stall_out
 .text.usb_lld_stall_in
                0x08008840       0x10 build/obj/usb_lld.o
                0x08008840                usb_lld_stall_in
 .text.usb_lld_clear_out
                0x08008850       0x10 build/obj/usb_lld.o
                0x08008850                usb_lld_clear_out
 .text.usb_lld_clear_in
                0x08008860       0x10 build/obj/usb_lld.o
                0x08008860                usb_lld_clear_in
 .text.spi_lld_init
                0x08008870       0x40 build/obj/spi_lld.o
                0x08008870                spi_lld_init
 .text.VectorA4
                0x080088b0       0x30 build/obj/pwm_lld.o
                0x080088b0                VectorA4
 .text.VectorAC
                0x080088e0       0x60 build/obj/pwm_lld.o
                0x080088e0                VectorAC
 .text.pwm_lld_init
                0x08008940       0x20 build/obj/pwm_lld.o
                0x08008940                pwm_lld_init
 .text.pwm_lld_start
                0x08008960      0x120 build/obj/pwm_lld.o
                0x08008960                pwm_lld_start
 .text.pwm_lld_enable_channel
                0x08008a80       0x40 build/obj/pwm_lld.o
                0x08008a80                pwm_lld_enable_channel
 .text.pwm_lld_disable_channel
                0x08008ac0       0x20 build/obj/pwm_lld.o
                0x08008ac0                pwm_lld_disable_channel
 .text.notify1  0x08008ae0       0x20 build/obj/serial_lld.o
 .text.notify6  0x08008b00       0x20 build/obj/serial_lld.o
 .text.serve_interrupt
                0x08008b20      0x110 build/obj/serial_lld.o
 .text.VectorD4
                0x08008c30       0x20 build/obj/serial_lld.o
                0x08008c30                VectorD4
 .text.Vector15C
                0x08008c50       0x20 build/obj/serial_lld.o
                0x08008c50                Vector15C
 .text.sd_lld_init
                0x08008c70       0x40 build/obj/serial_lld.o
                0x08008c70                sd_lld_init
 .text.sd_lld_start
                0x08008cb0       0xc0 build/obj/serial_lld.o
                0x08008cb0                sd_lld_start
 .text.__early_init
                0x08008d70       0x10 build/obj/board.o
                0x08008d70                __early_init
 .text.boardInit
                0x08008d80       0x10 build/obj/board.o
                0x08008d80                boardInit
 .text.ltoa     0x08008d90       0x70 build/obj/chprintf.o
 .text.chvprintf
                0x08008e00      0x360 build/obj/chprintf.o
                0x08008e00                chvprintf
 .text.chprintf
                0x08009160       0x20 build/obj/shell.o
 .text.cmd_systime
                0x08009180       0x30 build/obj/shell.o
 .text.cmd_info
                0x080091b0       0xc0 build/obj/shell.o
 .text.list_commands
                0x08009270       0x20 build/obj/shell.o
 .text.cmdexec  0x08009290       0x50 build/obj/shell.o
 .text._strtok.clone.0
                0x080092e0       0x50 build/obj/shell.o
 .text.shellInit
                0x08009330       0x10 build/obj/shell.o
                0x08009330                shellInit
 .text.shellExit
                0x08009340       0x20 build/obj/shell.o
                0x08009340                shellExit
 .text.shellCreate
                0x08009360       0x20 build/obj/shell.o
                0x08009360                shellCreate
 .text.shellGetLine
                0x08009380       0xb0 build/obj/shell.o
                0x08009380                shellGetLine
 .text.shell_thread
                0x08009430      0x1c0 build/obj/shell.o
 .text.chprintf
                0x080095f0       0x20 build/obj/console.o
 .text.cmd_test
                0x08009610       0x60 build/obj/console.o
                0x08009610                cmd_test
 .text.cmd_threads
                0x08009670       0x70 build/obj/console.o
                0x08009670                cmd_threads
 .text.cmd_mem  0x080096e0       0x60 build/obj/console.o
                0x080096e0                cmd_mem
 .text.consoleInit
                0x08009740       0x30 build/obj/console.o
                0x08009740                consoleInit
 .text.consoleStart
                0x08009770       0x40 build/obj/console.o
                0x08009770                consoleStart
 .text.chprintf
                0x080097b0       0x20 build/obj/can_comm.o
 .text.can_rx   0x080097d0       0xf0 build/obj/can_comm.o
 .text.can_tx   0x080098c0       0x80 build/obj/can_comm.o
 .text.can_commInit
                0x08009940       0x70 build/obj/can_comm.o
                0x08009940                can_commInit
 .text.cmd_can_commvalues
                0x080099b0      0x150 build/obj/can_comm.o
                0x080099b0                cmd_can_commvalues
 .text.chprintf
                0x08009b00       0x20 build/obj/ds18b20.o
 .text.Delay_us
                0x08009b20       0x30 build/obj/ds18b20.o
 .text.OneWire_DataPinInput
                0x08009b50       0x10 build/obj/ds18b20.o
                0x08009b50                OneWire_DataPinInput
 .text.OneWire_DataPinOutput
                0x08009b60       0x10 build/obj/ds18b20.o
                0x08009b60                OneWire_DataPinOutput
 .text.OneWire_SetBusLine
                0x08009b70       0x30 build/obj/ds18b20.o
                0x08009b70                OneWire_SetBusLine
 .text.OneWire_ReadBit
                0x08009ba0       0x30 build/obj/ds18b20.o
                0x08009ba0                OneWire_ReadBit
 .text.OneWire_WriteBit
                0x08009bd0       0x40 build/obj/ds18b20.o
                0x08009bd0                OneWire_WriteBit
 .text.OneWire_WriteByte
                0x08009c10       0x60 build/obj/ds18b20.o
                0x08009c10                OneWire_WriteByte
 .text.OneWire_ReadByte
                0x08009c70       0x80 build/obj/ds18b20.o
                0x08009c70                OneWire_ReadByte
 .text.OneWire_Reset
                0x08009cf0       0x40 build/obj/ds18b20.o
                0x08009cf0                OneWire_Reset
 .text.DS18B20_Init
                0x08009d30       0x20 build/obj/ds18b20.o
                0x08009d30                DS18B20_Init
 .text.DS18B20_StartConversion
                0x08009d50       0x70 build/obj/ds18b20.o
                0x08009d50                DS18B20_StartConversion
 .text.DS18B20_GetTemp
                0x08009dc0       0x90 build/obj/ds18b20.o
                0x08009dc0                DS18B20_GetTemp
 .text.OneWire_SearchROM
                0x08009e50      0x420 build/obj/ds18b20.o
                0x08009e50                OneWire_SearchROM
 .text.OneWire_FindROM
                0x0800a270       0x10 build/obj/ds18b20.o
                0x0800a270                OneWire_FindROM
 .text.DS18B20_ScanBus
                0x0800a280      0x110 build/obj/ds18b20.o
                0x0800a280                DS18B20_ScanBus
 .text.cmd_ds18b20_values
                0x0800a390       0xe0 build/obj/ds18b20.o
                0x0800a390                cmd_ds18b20_values
 .text.chprintf
                0x0800a470       0x20 build/obj/one_vire_comm.o
 .text.ds18b20_polling_thread
                0x0800a490       0x60 build/obj/one_vire_comm.o
 .text.one_vireInit
                0x0800a4f0       0x40 build/obj/one_vire_comm.o
                0x0800a4f0                one_vireInit
 .text.one_vireGetValue
                0x0800a530       0x50 build/obj/one_vire_comm.o
                0x0800a530                one_vireGetValue
 .text.cmd_one_virevalues
                0x0800a580       0x90 build/obj/one_vire_comm.o
                0x0800a580                cmd_one_virevalues
 .text.Thread1  0x0800a610       0x30 build/obj/main.o
 .text.task20ms
                0x0800a640       0x30 build/obj/main.o
 .text.main     0x0800a670       0xb0 build/obj/main.o
                0x0800a670                main
 .text.lightCalc
                0x0800a720       0xd0 build/obj/light.o
                0x0800a720                lightCalc
 .text.lightRight
                0x0800a7f0       0x20 build/obj/light.o
                0x0800a7f0                lightRight
 .text.lightLeft
                0x0800a810       0x20 build/obj/light.o
                0x0800a810                lightLeft
 .text.lightWarning
                0x0800a830       0x20 build/obj/light.o
                0x0800a830                lightWarning
 .text.lightInit
                0x0800a850       0x30 build/obj/light.o
                0x0800a850                lightInit
 *(.rodata)
 .rodata        0x0800a880      0x104 c:/program files (x86)/codesourcery/sourcery g++ lite/bin/../lib/gcc/arm-none-eabi/4.5.2/../../../../arm-none-eabi/lib/thumb2\libc.a(lib_a-ctype_.o)
                0x0800a880                _ctype_
 *(.rodata.*)
 *fill*         0x0800a984        0xc 00
 .rodata.str1.4
                0x0800a990        0x5 build/obj/chsys.o
                                  0x8 (size before relaxing)
 *fill*         0x0800a995        0xb 00
 .rodata.ch_debug
                0x0800a9a0       0x18 build/obj/chregistry.o
                0x0800a9a0                ch_debug
 *fill*         0x0800a9b8        0x8 00
 .rodata.wa     0x0800a9c0       0x14 build/obj/test.o
                0x0800a9c0                wa
 *fill*         0x0800a9d4        0xc 00
 .rodata.str1.4
                0x0800a9e0      0x1c0 build/obj/test.o
                                0x1d0 (size before relaxing)
 .rodata.patterns
                0x0800aba0       0x30 build/obj/test.o
 .rodata.testthd1
                0x0800abd0       0x10 build/obj/testthd.o
                0x0800abd0                testthd1
 .rodata.testthd2
                0x0800abe0       0x10 build/obj/testthd.o
                0x0800abe0                testthd2
 .rodata.testthd3
                0x0800abf0       0x10 build/obj/testthd.o
                0x0800abf0                testthd3
 .rodata.testthd4
                0x0800ac00       0x10 build/obj/testthd.o
                0x0800ac00                testthd4
 .rodata.patternthd
                0x0800ac10       0x14 build/obj/testthd.o
                0x0800ac10                patternthd
 *fill*         0x0800ac24        0xc 00
 .rodata.str1.4
                0x0800ac30       0x78 build/obj/testthd.o
                                 0x80 (size before relaxing)
 *fill*         0x0800aca8        0x8 00
 .rodata.testsem1
                0x0800acb0       0x10 build/obj/testsem.o
                0x0800acb0                testsem1
 .rodata.testsem2
                0x0800acc0       0x10 build/obj/testsem.o
                0x0800acc0                testsem2
 .rodata.testsem3
                0x0800acd0       0x10 build/obj/testsem.o
                0x0800acd0                testsem3
 .rodata.testsem4
                0x0800ace0       0x10 build/obj/testsem.o
                0x0800ace0                testsem4
 .rodata.patternsem
                0x0800acf0       0x14 build/obj/testsem.o
                0x0800acf0                patternsem
 *fill*         0x0800ad04        0xc 00
 .rodata.str1.4
                0x0800ad10       0x6d build/obj/testsem.o
                                 0x8c (size before relaxing)
 *fill*         0x0800ad7d        0x3 00
 .rodata.testmtx5
                0x0800ad80       0x10 build/obj/testmtx.o
                0x0800ad80                testmtx5
 .rodata.testmtx6
                0x0800ad90       0x10 build/obj/testmtx.o
                0x0800ad90                testmtx6
 .rodata.testmtx7
                0x0800ada0       0x10 build/obj/testmtx.o
                0x0800ada0                testmtx7
 .rodata.testmtx8
                0x0800adb0       0x10 build/obj/testmtx.o
                0x0800adb0                testmtx8
 .rodata.str1.4
                0x0800adc0       0xf0 build/obj/testmtx.o
                                0x10c (size before relaxing)
 .rodata.patternmtx
                0x0800aeb0       0x24 build/obj/testmtx.o
                0x0800aeb0                patternmtx
 *fill*         0x0800aed4        0xc 00
 .rodata.testmtx1
                0x0800aee0       0x10 build/obj/testmtx.o
                0x0800aee0                testmtx1
 .rodata.testmtx2
                0x0800aef0       0x10 build/obj/testmtx.o
                0x0800aef0                testmtx2
 .rodata.testmtx3
                0x0800af00       0x10 build/obj/testmtx.o
                0x0800af00                testmtx3
 .rodata.testmtx4
                0x0800af10       0x10 build/obj/testmtx.o
                0x0800af10                testmtx4
 .rodata.testmsg1
                0x0800af20       0x10 build/obj/testmsg.o
                0x0800af20                testmsg1
 .rodata.str1.4
                0x0800af30        0xf build/obj/testmsg.o
                                 0x14 (size before relaxing)
 *fill*         0x0800af3f        0x1 00
 .rodata.patternmsg
                0x0800af40        0x8 build/obj/testmsg.o
                0x0800af40                patternmsg
 *fill*         0x0800af48        0x8 00
 .rodata.patternmbox
                0x0800af50        0x8 build/obj/testmbox.o
                0x0800af50                patternmbox
 *fill*         0x0800af58        0x8 00
 .rodata.str1.4
                0x0800af60       0x20 build/obj/testmbox.o
                                 0x28 (size before relaxing)
 .rodata.testmbox1
                0x0800af80       0x10 build/obj/testmbox.o
                0x0800af80                testmbox1
 .rodata.patternevt
                0x0800af90       0x10 build/obj/testevt.o
                0x0800af90                patternevt
 .rodata.testevt2
                0x0800afa0       0x10 build/obj/testevt.o
                0x0800afa0                testevt2
 .rodata.str1.4
                0x0800afb0       0x51 build/obj/testevt.o
                                 0x5c (size before relaxing)
 *fill*         0x0800b001        0xf 00
 .rodata.testevt1
                0x0800b010       0x10 build/obj/testevt.o
                0x0800b010                testevt1
 .rodata.evhndl
                0x0800b020        0xc build/obj/testevt.o
 *fill*         0x0800b02c        0x4 00
 .rodata.testevt3
                0x0800b030       0x10 build/obj/testevt.o
                0x0800b030                testevt3
 .rodata.patternheap
                0x0800b040        0x8 build/obj/testheap.o
                0x0800b040                patternheap
 *fill*         0x0800b048        0x8 00
 .rodata.str1.4
                0x0800b050       0x28 build/obj/testheap.o
 *fill*         0x0800b078        0x8 00
 .rodata.testheap1
                0x0800b080       0x10 build/obj/testheap.o
                0x0800b080                testheap1
 .rodata.str1.4
                0x0800b090       0x1c build/obj/testpools.o
 *fill*         0x0800b0ac        0x4 00
 .rodata.patternpools
                0x0800b0b0        0x8 build/obj/testpools.o
                0x0800b0b0                patternpools
 *fill*         0x0800b0b8        0x8 00
 .rodata.testpools1
                0x0800b0c0       0x10 build/obj/testpools.o
                0x0800b0c0                testpools1
 .rodata.testdyn1
                0x0800b0d0       0x10 build/obj/testdyn.o
                0x0800b0d0                testdyn1
 .rodata.testdyn2
                0x0800b0e0       0x10 build/obj/testdyn.o
                0x0800b0e0                testdyn2
 .rodata.testdyn3
                0x0800b0f0       0x10 build/obj/testdyn.o
                0x0800b0f0                testdyn3
 .rodata.str1.4
                0x0800b100       0x8e build/obj/testdyn.o
                                 0xa4 (size before relaxing)
 *fill*         0x0800b18e        0x2 00
 .rodata.patterndyn
                0x0800b190       0x10 build/obj/testdyn.o
                0x0800b190                patterndyn
 .rodata.testqueues1
                0x0800b1a0       0x10 build/obj/testqueues.o
                0x0800b1a0                testqueues1
 .rodata.testqueues2
                0x0800b1b0       0x10 build/obj/testqueues.o
                0x0800b1b0                testqueues2
 .rodata.str1.4
                0x0800b1c0       0x2e build/obj/testqueues.o
                                 0x38 (size before relaxing)
 *fill*         0x0800b1ee        0x2 00
 .rodata.patternqueues
                0x0800b1f0        0xc build/obj/testqueues.o
                0x0800b1f0                patternqueues
 *fill*         0x0800b1fc        0x4 00
 .rodata.testbmk8
                0x0800b200       0x10 build/obj/testbmk.o
                0x0800b200                testbmk8
 .rodata.testbmk9
                0x0800b210       0x10 build/obj/testbmk.o
                0x0800b210                testbmk9
 .rodata.testbmk10
                0x0800b220       0x10 build/obj/testbmk.o
                0x0800b220                testbmk10
 .rodata.testbmk11
                0x0800b230       0x10 build/obj/testbmk.o
                0x0800b230                testbmk11
 .rodata.testbmk12
                0x0800b240       0x10 build/obj/testbmk.o
                0x0800b240                testbmk12
 .rodata.testbmk13
                0x0800b250       0x10 build/obj/testbmk.o
                0x0800b250                testbmk13
 .rodata.str1.4
                0x0800b260      0x2c5 build/obj/testbmk.o
                                0x2c8 (size before relaxing)
 *fill*         0x0800b525        0xb 00
 .rodata.patternbmk
                0x0800b530       0x38 build/obj/testbmk.o
                0x0800b530                patternbmk
 *fill*         0x0800b568        0x8 00
 .rodata.testbmk1
                0x0800b570       0x10 build/obj/testbmk.o
                0x0800b570                testbmk1
 .rodata.testbmk2
                0x0800b580       0x10 build/obj/testbmk.o
                0x0800b580                testbmk2
 .rodata.testbmk3
                0x0800b590       0x10 build/obj/testbmk.o
                0x0800b590                testbmk3
 .rodata.testbmk4
                0x0800b5a0       0x10 build/obj/testbmk.o
                0x0800b5a0                testbmk4
 .rodata.testbmk5
                0x0800b5b0       0x10 build/obj/testbmk.o
                0x0800b5b0                testbmk5
 .rodata.testbmk6
                0x0800b5c0       0x10 build/obj/testbmk.o
                0x0800b5c0                testbmk6
 .rodata.testbmk7
                0x0800b5d0       0x10 build/obj/testbmk.o
                0x0800b5d0                testbmk7
 .rodata.vmt    0x0800b5e0       0x20 build/obj/serial.o
 .rodata.zero_status
                0x0800b600        0x4 build/obj/usb.o
 *fill*         0x0800b604        0xc 00
 .rodata.active_status
                0x0800b610        0x4 build/obj/usb.o
 *fill*         0x0800b614        0xc 00
 .rodata.halted_status
                0x0800b620        0x4 build/obj/usb.o
 *fill*         0x0800b624        0xc 00
 .rodata._stm32_dma_streams
                0x0800b630       0xc0 build/obj/stm32_dma.o
                0x0800b630                _stm32_dma_streams
 .rodata.fsparams
                0x0800b6f0        0xc build/obj/usb_lld.o
 *fill*         0x0800b6fc        0x4 00
 .rodata.ep0config
                0x0800b700       0x24 build/obj/usb_lld.o
 *fill*         0x0800b724        0xc 00
 .rodata.default_config
                0x0800b730        0xc build/obj/serial_lld.o
 *fill*         0x0800b73c        0x4 00
 .rodata.pal_default_config
                0x0800b740       0xfc build/obj/board.o
                0x0800b740                pal_default_config
 *fill*         0x0800b83c        0x4 00
 .rodata.str1.4
                0x0800b840        0x7 build/obj/chprintf.o
                                  0x8 (size before relaxing)
 *fill*         0x0800b847        0x9 00
 .rodata.str1.4
                0x0800b850      0x16d build/obj/shell.o
                                0x1f4 (size before relaxing)
 *fill*         0x0800b9bd        0x3 00
 .rodata.commands
                0x0800b9c0       0x38 build/obj/console.o
 *fill*         0x0800b9f8        0x8 00
 .rodata.states.8065
                0x0800ba00       0x3c build/obj/console.o
 *fill*         0x0800ba3c        0x4 00
 .rodata.str1.4
                0x0800ba40      0x19c build/obj/console.o
                                0x1a4 (size before relaxing)
 *fill*         0x0800bbdc        0x4 00
 .rodata.shell_cfg1
                0x0800bbe0        0x8 build/obj/console.o
 *fill*         0x0800bbe8        0x8 00
 .rodata.str1.4
                0x0800bbf0      0x159 build/obj/can_comm.o
                                0x160 (size before relaxing)
 *fill*         0x0800bd49        0x7 00
 .rodata.cancfg
                0x0800bd50        0x8 build/obj/can_comm.o
 *fill*         0x0800bd58        0x8 00
 .rodata.str1.4
                0x0800bd60       0x24 build/obj/ds18b20.o
                                 0x40 (size before relaxing)
 *fill*         0x0800bd84        0xc 00
 .rodata.str1.4
                0x0800bd90       0x47 build/obj/one_vire_comm.o
                                 0x60 (size before relaxing)
 *fill*         0x0800bdd7        0x9 00
 .rodata.str1.4
                0x0800bde0       0x14 build/obj/main.o
 *(.glue_7t)
 .glue_7t       0x00000000        0x0 linker stubs
 *(.glue_7)
 .glue_7        0x00000000        0x0 linker stubs
 *(.gcc*)

.vfp11_veneer   0x0800bdf4        0x0
 .vfp11_veneer  0x00000000        0x0 linker stubs

.v4_bx          0x0800bdf4        0x0
 .v4_bx         0x00000000        0x0 linker stubs

.ARM.extab
 *(.ARM.extab* .gnu.linkonce.armextab.*)

.ARM.exidx      0x0800bdf4        0x0
                0x0800bdf4                PROVIDE (__exidx_start, .)
 *(.ARM.exidx* .gnu.linkonce.armexidx.*)
                0x0800bdf4                PROVIDE (__exidx_end, .)

.eh_frame_hdr
 *(.eh_frame_hdr)

.eh_frame
 *(.eh_frame)

.textalign      0x0800bdf4        0x4
                0x0800bdf8                . = ALIGN (0x8)
 *fill*         0x0800bdf4        0x4 00
                0x0800bdf8                . = ALIGN (0x4)
                0x0800bdf8                _etext = .
                0x0800bdf8                _textdata = _etext

.stacks         0x20000000      0x800
                0x20000000                . = ALIGN (0x8)
                0x20000000                __main_stack_base__ = .
                0x20000400                . = (. + __main_stack_size__)
 *fill*         0x20000000      0x400 00
                0x20000400                . = ALIGN (0x8)
                0x20000400                __main_stack_end__ = .
                0x20000400                __process_stack_base__ = .
                0x20000400                __main_thread_stack_base__ = .
                0x20000800                . = (. + __process_stack_size__)
 *fill*         0x20000400      0x400 00
                0x20000800                . = ALIGN (0x8)
                0x20000800                __process_stack_end__ = .
                0x20000800                __main_thread_stack_end__ = .

.data           0x20000800      0x118 load address 0x0800bdf8
                0x20000800                . = ALIGN (0x4)
                0x20000800                PROVIDE (_data, .)
 *(.data)
 .data          0x20000800        0x4 c:/program files (x86)/codesourcery/sourcery g++ lite/bin/../lib/gcc/arm-none-eabi/4.5.2/../../../../arm-none-eabi/lib/thumb2\libc.a(lib_a-ctype_.o)
                0x20000800                __ctype_ptr__
 *(.data.*)
 .data.sem1     0x20000804        0xc build/obj/testsem.o
 .data.m1       0x20000810       0x10 build/obj/testmtx.o
 .data.m2       0x20000820       0x10 build/obj/testmtx.o
 .data.c1       0x20000830        0x8 build/obj/testmtx.o
 .data.mb1      0x20000838       0x28 build/obj/testmbox.o
 .data.es1      0x20000860        0x4 build/obj/testevt.o
 .data.es2      0x20000864        0x4 build/obj/testevt.o
 .data.mp1      0x20000868        0xc build/obj/testpools.o
 .data.oq       0x20000874       0x24 build/obj/testqueues.o
 .data.iq       0x20000898       0x24 build/obj/testqueues.o
 .data.local_commands
                0x200008bc       0x18 build/obj/shell.o
 .data.ser_cfg  0x200008d4        0xc build/obj/console.o
 .data.seconds  0x200008e0        0x4 build/obj/one_vire_comm.o
 .data.pwmcfg   0x200008e4       0x34 build/obj/light.o
 *(.ramtext)
                0x20000918                . = ALIGN (0x4)
                0x20000918                PROVIDE (_edata, .)

.bss            0x20000918     0x1738 load address 0x0800bf10
                0x20000918                . = ALIGN (0x4)
                0x20000918                PROVIDE (_bss_start, .)
 *(.bss)
 *(.bss.*)
 .bss.mainthread.4642
                0x20000918       0x48 build/obj/chsys.o
 .bss._idle_thread_wa
                0x20000960       0xe0 build/obj/chsys.o
                0x20000960                _idle_thread_wa
 .bss.vtlist    0x20000a40       0x10 build/obj/chvt.o
                0x20000a40                vtlist
 .bss.rlist     0x20000a50       0x1c build/obj/chschd.o
                0x20000a50                rlist
 .bss.endmem    0x20000a6c        0x4 build/obj/chmemcore.o
 .bss.nextmem   0x20000a70        0x4 build/obj/chmemcore.o
 *fill*         0x20000a74        0x4 00
 .bss.default_heap
                0x20000a78       0x20 build/obj/chheap.o
 .bss.test      0x20000a98      0x690 build/obj/test.o
                0x20000a98                test
 .bss.failpoint
                0x20001128        0x4 build/obj/test.o
 .bss.local_fail
                0x2000112c        0x1 build/obj/test.o
 .bss.test_timer_done
                0x2000112d        0x1 build/obj/test.o
                0x2000112d                test_timer_done
 *fill*         0x2000112e        0x2 00
 .bss.tokp      0x20001130        0x4 build/obj/test.o
 .bss.global_fail
                0x20001134        0x1 build/obj/test.o
 *fill*         0x20001135        0x3 00
 .bss.vt        0x20001138       0x14 build/obj/test.o
 .bss.threads   0x2000114c       0x14 build/obj/test.o
                0x2000114c                threads
 .bss.chp       0x20001160        0x4 build/obj/test.o
 .bss.tokens_buffer
                0x20001164       0x10 build/obj/test.o
 *fill*         0x20001174        0x4 00
 .bss.test_heap
                0x20001178       0x20 build/obj/testheap.o
 .bss.mp1       0x20001198        0xc build/obj/testdyn.o
 *fill*         0x200011a4        0x4 00
 .bss.heap1     0x200011a8       0x20 build/obj/testdyn.o
 .bss.ib.4789   0x200011c8       0x10 build/obj/testbmk.o
 .bss.mtx1      0x200011d8       0x10 build/obj/testbmk.o
 .bss.vt2.4803  0x200011e8       0x14 build/obj/testbmk.o
 .bss.vt1.4802  0x200011fc       0x14 build/obj/testbmk.o
 .bss.iq.4790   0x20001210       0x24 build/obj/testbmk.o
 .bss.sem1      0x20001234        0xc build/obj/testbmk.o
 .bss.dma_isr_redir
                0x20001240       0x80 build/obj/stm32_dma.o
 .bss.dma_streams_mask
                0x200012c0        0x4 build/obj/stm32_dma.o
 .bss.ADCD1     0x200012c4       0x34 build/obj/adc_lld.o
                0x200012c4                ADCD1
 .bss.CAND1     0x200012f8       0x38 build/obj/can_lld.o
                0x200012f8                CAND1
 .bss.USBD1     0x20001330      0x1b8 build/obj/usb_lld.o
                0x20001330                USBD1
 .bss.ep0_state
                0x200014e8       0x14 build/obj/usb_lld.o
 .bss.ep0setup_buffer
                0x200014fc        0x8 build/obj/usb_lld.o
 .bss.dummytx   0x20001504        0x2 build/obj/spi_lld.o
 *fill*         0x20001506        0x2 00
 .bss.SPID2     0x20001508       0x30 build/obj/spi_lld.o
                0x20001508                SPID2
 .bss.PWMD1     0x20001538       0x14 build/obj/pwm_lld.o
                0x20001538                PWMD1
 .bss.SD1       0x2000154c       0x78 build/obj/serial_lld.o
                0x2000154c                SD1
 .bss.SD6       0x200015c4       0x78 build/obj/serial_lld.o
                0x200015c4                SD6
 .bss.shell_terminated
                0x2000163c        0x4 build/obj/shell.o
                0x2000163c                shell_terminated
 .bss.consoleThread
                0x20001640        0x4 build/obj/console.o
                0x20001640                consoleThread
 .bss.can_rxstate
                0x20001644        0x1 build/obj/can_comm.o
                0x20001644                can_rxstate
 *fill*         0x20001645        0x1 00
 .bss.id        0x20001646        0x2 build/obj/can_comm.o
 .bss.txmsg     0x20001648       0x10 build/obj/can_comm.o
 .bss.can_tx_wa
                0x20001658      0x1d0 build/obj/can_comm.o
 .bss.messages  0x20001828        0x2 build/obj/can_comm.o
 *fill*         0x2000182a        0x2 00
 .bss.rxmsg     0x2000182c       0x14 build/obj/can_comm.o
 .bss.can_rx_wa
                0x20001840      0x1d0 build/obj/can_comm.o
 .bss.SensorCount
                0x20001a10        0x1 build/obj/ds18b20.o
                0x20001a10                SensorCount
 *fill*         0x20001a11        0x3 00
 .bss.DS18B20_SERIAL_NUMBER
                0x20001a14       0x28 build/obj/ds18b20.o
 .bss.currentTemp
                0x20001a3c       0x14 build/obj/one_vire_comm.o
                0x20001a3c                currentTemp
 .bss.wa_ds18b20_polling
                0x20001a50      0x2d0 build/obj/one_vire_comm.o
 .bss.sensor_num
                0x20001d20        0x4 build/obj/one_vire_comm.o
 *fill*         0x20001d24        0x4 00
 .bss.waThread1
                0x20001d28      0x150 build/obj/main.o
 .bss.watask20ms
                0x20001e78      0x1d0 build/obj/main.o
 .bss.lightState
                0x20002048        0x1 build/obj/light.o
 *fill*         0x20002049        0x3 00
 .bss.period_num
                0x2000204c        0x4 build/obj/light.o
 *(COMMON)
                0x20002050                . = ALIGN (0x4)
                0x20002050                PROVIDE (_bss_end, .)
                0x20002050                PROVIDE (end, .)
                0x20002050                _end = .
                0x20002050                __heap_base__ = _end
                0x2001c000                __heap_end__ = __ram_end__
START GROUP
LOAD c:/program files (x86)/codesourcery/sourcery g++ lite/bin/../lib/gcc/arm-none-eabi/4.5.2/thumb2\libgcc.a
LOAD c:/program files (x86)/codesourcery/sourcery g++ lite/bin/../lib/gcc/arm-none-eabi/4.5.2/../../../../arm-none-eabi/lib/thumb2\libc.a
END GROUP
OUTPUT(build/modulux_lights.elf elf32-littlearm)

.debug_abbrev   0x00000000     0x7eb4
 .debug_abbrev  0x00000000       0xe1 build/obj/crt0.o
 .debug_abbrev  0x000000e1       0xae build/obj/vectors.o
 .debug_abbrev  0x0000018f       0x41 build/obj/chcore.o
 .debug_abbrev  0x000001d0      0x18e build/obj/chcore_v7m.o
 .debug_abbrev  0x0000035e       0xfb build/obj/nvic.o
 .debug_abbrev  0x00000459      0x187 build/obj/chsys.o
 .debug_abbrev  0x000005e0       0x2a build/obj/chdebug.o
 .debug_abbrev  0x0000060a       0x2a build/obj/chlists.o
 .debug_abbrev  0x00000634      0x13b build/obj/chvt.o
 .debug_abbrev  0x0000076f      0x2a2 build/obj/chschd.o
 .debug_abbrev  0x00000a11      0x2d0 build/obj/chthreads.o
 .debug_abbrev  0x00000ce1      0x19f build/obj/chdynamic.o
 .debug_abbrev  0x00000e80      0x175 build/obj/chregistry.o
 .debug_abbrev  0x00000ff5      0x27b build/obj/chsem.o
 .debug_abbrev  0x00001270      0x29f build/obj/chmtx.o
 .debug_abbrev  0x0000150f      0x255 build/obj/chcond.o
 .debug_abbrev  0x00001764      0x23a build/obj/chevents.o
 .debug_abbrev  0x0000199e      0x1b4 build/obj/chmsg.o
 .debug_abbrev  0x00001b52      0x1d8 build/obj/chmboxes.o
 .debug_abbrev  0x00001d2a      0x2a0 build/obj/chqueues.o
 .debug_abbrev  0x00001fca      0x169 build/obj/chmemcore.o
 .debug_abbrev  0x00002133      0x1c9 build/obj/chheap.o
 .debug_abbrev  0x000022fc      0x20a build/obj/chmempools.o
 .debug_abbrev  0x00002506      0x407 build/obj/test.o
 .debug_abbrev  0x0000290d      0x1ba build/obj/testthd.o
 .debug_abbrev  0x00002ac7      0x1fe build/obj/testsem.o
 .debug_abbrev  0x00002cc5      0x294 build/obj/testmtx.o
 .debug_abbrev  0x00002f59      0x164 build/obj/testmsg.o
 .debug_abbrev  0x000030bd      0x1b5 build/obj/testmbox.o
 .debug_abbrev  0x00003272      0x1eb build/obj/testevt.o
 .debug_abbrev  0x0000345d      0x19d build/obj/testheap.o
 .debug_abbrev  0x000035fa      0x14a build/obj/testpools.o
 .debug_abbrev  0x00003744      0x204 build/obj/testdyn.o
 .debug_abbrev  0x00003948      0x210 build/obj/testqueues.o
 .debug_abbrev  0x00003b58      0x2d1 build/obj/testbmk.o
 .debug_abbrev  0x00003e29      0x17d build/obj/hal.o
 .debug_abbrev  0x00003fa6      0x29b build/obj/adc.o
 .debug_abbrev  0x00004241      0x219 build/obj/can.o
 .debug_abbrev  0x0000445a       0x4f build/obj/ext.o
 .debug_abbrev  0x000044a9       0x4f build/obj/gpt.o
 .debug_abbrev  0x000044f8       0x4f build/obj/i2c.o
 .debug_abbrev  0x00004547       0x4f build/obj/icu.o
 .debug_abbrev  0x00004596       0x4f build/obj/mac.o
 .debug_abbrev  0x000045e5       0x4f build/obj/mmc_spi.o
 .debug_abbrev  0x00004634       0x4f build/obj/mmcsd.o
 .debug_abbrev  0x00004683      0x104 build/obj/pal.o
 .debug_abbrev  0x00004787      0x16d build/obj/pwm.o
 .debug_abbrev  0x000048f4       0x4f build/obj/rtc.o
 .debug_abbrev  0x00004943       0x4f build/obj/sdc.o
 .debug_abbrev  0x00004992      0x225 build/obj/serial.o
 .debug_abbrev  0x00004bb7      0x337 build/obj/serial_usb.o
 .debug_abbrev  0x00004eee      0x243 build/obj/spi.o
 .debug_abbrev  0x00005131       0x4f build/obj/tm.o
 .debug_abbrev  0x00005180       0x4f build/obj/uart.o
 .debug_abbrev  0x000051cf      0x309 build/obj/usb.o
 .debug_abbrev  0x000054d8      0x199 build/obj/stm32_dma.o
 .debug_abbrev  0x00005671      0x108 build/obj/hal_lld.o
 .debug_abbrev  0x00005779      0x25d build/obj/adc_lld.o
 .debug_abbrev  0x000059d6       0x4f build/obj/ext_lld_isr.o
 .debug_abbrev  0x00005a25      0x333 build/obj/can_lld.o
 .debug_abbrev  0x00005d58       0x4f build/obj/ext_lld.o
 .debug_abbrev  0x00005da7       0x4f build/obj/mac_lld.o
 .debug_abbrev  0x00005df6       0x4f build/obj/sdc_lld.o
 .debug_abbrev  0x00005e45      0x19a build/obj/pal_lld.o
 .debug_abbrev  0x00005fdf       0x4f build/obj/i2c_lld.o
 .debug_abbrev  0x0000602e      0x433 build/obj/usb_lld.o
 .debug_abbrev  0x00006461       0x4f build/obj/rtc_lld.o
 .debug_abbrev  0x000064b0      0x26e build/obj/spi_lld.o
 .debug_abbrev  0x0000671e       0x4f build/obj/gpt_lld.o
 .debug_abbrev  0x0000676d       0x4f build/obj/icu_lld.o
 .debug_abbrev  0x000067bc      0x1a3 build/obj/pwm_lld.o
 .debug_abbrev  0x0000695f      0x2c4 build/obj/serial_lld.o
 .debug_abbrev  0x00006c23       0x4f build/obj/uart_lld.o
 .debug_abbrev  0x00006c72       0xa9 build/obj/board.o
 .debug_abbrev  0x00006d1b      0x204 build/obj/chprintf.o
 .debug_abbrev  0x00006f1f      0x322 build/obj/shell.o
 .debug_abbrev  0x00007241      0x27c build/obj/console.o
 .debug_abbrev  0x000074bd      0x26d build/obj/can_comm.o
 .debug_abbrev  0x0000772a      0x2c2 build/obj/ds18b20.o
 .debug_abbrev  0x000079ec      0x1ce build/obj/one_vire_comm.o
 .debug_abbrev  0x00007bba      0x18d build/obj/main.o
 .debug_abbrev  0x00007d47      0x16d build/obj/light.o

.debug_info     0x00000000    0x25be6
 .debug_info    0x00000000      0x342 build/obj/crt0.o
 .debug_info    0x00000342      0x1f5 build/obj/vectors.o
 .debug_info    0x00000537       0x92 build/obj/chcore.o
 .debug_info    0x000005c9      0x7f0 build/obj/chcore_v7m.o
 .debug_info    0x00000db9      0x43e build/obj/nvic.o
 .debug_info    0x000011f7      0x7d4 build/obj/chsys.o
 .debug_info    0x000019cb       0x7a build/obj/chdebug.o
 .debug_info    0x00001a45       0x7a build/obj/chlists.o
 .debug_info    0x00001abf      0x222 build/obj/chvt.o
 .debug_info    0x00001ce1      0x8f9 build/obj/chschd.o
 .debug_info    0x000025da      0xac6 build/obj/chthreads.o
 .debug_info    0x000030a0      0x779 build/obj/chdynamic.o
 .debug_info    0x00003819      0x669 build/obj/chregistry.o
 .debug_info    0x00003e82      0x9f2 build/obj/chsem.o
 .debug_info    0x00004874      0x978 build/obj/chmtx.o
 .debug_info    0x000051ec      0x88c build/obj/chcond.o
 .debug_info    0x00005a78      0xd02 build/obj/chevents.o
 .debug_info    0x0000677a      0x633 build/obj/chmsg.o
 .debug_info    0x00006dad      0x897 build/obj/chmboxes.o
 .debug_info    0x00007644      0xb6e build/obj/chqueues.o
 .debug_info    0x000081b2      0x226 build/obj/chmemcore.o
 .debug_info    0x000083d8      0x655 build/obj/chheap.o
 .debug_info    0x00008a2d      0x417 build/obj/chmempools.o
 .debug_info    0x00008e44      0xf3c build/obj/test.o
 .debug_info    0x00009d80      0x7de build/obj/testthd.o
 .debug_info    0x0000a55e      0x988 build/obj/testsem.o
 .debug_info    0x0000aee6      0xc87 build/obj/testmtx.o
 .debug_info    0x0000bb6d      0x5a7 build/obj/testmsg.o
 .debug_info    0x0000c114      0xc5d build/obj/testmbox.o
 .debug_info    0x0000cd71      0x90e build/obj/testevt.o
 .debug_info    0x0000d67f      0x690 build/obj/testheap.o
 .debug_info    0x0000dd0f      0x256 build/obj/testpools.o
 .debug_info    0x0000df65      0x910 build/obj/testdyn.o
 .debug_info    0x0000e875      0xeef build/obj/testqueues.o
 .debug_info    0x0000f764      0xde3 build/obj/testbmk.o
 .debug_info    0x00010547      0x374 build/obj/hal.o
 .debug_info    0x000108bb      0xd41 build/obj/adc.o
 .debug_info    0x000115fc      0xdf8 build/obj/can.o
 .debug_info    0x000123f4       0xa6 build/obj/ext.o
 .debug_info    0x0001249a       0xa6 build/obj/gpt.o
 .debug_info    0x00012540       0xa6 build/obj/i2c.o
 .debug_info    0x000125e6       0xa6 build/obj/icu.o
 .debug_info    0x0001268c       0xa6 build/obj/mac.o
 .debug_info    0x00012732       0xa6 build/obj/mmc_spi.o
 .debug_info    0x000127d8       0xa6 build/obj/mmcsd.o
 .debug_info    0x0001287e      0x2bb build/obj/pal.o
 .debug_info    0x00012b39      0x621 build/obj/pwm.o
 .debug_info    0x0001315a       0xa6 build/obj/rtc.o
 .debug_info    0x00013200       0xa6 build/obj/sdc.o
 .debug_info    0x000132a6      0xc8a build/obj/serial.o
 .debug_info    0x00013f30     0x1b48 build/obj/serial_usb.o
 .debug_info    0x00015a78      0xee7 build/obj/spi.o
 .debug_info    0x0001695f       0xa6 build/obj/tm.o
 .debug_info    0x00016a05       0xa6 build/obj/uart.o
 .debug_info    0x00016aab     0x18be build/obj/usb.o
 .debug_info    0x00018369      0xa59 build/obj/stm32_dma.o
 .debug_info    0x00018dc2      0x4ef build/obj/hal_lld.o
 .debug_info    0x000192b1     0x1082 build/obj/adc_lld.o
 .debug_info    0x0001a333       0xa6 build/obj/ext_lld_isr.o
 .debug_info    0x0001a3d9     0x13f8 build/obj/can_lld.o
 .debug_info    0x0001b7d1       0xa6 build/obj/ext_lld.o
 .debug_info    0x0001b877       0xa6 build/obj/mac_lld.o
 .debug_info    0x0001b91d       0xa6 build/obj/sdc_lld.o
 .debug_info    0x0001b9c3      0x77b build/obj/pal_lld.o
 .debug_info    0x0001c13e       0xa6 build/obj/i2c_lld.o
 .debug_info    0x0001c1e4     0x25ba build/obj/usb_lld.o
 .debug_info    0x0001e79e       0xa6 build/obj/rtc_lld.o
 .debug_info    0x0001e844      0xe11 build/obj/spi_lld.o
 .debug_info    0x0001f655       0xa6 build/obj/gpt_lld.o
 .debug_info    0x0001f6fb       0xa6 build/obj/icu_lld.o
 .debug_info    0x0001f7a1      0x755 build/obj/pwm_lld.o
 .debug_info    0x0001fef6      0xe62 build/obj/serial_lld.o
 .debug_info    0x00020d58       0xa6 build/obj/uart_lld.o
 .debug_info    0x00020dfe      0x200 build/obj/board.o
 .debug_info    0x00020ffe      0x510 build/obj/chprintf.o
 .debug_info    0x0002150e      0xcc2 build/obj/shell.o
 .debug_info    0x000221d0      0xd57 build/obj/console.o
 .debug_info    0x00022f27      0xff1 build/obj/can_comm.o
 .debug_info    0x00023f18      0x9fd build/obj/ds18b20.o
 .debug_info    0x00024915      0x5de build/obj/one_vire_comm.o
 .debug_info    0x00024ef3      0x75b build/obj/main.o
 .debug_info    0x0002564e      0x598 build/obj/light.o

.debug_line     0x00000000     0xcebb
 .debug_line    0x00000000      0x17f build/obj/crt0.o
 .debug_line    0x0000017f       0xf0 build/obj/vectors.o
 .debug_line    0x0000026f       0x5e build/obj/chcore.o
 .debug_line    0x000002cd      0x22e build/obj/chcore_v7m.o
 .debug_line    0x000004fb      0x12e build/obj/nvic.o
 .debug_line    0x00000629      0x1db build/obj/chsys.o
 .debug_line    0x00000804       0x1d build/obj/chdebug.o
 .debug_line    0x00000821       0x1d build/obj/chlists.o
 .debug_line    0x0000083e      0x17c build/obj/chvt.o
 .debug_line    0x000009ba      0x355 build/obj/chschd.o
 .debug_line    0x00000d0f      0x396 build/obj/chthreads.o
 .debug_line    0x000010a5      0x277 build/obj/chdynamic.o
 .debug_line    0x0000131c      0x21b build/obj/chregistry.o
 .debug_line    0x00001537      0x3a0 build/obj/chsem.o
 .debug_line    0x000018d7      0x370 build/obj/chmtx.o
 .debug_line    0x00001c47      0x2aa build/obj/chcond.o
 .debug_line    0x00001ef1      0x35b build/obj/chevents.o
 .debug_line    0x0000224c      0x1ef build/obj/chmsg.o
 .debug_line    0x0000243b      0x2a4 build/obj/chmboxes.o
 .debug_line    0x000026df      0x3ba build/obj/chqueues.o
 .debug_line    0x00002a99      0x19c build/obj/chmemcore.o
 .debug_line    0x00002c35      0x2ce build/obj/chheap.o
 .debug_line    0x00002f03      0x271 build/obj/chmempools.o
 .debug_line    0x00003174      0x4f5 build/obj/test.o
 .debug_line    0x00003669      0x218 build/obj/testthd.o
 .debug_line    0x00003881      0x30b build/obj/testsem.o
 .debug_line    0x00003b8c      0x4b5 build/obj/testmtx.o
 .debug_line    0x00004041      0x1a2 build/obj/testmsg.o
 .debug_line    0x000041e3      0x2ed build/obj/testmbox.o
 .debug_line    0x000044d0      0x2b6 build/obj/testevt.o
 .debug_line    0x00004786      0x259 build/obj/testheap.o
 .debug_line    0x000049df      0x13d build/obj/testpools.o
 .debug_line    0x00004b1c      0x341 build/obj/testdyn.o
 .debug_line    0x00004e5d      0x4ac build/obj/testqueues.o
 .debug_line    0x00005309      0x603 build/obj/testbmk.o
 .debug_line    0x0000590c      0x250 build/obj/hal.o
 .debug_line    0x00005b5c      0x3ca build/obj/adc.o
 .debug_line    0x00005f26      0x342 build/obj/can.o
 .debug_line    0x00006268       0xe8 build/obj/ext.o
 .debug_line    0x00006350       0xe8 build/obj/gpt.o
 .debug_line    0x00006438       0xe8 build/obj/i2c.o
 .debug_line    0x00006520       0xe8 build/obj/icu.o
 .debug_line    0x00006608       0xe8 build/obj/mac.o
 .debug_line    0x000066f0       0xe8 build/obj/mmc_spi.o
 .debug_line    0x000067d8       0xe8 build/obj/mmcsd.o
 .debug_line    0x000068c0      0x1ad build/obj/pal.o
 .debug_line    0x00006a6d      0x213 build/obj/pwm.o
 .debug_line    0x00006c80       0xe8 build/obj/rtc.o
 .debug_line    0x00006d68       0xe8 build/obj/sdc.o
 .debug_line    0x00006e50      0x3f4 build/obj/serial.o
 .debug_line    0x00007244      0x4ba build/obj/serial_usb.o
 .debug_line    0x000076fe      0x452 build/obj/spi.o
 .debug_line    0x00007b50       0xe8 build/obj/tm.o
 .debug_line    0x00007c38       0xe8 build/obj/uart.o
 .debug_line    0x00007d20      0x53b build/obj/usb.o
 .debug_line    0x0000825b      0x3d0 build/obj/stm32_dma.o
 .debug_line    0x0000862b      0x1fe build/obj/hal_lld.o
 .debug_line    0x00008829      0x46a build/obj/adc_lld.o
 .debug_line    0x00008c93       0xe8 build/obj/ext_lld_isr.o
 .debug_line    0x00008d7b      0x4c8 build/obj/can_lld.o
 .debug_line    0x00009243       0xe8 build/obj/ext_lld.o
 .debug_line    0x0000932b       0xe8 build/obj/mac_lld.o
 .debug_line    0x00009413       0xe8 build/obj/sdc_lld.o
 .debug_line    0x000094fb      0x21b build/obj/pal_lld.o
 .debug_line    0x00009716       0xe8 build/obj/i2c_lld.o
 .debug_line    0x000097fe      0x8dc build/obj/usb_lld.o
 .debug_line    0x0000a0da       0xe8 build/obj/rtc_lld.o
 .debug_line    0x0000a1c2      0x4ba build/obj/spi_lld.o
 .debug_line    0x0000a67c       0xe8 build/obj/gpt_lld.o
 .debug_line    0x0000a764       0xe8 build/obj/icu_lld.o
 .debug_line    0x0000a84c      0x2b3 build/obj/pwm_lld.o
 .debug_line    0x0000aaff      0x3fc build/obj/serial_lld.o
 .debug_line    0x0000aefb       0xe8 build/obj/uart_lld.o
 .debug_line    0x0000afe3      0x159 build/obj/board.o
 .debug_line    0x0000b13c      0x35b build/obj/chprintf.o
 .debug_line    0x0000b497      0x438 build/obj/shell.o
 .debug_line    0x0000b8cf      0x41b build/obj/console.o
 .debug_line    0x0000bcea      0x43a build/obj/can_comm.o
 .debug_line    0x0000c124      0x60f build/obj/ds18b20.o
 .debug_line    0x0000c733      0x2fb build/obj/one_vire_comm.o
 .debug_line    0x0000ca2e      0x25f build/obj/main.o
 .debug_line    0x0000cc8d      0x22e build/obj/light.o

.debug_loc      0x00000000     0xdb6f
 .debug_loc     0x00000000       0x72 build/obj/crt0.o
 .debug_loc     0x00000072       0xfb build/obj/chcore_v7m.o
 .debug_loc     0x0000016d      0x102 build/obj/nvic.o
 .debug_loc     0x0000026f       0xed build/obj/chsys.o
 .debug_loc     0x0000035c       0xc7 build/obj/chvt.o
 .debug_loc     0x00000423      0x364 build/obj/chschd.o
 .debug_loc     0x00000787      0x49c build/obj/chthreads.o
 .debug_loc     0x00000c23      0x2b5 build/obj/chdynamic.o
 .debug_loc     0x00000ed8       0xbf build/obj/chregistry.o
 .debug_loc     0x00000f97      0x58f build/obj/chsem.o
 .debug_loc     0x00001526      0x542 build/obj/chmtx.o
 .debug_loc     0x00001a68      0x47c build/obj/chcond.o
 .debug_loc     0x00001ee4      0x8d6 build/obj/chevents.o
 .debug_loc     0x000027ba      0x1da build/obj/chmsg.o
 .debug_loc     0x00002994      0x532 build/obj/chmboxes.o
 .debug_loc     0x00002ec6      0x73f build/obj/chqueues.o
 .debug_loc     0x00003605       0xbe build/obj/chmemcore.o
 .debug_loc     0x000036c3      0x277 build/obj/chheap.o
 .debug_loc     0x0000393a      0x2ac build/obj/chmempools.o
 .debug_loc     0x00003be6      0x5f0 build/obj/test.o
 .debug_loc     0x000041d6      0x1e8 build/obj/testthd.o
 .debug_loc     0x000043be      0x364 build/obj/testsem.o
 .debug_loc     0x00004722      0x677 build/obj/testmtx.o
 .debug_loc     0x00004d99       0xe0 build/obj/testmsg.o
 .debug_loc     0x00004e79      0x6e7 build/obj/testmbox.o
 .debug_loc     0x00005560      0x261 build/obj/testevt.o
 .debug_loc     0x000057c1      0x1ad build/obj/testheap.o
 .debug_loc     0x0000596e      0x107 build/obj/testpools.o
 .debug_loc     0x00005a75      0x223 build/obj/testdyn.o
 .debug_loc     0x00005c98      0x8ed build/obj/testqueues.o
 .debug_loc     0x00006585      0x64a build/obj/testbmk.o
 .debug_loc     0x00006bcf       0x6f build/obj/hal.o
 .debug_loc     0x00006c3e      0x3d4 build/obj/adc.o
 .debug_loc     0x00007012      0x3d5 build/obj/can.o