Archive member included because of file (symbol)

c:/program files (x86)/codesourcery/sourcery g++ lite/bin/../lib/gcc/arm-none-eabi/4.5.2/../../../../arm-none-eabi/lib/thumb2\libc.a(lib_a-memset.o)
                              build/obj/syscalls.o (memset)
c:/program files (x86)/codesourcery/sourcery g++ lite/bin/../lib/gcc/arm-none-eabi/4.5.2/../../../../arm-none-eabi/lib/thumb2\libc.a(lib_a-reent.o)
                              build/obj/console.o (errno)
c:/program files (x86)/codesourcery/sourcery g++ lite/bin/../lib/gcc/arm-none-eabi/4.5.2/../../../../arm-none-eabi/lib/thumb2\libc.a(lib_a-strcasecmp.o)
                              build/obj/shell.o (strcasecmp)
c:/program files (x86)/codesourcery/sourcery g++ lite/bin/../lib/gcc/arm-none-eabi/4.5.2/../../../../arm-none-eabi/lib/thumb2\libc.a(lib_a-strchr.o)
                              build/obj/shell.o (strchr)
c:/program files (x86)/codesourcery/sourcery g++ lite/bin/../lib/gcc/arm-none-eabi/4.5.2/../../../../arm-none-eabi/lib/thumb2\libc.a(lib_a-strspn.o)
                              build/obj/shell.o (strspn)
c:/program files (x86)/codesourcery/sourcery g++ lite/bin/../lib/gcc/arm-none-eabi/4.5.2/../../../../arm-none-eabi/lib/thumb2\libc.a(lib_a-ctype_.o)
                              c:/program files (x86)/codesourcery/sourcery g++ lite/bin/../lib/gcc/arm-none-eabi/4.5.2/../../../../arm-none-eabi/lib/thumb2\libc.a(lib_a-strcasecmp.o) (__ctype_ptr__)
c:/program files (x86)/codesourcery/sourcery g++ lite/bin/../lib/gcc/arm-none-eabi/4.5.2/../../../../arm-none-eabi/lib/thumb2\libc.a(lib_a-freer.o)
                              c:/program files (x86)/codesourcery/sourcery g++ lite/bin/../lib/gcc/arm-none-eabi/4.5.2/../../../../arm-none-eabi/lib/thumb2\libc.a(lib_a-reent.o) (_free_r)
c:/program files (x86)/codesourcery/sourcery g++ lite/bin/../lib/gcc/arm-none-eabi/4.5.2/../../../../arm-none-eabi/lib/thumb2\libc.a(lib_a-impure.o)
                              c:/program files (x86)/codesourcery/sourcery g++ lite/bin/../lib/gcc/arm-none-eabi/4.5.2/../../../../arm-none-eabi/lib/thumb2\libc.a(lib_a-reent.o) (_impure_ptr)
c:/program files (x86)/codesourcery/sourcery g++ lite/bin/../lib/gcc/arm-none-eabi/4.5.2/../../../../arm-none-eabi/lib/thumb2\libc.a(lib_a-mallocr.o)
                              c:/program files (x86)/codesourcery/sourcery g++ lite/bin/../lib/gcc/arm-none-eabi/4.5.2/../../../../arm-none-eabi/lib/thumb2\libc.a(lib_a-freer.o) (__malloc_av_)
c:/program files (x86)/codesourcery/sourcery g++ lite/bin/../lib/gcc/arm-none-eabi/4.5.2/../../../../arm-none-eabi/lib/thumb2\libc.a(lib_a-mlock.o)
                              c:/program files (x86)/codesourcery/sourcery g++ lite/bin/../lib/gcc/arm-none-eabi/4.5.2/../../../../arm-none-eabi/lib/thumb2\libc.a(lib_a-freer.o) (__malloc_lock)

Allocating common symbols
Common symbol       size              file

errno               0x4               c:/program files (x86)/codesourcery/sourcery g++ lite/bin/../lib/gcc/arm-none-eabi/4.5.2/../../../../arm-none-eabi/lib/thumb2\libc.a(lib_a-reent.o)

Discarded input sections

 .text          0x00000000        0x0 build/obj/crt0.o
 .data          0x00000000        0x0 build/obj/crt0.o
 .bss           0x00000000        0x0 build/obj/crt0.o
 .text.__early_init
                0x00000000       0x10 build/obj/crt0.o
 .text          0x00000000        0x0 build/obj/vectors.o
 .data          0x00000000        0x0 build/obj/vectors.o
 .bss           0x00000000        0x0 build/obj/vectors.o
 .text          0x00000000        0x0 build/obj/chcore.o
 .data          0x00000000        0x0 build/obj/chcore.o
 .bss           0x00000000        0x0 build/obj/chcore.o
 .text          0x00000000        0x0 build/obj/chcore_v7m.o
 .data          0x00000000        0x0 build/obj/chcore_v7m.o
 .bss           0x00000000        0x0 build/obj/chcore_v7m.o
 .text          0x00000000        0x0 build/obj/nvic.o
 .data          0x00000000        0x0 build/obj/nvic.o
 .bss           0x00000000        0x0 build/obj/nvic.o
 .text.nvicEnableVector
                0x00000000       0x50 build/obj/nvic.o
 .text.nvicDisableVector
                0x00000000       0x40 build/obj/nvic.o
 .text          0x00000000        0x0 build/obj/chsys.o
 .data          0x00000000        0x0 build/obj/chsys.o
 .bss           0x00000000        0x0 build/obj/chsys.o
 .text          0x00000000        0x0 build/obj/chdebug.o
 .data          0x00000000        0x0 build/obj/chdebug.o
 .bss           0x00000000        0x0 build/obj/chdebug.o
 .text.dbg_check_disable
                0x00000000       0x30 build/obj/chdebug.o
 .text.dbg_check_suspend
                0x00000000       0x30 build/obj/chdebug.o
 .text          0x00000000        0x0 build/obj/chlists.o
 .data          0x00000000        0x0 build/obj/chlists.o
 .bss           0x00000000        0x0 build/obj/chlists.o
 .text          0x00000000        0x0 build/obj/chvt.o
 .data          0x00000000        0x0 build/obj/chvt.o
[...]
Memory Configuration

Name             Origin             Length             Attributes
flash            0x08000000         0x00100000
ram              0x20000000         0x0001c000
ethram           0x2001c000         0x00004000
ccmram           0x10000000         0x00010000
*default*        0x00000000         0xffffffff

Linker script and memory map

LOAD build/obj/crt0.o
LOAD build/obj/vectors.o
LOAD build/obj/chcore.o
LOAD build/obj/chcore_v7m.o
LOAD build/obj/nvic.o
LOAD build/obj/chsys.o
LOAD build/obj/chdebug.o
LOAD build/obj/chlists.o
LOAD build/obj/chvt.o
LOAD build/obj/chschd.o
LOAD build/obj/chthreads.o
LOAD build/obj/chdynamic.o
LOAD build/obj/chregistry.o
LOAD build/obj/chsem.o
LOAD build/obj/chmtx.o
LOAD build/obj/chcond.o
LOAD build/obj/chevents.o
LOAD build/obj/chmsg.o
LOAD build/obj/chmboxes.o
LOAD build/obj/chqueues.o
LOAD build/obj/chmemcore.o
LOAD build/obj/chheap.o
LOAD build/obj/chmempools.o
LOAD build/obj/test.o
LOAD build/obj/testthd.o
LOAD build/obj/testsem.o
LOAD build/obj/testmtx.o
LOAD build/obj/testmsg.o
LOAD build/obj/testmbox.o
LOAD build/obj/testevt.o
LOAD build/obj/testheap.o
LOAD build/obj/testpools.o
LOAD build/obj/testdyn.o
LOAD build/obj/testqueues.o
LOAD build/obj/testbmk.o
LOAD build/obj/hal.o
LOAD build/obj/adc.o
LOAD build/obj/can.o
LOAD build/obj/ext.o
LOAD build/obj/gpt.o
LOAD build/obj/i2c.o
LOAD build/obj/icu.o
LOAD build/obj/mac.o
LOAD build/obj/mmc_spi.o
LOAD build/obj/mmcsd.o
LOAD build/obj/pal.o
LOAD build/obj/pwm.o
LOAD build/obj/rtc.o
LOAD build/obj/sdc.o
LOAD build/obj/serial.o
LOAD build/obj/serial_usb.o
LOAD build/obj/spi.o
LOAD build/obj/tm.o
LOAD build/obj/uart.o
LOAD build/obj/usb.o
LOAD build/obj/stm32_dma.o
LOAD build/obj/hal_lld.o
LOAD build/obj/adc_lld.o
LOAD build/obj/ext_lld_isr.o
LOAD build/obj/can_lld.o
LOAD build/obj/ext_lld.o
LOAD build/obj/gpt_lld.o
LOAD build/obj/icu_lld.o
LOAD build/obj/mac_lld.o
LOAD build/obj/pwm_lld.o
LOAD build/obj/sdc_lld.o
LOAD build/obj/serial_lld.o
LOAD build/obj/spi_lld.o
LOAD build/obj/pal_lld.o
LOAD build/obj/i2c_lld.o
LOAD build/obj/usb_lld.o
LOAD build/obj/rtc_lld.o
LOAD build/obj/uart_lld.o
LOAD build/obj/board.o
LOAD build/obj/evtimer.o
LOAD build/obj/syscalls.o
LOAD build/obj/shell.o
LOAD build/obj/chprintf.o
LOAD build/obj/main.o
LOAD build/obj/console.o
START GROUP
LOAD c:/program files (x86)/codesourcery/sourcery g++ lite/bin/../lib/gcc/arm-none-eabi/4.5.2/thumb2\libgcc.a
LOAD c:/program files (x86)/codesourcery/sourcery g++ lite/bin/../lib/gcc/arm-none-eabi/4.5.2/../../../../arm-none-eabi/lib/thumb2\libc.a
END GROUP
                0x00000400                __main_stack_size__ = 0x400
                0x00000400                __process_stack_size__ = 0x400
                0x20000000                __ram_start__ = 0x20000000
                0x0001c000                __ram_size__ = 0x1c000
                0x2001c000                __ram_end__ = (__ram_start__ + __ram_size__)
                0x00000000                . = 0x0
                0x00000000                _text = .

startup         0x08000000      0x188
 *(vectors)
 vectors        0x08000000      0x188 build/obj/vectors.o
                0x08000000                _vectors

constructors    0x08000188        0x0
                0x08000188                PROVIDE (__init_array_start, .)
 *(SORT(.init_array.*))
 *(.init_array)
                0x08000188                PROVIDE (__init_array_end, .)

destructors     0x08000188        0x0
                0x08000188                PROVIDE (__fini_array_start, .)
 *(.fini_array)
 *(SORT(.fini_array.*))
                0x08000188                PROVIDE (__fini_array_end, .)

.text           0x08000190     0x2434
 *(.text.startup.*)
 *(.text)
 *(.text.*)
 .text.__late_init
                0x08000190       0x10 build/obj/crt0.o
                0x08000190                __late_init
 .text._default_exit
                0x080001a0       0x10 build/obj/crt0.o
                0x080001a0                _default_exit
 .text.ResetHandler
                0x080001b0      0x1d0 build/obj/crt0.o
                0x080001b0                ResetHandler
 .text._unhandled_exception
                0x08000380       0x10 build/obj/vectors.o
                0x08000380                Vector58
                0x08000380                VectorE8
                0x08000380                Vector9C
                0x08000380                VectorAC
                0x08000380                Vector5C
                0x08000380                NMIVector
                0x08000380                Vector11C
                0x08000380                Vector8C
                0x08000380                VectorDC
                0x08000380                Vector168
                0x08000380                Vector110
                0x08000380                VectorC8
                0x08000380                Vector94
                0x08000380                VectorA8
                0x08000380                VectorB4
                0x08000380                Vector160
                0x08000380                VectorEC
                0x08000380                UsageFaultVector
                0x08000380                DebugMonitorVector
                0x08000380                Vector40
                0x08000380                VectorF8
                0x08000380                Vector108
                0x08000380                VectorBC
                0x08000380                Vector148
                0x08000380                PendSVVector
                0x08000380                Vector118
                0x08000380                Vector64
                0x08000380                VectorCC
                0x08000380                Vector54
                0x08000380                Vector98
                0x08000380                VectorD8
                0x08000380                Vector138
                0x08000380                Vector24
                0x08000380                Vector178
                0x08000380                BusFaultVector
                0x08000380                VectorD0
                0x08000380                Vector140
                0x08000380                VectorE4
                0x08000380                VectorC0
                0x08000380                HardFaultVector
                0x08000380                Vector134
                0x08000380                VectorF0
                0x08000380                Vector13C
                0x08000380                Vector100
                0x08000380                VectorE0
                0x08000380                VectorF4
                0x08000380                MemManageVector
                0x08000380                VectorA0
                0x08000380                VectorC4
                0x08000380                Vector180
                0x08000380                VectorB0
                0x08000380                Vector90
                0x08000380                Vector114
                0x08000380                Vector164
                0x08000380                Vector60
                0x08000380                Vector1C
                0x08000380                Vector17C
                0x08000380                Vector48
                0x08000380                Vector16C
                0x08000380                Vector4C
                0x08000380                Vector144
                0x08000380                Vector68
                0x08000380                _unhandled_exception
                0x08000380                Vector170
                0x08000380                Vector88
                0x08000380                Vector104
                0x08000380                Vector184
                0x08000380                Vector10C
                0x08000380                Vector14C
                0x08000380                Vector50
                0x08000380                Vector44
                0x08000380                Vector28
                0x08000380                VectorB8
                0x08000380                Vector34
                0x08000380                VectorA4
                0x08000380                Vector20
                0x08000380                Vector174
 .text.port_halt
                0x08000390       0x10 build/obj/chcore.o
                0x08000390                port_halt
 .text._port_switch_from_isr
                0x080003a0       0x10 build/obj/chcore_v7m.o
                0x080003a0                _port_switch_from_isr
 .text.SVCallVector
                0x080003b0       0x20 build/obj/chcore_v7m.o
                0x080003b0                SVCallVector
 .text._port_init
                0x080003d0       0x40 build/obj/chcore_v7m.o
                0x080003d0                _port_init
 .text._port_irq_epilogue
                0x08000410       0x70 build/obj/chcore_v7m.o
                0x08000410                _port_irq_epilogue
 .text.SysTickVector
                0x08000480       0x30 build/obj/chcore_v7m.o
                0x08000480                SysTickVector
 .text._port_switch
                0x080004b0       0x10 build/obj/chcore_v7m.o
                0x080004b0                _port_switch
 .text._port_thread_start
                0x080004c0       0x20 build/obj/chcore_v7m.o
                0x080004c0                _port_thread_start
 .text.nvicSetSystemHandlerPriority
                0x080004e0       0x30 build/obj/nvic.o
                0x080004e0                nvicSetSystemHandlerPriority
 .text._idle_thread
                0x08000510       0x20 build/obj/chsys.o
                0x08000510                _idle_thread
 .text.chSysInit
                0x08000530       0x70 build/obj/chsys.o
                0x08000530                chSysInit
 .text.chSysTimerHandlerI
                0x080005a0       0x80 build/obj/chsys.o
                0x080005a0                chSysTimerHandlerI
 .text.dbg_check_enable
                0x08000620       0x30 build/obj/chdebug.o
                0x08000620                dbg_check_enable
 .text.dbg_check_lock
                0x08000650       0x40 build/obj/chdebug.o
                0x08000650                dbg_check_lock
 .text.dbg_check_unlock
                0x08000690       0x40 build/obj/chdebug.o
                0x08000690                dbg_check_unlock
 .text.dbg_check_lock_from_isr
                0x080006d0       0x40 build/obj/chdebug.o
                0x080006d0                dbg_check_lock_from_isr
 .text.dbg_check_unlock_from_isr
                0x08000710       0x40 build/obj/chdebug.o
                0x08000710                dbg_check_unlock_from_isr
 .text.dbg_check_enter_isr
                0x08000750       0x40 build/obj/chdebug.o
                0x08000750                dbg_check_enter_isr
 .text.dbg_check_leave_isr
                0x08000790       0x40 build/obj/chdebug.o
                0x08000790                dbg_check_leave_isr
 .text.chDbgCheckClassI
                0x080007d0       0x30 build/obj/chdebug.o
                0x080007d0                chDbgCheckClassI
 .text.chDbgCheckClassS
                0x08000800       0x30 build/obj/chdebug.o
                0x08000800                chDbgCheckClassS
 .text._trace_init
                0x08000830       0x20 build/obj/chdebug.o
                0x08000830                _trace_init
 .text.dbg_trace
                0x08000850       0x50 build/obj/chdebug.o
                0x08000850                dbg_trace
 .text.chDbgPanic
                0x080008a0       0x10 build/obj/chdebug.o
                0x080008a0                chDbgPanic
 .text._vt_init
                0x080008b0       0x20 build/obj/chvt.o
                0x080008b0                _vt_init
 .text.chVTSetI
                0x080008d0       0x60 build/obj/chvt.o
                0x080008d0                chVTSetI
 .text.chVTResetI
                0x08000930       0x50 build/obj/chvt.o
                0x08000930                chVTResetI
 .text._scheduler_init
                0x08000980       0x20 build/obj/chschd.o
                0x08000980                _scheduler_init
 .text.chSchReadyI
                0x080009a0       0x50 build/obj/chschd.o
                0x080009a0                chSchReadyI
 .text.wakeup   0x080009f0       0x60 build/obj/chschd.o
 .text.chSchGoSleepS
                0x08000a50       0x50 build/obj/chschd.o
                0x08000a50                chSchGoSleepS
 .text.chSchGoSleepTimeoutS
                0x08000aa0       0x50 build/obj/chschd.o
                0x08000aa0                chSchGoSleepTimeoutS
 .text.chSchWakeupS
                0x08000af0       0x60 build/obj/chschd.o
                0x08000af0                chSchWakeupS
 .text.chSchDoRescheduleBehind
                0x08000b50       0x50 build/obj/chschd.o
                0x08000b50                chSchDoRescheduleBehind
 .text.chSchDoRescheduleAhead
                0x08000ba0       0x60 build/obj/chschd.o
                0x08000ba0                chSchDoRescheduleAhead
 .text.chSchDoReschedule
                0x08000c00       0x20 build/obj/chschd.o
                0x08000c00                chSchDoReschedule
 .text._thread_init
                0x08000c20       0x50 build/obj/chthreads.o
                0x08000c20                _thread_init
 .text.chThdCreateI
                0x08000c70       0x90 build/obj/chthreads.o
                0x08000c70                chThdCreateI
 .text.chThdCreateStatic
                0x08000d00       0x90 build/obj/chthreads.o
                0x08000d00                chThdCreateStatic
 .text.chThdSleep
                0x08000d90       0x30 build/obj/chthreads.o
                0x08000d90                chThdSleep
 .text.chThdSleepUntil
                0x08000dc0       0x30 build/obj/chthreads.o
                0x08000dc0                chThdSleepUntil
 .text.chThdExitS
                0x08000df0       0x50 build/obj/chthreads.o
                0x08000df0                chThdExitS
 .text.chThdExit
                0x08000e40       0x20 build/obj/chthreads.o
                0x08000e40                chThdExit
 .text.chMtxInit
                0x08000e60       0x30 build/obj/chmtx.o
                0x08000e60                chMtxInit
 .text.chEvtSignalI
                0x08000e90       0x50 build/obj/chevents.o
                0x08000e90                chEvtSignalI
 .text.chEvtBroadcastFlagsI
                0x08000ee0       0x40 build/obj/chevents.o
                0x08000ee0                chEvtBroadcastFlagsI
 .text.qwait    0x08000f20       0x30 build/obj/chqueues.o
 .text.chIQInit
                0x08000f50       0x20 build/obj/chqueues.o
                0x08000f50                chIQInit
 .text.chIQPutI
                0x08000f70       0x60 build/obj/chqueues.o
                0x08000f70                chIQPutI
 .text.chIQGetTimeout
                0x08000fd0       0x60 build/obj/chqueues.o
                0x08000fd0                chIQGetTimeout
 .text.chIQReadTimeout
                0x08001030       0x90 build/obj/chqueues.o
                0x08001030                chIQReadTimeout
 .text.chOQInit
                0x080010c0       0x20 build/obj/chqueues.o
                0x080010c0                chOQInit
 .text.chOQPutTimeout
                0x080010e0       0x70 build/obj/chqueues.o
                0x080010e0                chOQPutTimeout
 .text.chOQGetI
                0x08001150       0x50 build/obj/chqueues.o
                0x08001150                chOQGetI
 .text.chOQWriteTimeout
                0x080011a0       0xb0 build/obj/chqueues.o
                0x080011a0                chOQWriteTimeout
 .text._core_init
                0x08001250       0x30 build/obj/chmemcore.o
                0x08001250                _core_init
 .text.chCoreAllocI
                0x08001280       0x30 build/obj/chmemcore.o
                0x08001280                chCoreAllocI
 .text.chCoreAlloc
                0x080012b0       0x30 build/obj/chmemcore.o
                0x080012b0                chCoreAlloc
 .text._heap_init
                0x080012e0       0x20 build/obj/chheap.o
                0x080012e0                _heap_init
 .text.halInit  0x08001300       0x30 build/obj/hal.o
                0x08001300                halInit
 .text.readt    0x08001330       0x10 build/obj/serial.o
 .text.read     0x08001340       0x10 build/obj/serial.o
 .text.writet   0x08001350       0x10 build/obj/serial.o
 .text.write    0x08001360       0x10 build/obj/serial.o
 .text.gett     0x08001370       0x10 build/obj/serial.o
 .text.get      0x08001380       0x10 build/obj/serial.o
 .text.putt     0x08001390       0x10 build/obj/serial.o
 .text.put      0x080013a0       0x10 build/obj/serial.o
 .text.sdInit   0x080013b0       0x10 build/obj/serial.o
                0x080013b0                sdInit
 .text.sdObjectInit
                0x080013c0       0x40 build/obj/serial.o
                0x080013c0                sdObjectInit
 .text.sdIncomingDataI
                0x08001400       0x50 build/obj/serial.o
                0x08001400                sdIncomingDataI
 .text.tm_start
                0x08001450       0x10 build/obj/tm.o
 .text.tm_stop  0x08001460       0x30 build/obj/tm.o
 .text.tmInit   0x08001490       0x40 build/obj/tm.o
                0x08001490                tmInit
 .text.uartInit
                0x080014d0       0x10 build/obj/uart.o
                0x080014d0                uartInit
 .text.uartObjectInit
                0x080014e0       0x10 build/obj/uart.o
                0x080014e0                uartObjectInit
 .text.Vector6C
                0x080014f0       0x30 build/obj/stm32_dma.o
                0x080014f0                Vector6C
 .text.Vector70
                0x08001520       0x40 build/obj/stm32_dma.o
                0x08001520                Vector70
 .text.Vector74
                0x08001560       0x40 build/obj/stm32_dma.o
                0x08001560                Vector74
 .text.Vector78
                0x080015a0       0x40 build/obj/stm32_dma.o
                0x080015a0                Vector78
 .text.Vector7C
                0x080015e0       0x30 build/obj/stm32_dma.o
                0x080015e0                Vector7C
 .text.Vector80
                0x08001610       0x40 build/obj/stm32_dma.o
                0x08001610                Vector80
 .text.Vector84
                0x08001650       0x40 build/obj/stm32_dma.o
                0x08001650                Vector84
 .text.VectorFC
                0x08001690       0x40 build/obj/stm32_dma.o
                0x08001690                VectorFC
 .text.Vector120
                0x080016d0       0x30 build/obj/stm32_dma.o
                0x080016d0                Vector120
 .text.Vector124
                0x08001700       0x40 build/obj/stm32_dma.o
                0x08001700                Vector124
 .text.Vector128
                0x08001740       0x40 build/obj/stm32_dma.o
                0x08001740                Vector128
 .text.Vector12C
                0x08001780       0x40 build/obj/stm32_dma.o
                0x08001780                Vector12C
 .text.Vector130
                0x080017c0       0x30 build/obj/stm32_dma.o
                0x080017c0                Vector130
 .text.Vector150
                0x080017f0       0x40 build/obj/stm32_dma.o
                0x080017f0                Vector150
 .text.Vector154
                0x08001830       0x40 build/obj/stm32_dma.o
                0x08001830                Vector154
 .text.Vector158
                0x08001870       0x40 build/obj/stm32_dma.o
                0x08001870                Vector158
 .text.dmaInit  0x080018b0       0xc0 build/obj/stm32_dma.o
                0x080018b0                dmaInit
 .text.hal_lld_init
                0x08001970       0xc0 build/obj/hal_lld.o
                0x08001970                hal_lld_init
 .text.stm32_clock_init
                0x08001a30       0xf0 build/obj/hal_lld.o
                0x08001a30                stm32_clock_init
 .text.notify1  0x08001b20       0x20 build/obj/serial_lld.o
 .text.VectorD4
                0x08001b40      0x150 build/obj/serial_lld.o
                0x08001b40                VectorD4
 .text.sd_lld_init
                0x08001c90       0x20 build/obj/serial_lld.o
                0x08001c90                sd_lld_init
 .text._pal_lld_init
                0x08001cb0      0x1f0 build/obj/pal_lld.o
                0x08001cb0                _pal_lld_init
 .text.Vector15C
                0x08001ea0       0x90 build/obj/uart_lld.o
                0x08001ea0                Vector15C
 .text.uart_lld_init
                0x08001f30       0x30 build/obj/uart_lld.o
                0x08001f30                uart_lld_init
 .text.__early_init
                0x08001f60       0x10 build/obj/board.o
                0x08001f60                __early_init
 .text.boardInit
                0x08001f70       0x10 build/obj/board.o
                0x08001f70                boardInit
 .text.Thread1  0x08001f80       0x50 build/obj/main.o
 .text.task20ms
                0x08001fd0       0x30 build/obj/main.o
 .text.main     0x08002000       0x60 build/obj/main.o
                0x08002000                main
 *(.rodata)
 *(.rodata.*)
 .rodata.str1.4
                0x08002060        0x5 build/obj/chsys.o
                                  0x8 (size before relaxing)
 *fill*         0x08002065        0xb 00
 .rodata.str1.4
                0x08002070       0x56 build/obj/chdebug.o
                                 0x58 (size before relaxing)
 *fill*         0x080020c6        0xa 00
 .rodata.str1.4
                0x080020d0       0x31 build/obj/chvt.o
                                 0x34 (size before relaxing)
 *fill*         0x08002101        0xf 00
 .rodata.str1.4
                0x08002110       0x23 build/obj/chschd.o
                                 0x24 (size before relaxing)
 *fill*         0x08002133        0xd 00
 .rodata.str1.4
                0x08002140       0x94 build/obj/chthreads.o
 *fill*         0x080021d4        0xc 00
 .rodata.ch_debug
                0x080021e0       0x18 build/obj/chregistry.o
                0x080021e0                ch_debug
 *fill*         0x080021f8        0x8 00
 .rodata.str1.4
                0x08002200       0xab build/obj/chmtx.o
                                 0xac (size before relaxing)
 *fill*         0x080022ab        0x5 00
 .rodata.str1.4
                0x080022b0       0x90 build/obj/chevents.o
 .rodata.str1.4
                0x08002340       0x29 build/obj/chqueues.o
                                 0x2c (size before relaxing)
 *fill*         0x08002369        0x7 00
 .rodata.str1.4
                0x08002370       0x5f build/obj/serial.o
                                 0x60 (size before relaxing)
 *fill*         0x080023cf        0x1 00
 .rodata.vmt    0x080023d0       0x20 build/obj/serial.o
 .rodata._stm32_dma_streams
                0x080023f0       0xc0 build/obj/stm32_dma.o
                0x080023f0                _stm32_dma_streams
 .rodata.pal_default_config
                0x080024b0       0xfc build/obj/board.o
                0x080024b0                pal_default_config
 *fill*         0x080025ac        0x4 00
 .rodata.str1.4
                0x080025b0       0x14 build/obj/main.o
 *(.glue_7t)
 .glue_7t       0x00000000        0x0 linker stubs
 *(.glue_7)
 .glue_7        0x00000000        0x0 linker stubs
 *(.gcc*)

.vfp11_veneer   0x080025c4        0x0
 .vfp11_veneer  0x00000000        0x0 linker stubs

.v4_bx          0x080025c4        0x0
 .v4_bx         0x00000000        0x0 linker stubs

.ARM.extab
 *(.ARM.extab* .gnu.linkonce.armextab.*)

.ARM.exidx      0x080025c4        0x0
                0x080025c4                PROVIDE (__exidx_start, .)
 *(.ARM.exidx* .gnu.linkonce.armexidx.*)
                0x080025c4                PROVIDE (__exidx_end, .)

.eh_frame_hdr
 *(.eh_frame_hdr)

.eh_frame
 *(.eh_frame)

.textalign      0x080025c4        0x4
                0x080025c8                . = ALIGN (0x8)
 *fill*         0x080025c4        0x4 00
                0x080025c8                _etext = .
                0x080025c8                _textdata = _etext

.stacks         0x20000000      0x800
                0x20000000                . = ALIGN (0x8)
                0x20000000                __main_stack_base__ = .
                0x20000400                . = (. + __main_stack_size__)
 *fill*         0x20000000      0x400 00
                0x20000400                . = ALIGN (0x8)
                0x20000400                __main_stack_end__ = .
                0x20000400                __process_stack_base__ = .
                0x20000400                __main_thread_stack_base__ = .
                0x20000800                . = (. + __process_stack_size__)
 *fill*         0x20000400      0x400 00
                0x20000800                . = ALIGN (0x8)
                0x20000800                __process_stack_end__ = .
                0x20000800                __main_thread_stack_end__ = .

.data           0x20000800        0x0 load address 0x080025c8
                0x20000800                . = ALIGN (0x4)
                0x20000800                PROVIDE (_data, .)
 *(.data)
                0x20000800                . = ALIGN (0x4)
 *(.data.*)
                0x20000800                . = ALIGN (0x4)
 *(.ramtext)
                0x20000800                . = ALIGN (0x4)
                0x20000800                PROVIDE (_edata, .)

.bss            0x20000800      0x978 load address 0x080025c8
                0x20000800                . = ALIGN (0x4)
                0x20000800                PROVIDE (_bss_start, .)
 *(.bss)
                0x20000800                . = ALIGN (0x4)
 *(.bss.*)
 .bss.mainthread.4692
                0x20000800       0x4c build/obj/chsys.o
 *fill*         0x2000084c        0x4 00
 .bss._idle_thread_wa
                0x20000850       0xc0 build/obj/chsys.o
                0x20000850                _idle_thread_wa
 .bss.dbg_isr_cnt
                0x20000910        0x4 build/obj/chdebug.o
                0x20000910                dbg_isr_cnt
 .bss.dbg_trace_buffer
                0x20000914      0x408 build/obj/chdebug.o
                0x20000914                dbg_trace_buffer
 .bss.dbg_lock_cnt
                0x20000d1c        0x4 build/obj/chdebug.o
                0x20000d1c                dbg_lock_cnt
 .bss.dbg_panic_msg
                0x20000d20        0x4 build/obj/chdebug.o
                0x20000d20                dbg_panic_msg
 .bss.vtlist    0x20000d24       0x10 build/obj/chvt.o
                0x20000d24                vtlist
 .bss.rlist     0x20000d34       0x1c build/obj/chschd.o
                0x20000d34                rlist
 .bss.endmem    0x20000d50        0x4 build/obj/chmemcore.o
 .bss.nextmem   0x20000d54        0x4 build/obj/chmemcore.o
 .bss.default_heap
                0x20000d58       0x20 build/obj/chheap.o
 .bss.measurement_offset
                0x20000d78        0x4 build/obj/tm.o
 .bss.dma_isr_redir
                0x20000d7c       0x80 build/obj/stm32_dma.o
 .bss.dma_streams_mask
                0x20000dfc        0x4 build/obj/stm32_dma.o
 .bss.SD1       0x20000e00       0x78 build/obj/serial_lld.o
                0x20000e00                SD1
 .bss.UARTD6    0x20000e78       0x1c build/obj/uart_lld.o
                0x20000e78                UARTD6
 *fill*         0x20000e94        0x4 00
 .bss.waThread1
                0x20000e98      0x130 build/obj/main.o
 .bss.watask20ms
                0x20000fc8      0x1b0 build/obj/main.o
                0x20001178                . = ALIGN (0x4)
 *(COMMON)
                0x20001178                . = ALIGN (0x4)
                0x20001178                PROVIDE (_bss_end, .)
                0x20001178                PROVIDE (end, .)
                0x20001178                _end = .
                0x20001178                __heap_base__ = _end
                0x2001c000                __heap_end__ = __ram_end__
OUTPUT(build/modulux.elf elf32-littlearm)

.debug_abbrev   0x00000000     0x6352
 .debug_abbrev  0x00000000       0xd9 build/obj/crt0.o
 .debug_abbrev  0x000000d9       0x74 build/obj/vectors.o
 .debug_abbrev  0x0000014d       0x41 build/obj/chcore.o
 .debug_abbrev  0x0000018e      0x18e build/obj/chcore_v7m.o
 .debug_abbrev  0x0000031c       0xec build/obj/nvic.o
 .debug_abbrev  0x00000408      0x187 build/obj/chsys.o
 .debug_abbrev  0x0000058f      0x210 build/obj/chdebug.o
 .debug_abbrev  0x0000079f       0x2a build/obj/chlists.o
 .debug_abbrev  0x000007c9      0x13d build/obj/chvt.o
 .debug_abbrev  0x00000906      0x28f build/obj/chschd.o
 .debug_abbrev  0x00000b95      0x2d8 build/obj/chthreads.o
 .debug_abbrev  0x00000e6d      0x196 build/obj/chdynamic.o
 .debug_abbrev  0x00001003      0x148 build/obj/chregistry.o
 .debug_abbrev  0x0000114b      0x265 build/obj/chsem.o
 .debug_abbrev  0x000013b0      0x226 build/obj/chmtx.o
 .debug_abbrev  0x000015d6      0x22f build/obj/chcond.o
 .debug_abbrev  0x00001805      0x20e build/obj/chevents.o
 .debug_abbrev  0x00001a13      0x1ab build/obj/chmsg.o
 .debug_abbrev  0x00001bbe      0x1be build/obj/chmboxes.o
 .debug_abbrev  0x00001d7c      0x291 build/obj/chqueues.o
 .debug_abbrev  0x0000200d       0xee build/obj/chmemcore.o
 .debug_abbrev  0x000020fb      0x1a3 build/obj/chheap.o
 .debug_abbrev  0x0000229e      0x124 build/obj/chmempools.o
 .debug_abbrev  0x000023c2      0x3c8 build/obj/test.o
 .debug_abbrev  0x0000278a      0x1b3 build/obj/testthd.o
 .debug_abbrev  0x0000293d      0x20d build/obj/testsem.o
 .debug_abbrev  0x00002b4a      0x294 build/obj/testmtx.o
 .debug_abbrev  0x00002dde      0x164 build/obj/testmsg.o
 .debug_abbrev  0x00002f42      0x1ac build/obj/testmbox.o
 .debug_abbrev  0x000030ee      0x20f build/obj/testevt.o
 .debug_abbrev  0x000032fd      0x19d build/obj/testheap.o
 .debug_abbrev  0x0000349a      0x14a build/obj/testpools.o
 .debug_abbrev  0x000035e4      0x204 build/obj/testdyn.o
 .debug_abbrev  0x000037e8      0x210 build/obj/testqueues.o
 .debug_abbrev  0x000039f8      0x2c2 build/obj/testbmk.o
 .debug_abbrev  0x00003cba      0x167 build/obj/hal.o
 .debug_abbrev  0x00003e21       0x4f build/obj/adc.o
 .debug_abbrev  0x00003e70       0x4f build/obj/can.o
 .debug_abbrev  0x00003ebf       0x4f build/obj/ext.o
 .debug_abbrev  0x00003f0e       0x4f build/obj/gpt.o
 .debug_abbrev  0x00003f5d       0x4f build/obj/i2c.o
 .debug_abbrev  0x00003fac       0x4f build/obj/icu.o
 .debug_abbrev  0x00003ffb       0x4f build/obj/mac.o
 .debug_abbrev  0x0000404a       0x4f build/obj/mmc_spi.o
 .debug_abbrev  0x00004099       0x4f build/obj/mmcsd.o
 .debug_abbrev  0x000040e8       0xed build/obj/pal.o
 .debug_abbrev  0x000041d5       0x4f build/obj/pwm.o
 .debug_abbrev  0x00004224       0x4f build/obj/rtc.o
 .debug_abbrev  0x00004273       0x4f build/obj/sdc.o
 .debug_abbrev  0x000042c2      0x227 build/obj/serial.o
 .debug_abbrev  0x000044e9       0x4f build/obj/serial_usb.o
 .debug_abbrev  0x00004538       0x4f build/obj/spi.o
 .debug_abbrev  0x00004587      0x169 build/obj/tm.o
 .debug_abbrev  0x000046f0      0x206 build/obj/uart.o
 .debug_abbrev  0x000048f6       0x4f build/obj/usb.o
 .debug_abbrev  0x00004945      0x199 build/obj/stm32_dma.o
 .debug_abbrev  0x00004ade      0x108 build/obj/hal_lld.o
 .debug_abbrev  0x00004be6       0x4f build/obj/adc_lld.o
 .debug_abbrev  0x00004c35       0x4f build/obj/ext_lld_isr.o
 .debug_abbrev  0x00004c84       0x4f build/obj/can_lld.o
 .debug_abbrev  0x00004cd3       0x4f build/obj/ext_lld.o
 .debug_abbrev  0x00004d22       0x4f build/obj/gpt_lld.o
 .debug_abbrev  0x00004d71       0x4f build/obj/icu_lld.o
 .debug_abbrev  0x00004dc0       0x4f build/obj/mac_lld.o
 .debug_abbrev  0x00004e0f       0x4f build/obj/pwm_lld.o
 .debug_abbrev  0x00004e5e       0x4f build/obj/sdc_lld.o
 .debug_abbrev  0x00004ead      0x2d1 build/obj/serial_lld.o
 .debug_abbrev  0x0000517e       0x4f build/obj/spi_lld.o
 .debug_abbrev  0x000051cd      0x1a9 build/obj/pal_lld.o
 .debug_abbrev  0x00005376       0x4f build/obj/i2c_lld.o
 .debug_abbrev  0x000053c5       0x4f build/obj/usb_lld.o
 .debug_abbrev  0x00005414       0x4f build/obj/rtc_lld.o
 .debug_abbrev  0x00005463      0x2fa build/obj/uart_lld.o
 .debug_abbrev  0x0000575d       0xa9 build/obj/board.o
 .debug_abbrev  0x00005806      0x151 build/obj/evtimer.o
 .debug_abbrev  0x00005957      0x1b5 build/obj/syscalls.o
 .debug_abbrev  0x00005b0c      0x2be build/obj/shell.o
 .debug_abbrev  0x00005dca      0x1be build/obj/chprintf.o
 .debug_abbrev  0x00005f88      0x184 build/obj/main.o
 .debug_abbrev  0x0000610c      0x246 build/obj/console.o

.debug_info     0x00000000    0x1ae85
 .debug_info    0x00000000      0x345 build/obj/crt0.o
 .debug_info    0x00000345       0xb5 build/obj/vectors.o
 .debug_info    0x000003fa       0x8b build/obj/chcore.o
 .debug_info    0x00000485      0x814 build/obj/chcore_v7m.o
 .debug_info    0x00000c99      0x439 build/obj/nvic.o
 .debug_info    0x000010d2      0x7fb build/obj/chsys.o
 .debug_info    0x000018cd      0x9a8 build/obj/chdebug.o
 .debug_info    0x00002275       0x73 build/obj/chlists.o
 .debug_info    0x000022e8      0x280 build/obj/chvt.o
 .debug_info    0x00002568      0x8b5 build/obj/chschd.o
 .debug_info    0x00002e1d      0xba2 build/obj/chthreads.o
 .debug_info    0x000039bf      0x77e build/obj/chdynamic.o
 .debug_info    0x0000413d      0x695 build/obj/chregistry.o
 .debug_info    0x000047d2      0xa0f build/obj/chsem.o
 .debug_info    0x000051e1      0x966 build/obj/chmtx.o
 .debug_info    0x00005b47      0x8b4 build/obj/chcond.o
 .debug_info    0x000063fb      0xd35 build/obj/chevents.o
 .debug_info    0x00007130      0x65e build/obj/chmsg.o
 .debug_info    0x0000778e      0x8be build/obj/chmboxes.o
 .debug_info    0x0000804c      0xb89 build/obj/chqueues.o
 .debug_info    0x00008bd5      0x1d8 build/obj/chmemcore.o
 .debug_info    0x00008dad      0x667 build/obj/chheap.o
 .debug_info    0x00009414      0x2ff build/obj/chmempools.o
 .debug_info    0x00009713      0xf4b build/obj/test.o
 .debug_info    0x0000a65e      0x805 build/obj/testthd.o
 .debug_info    0x0000ae63      0x9a8 build/obj/testsem.o
 .debug_info    0x0000b80b      0xcaa build/obj/testmtx.o
 .debug_info    0x0000c4b5      0x5ca build/obj/testmsg.o
 .debug_info    0x0000ca7f      0xc86 build/obj/testmbox.o
 .debug_info    0x0000d705      0x933 build/obj/testevt.o
 .debug_info    0x0000e038      0x69d build/obj/testheap.o
 .debug_info    0x0000e6d5      0x24f build/obj/testpools.o
 .debug_info    0x0000e924      0x91f build/obj/testdyn.o
 .debug_info    0x0000f243      0xefc build/obj/testqueues.o
 .debug_info    0x0001013f      0xe07 build/obj/testbmk.o
 .debug_info    0x00010f46      0x36a build/obj/hal.o
 .debug_info    0x000112b0       0x9f build/obj/adc.o
 .debug_info    0x0001134f       0x9f build/obj/can.o
 .debug_info    0x000113ee       0x9f build/obj/ext.o
 .debug_info    0x0001148d       0x9f build/obj/gpt.o
 .debug_info    0x0001152c       0x9f build/obj/i2c.o
 .debug_info    0x000115cb       0x9f build/obj/icu.o
 .debug_info    0x0001166a       0x9f build/obj/mac.o
 .debug_info    0x00011709       0x9f build/obj/mmc_spi.o
 .debug_info    0x000117a8       0x9f build/obj/mmcsd.o
 .debug_info    0x00011847      0x2b6 build/obj/pal.o
 .debug_info    0x00011afd       0x9f build/obj/pwm.o
 .debug_info    0x00011b9c       0x9f build/obj/rtc.o
 .debug_info    0x00011c3b       0x9f build/obj/sdc.o
 .debug_info    0x00011cda      0xcb5 build/obj/serial.o
 .debug_info    0x0001298f       0x9f build/obj/serial_usb.o
 .debug_info    0x00012a2e       0x9f build/obj/spi.o
 .debug_info    0x00012acd      0x2a2 build/obj/tm.o
 .debug_info    0x00012d6f      0x8d3 build/obj/uart.o
 .debug_info    0x00013642       0x9f build/obj/usb.o
 .debug_info    0x000136e1      0xa34 build/obj/stm32_dma.o
 .debug_info    0x00014115      0x6c4 build/obj/hal_lld.o
 .debug_info    0x000147d9       0x9f build/obj/adc_lld.o
 .debug_info    0x00014878       0x9f build/obj/ext_lld_isr.o
 .debug_info    0x00014917       0x9f build/obj/can_lld.o
 .debug_info    0x000149b6       0x9f build/obj/ext_lld.o
 .debug_info    0x00014a55       0x9f build/obj/gpt_lld.o
 .debug_info    0x00014af4       0x9f build/obj/icu_lld.o
 .debug_info    0x00014b93       0x9f build/obj/mac_lld.o
 .debug_info    0x00014c32       0x9f build/obj/pwm_lld.o
 .debug_info    0x00014cd1       0x9f build/obj/sdc_lld.o
 .debug_info    0x00014d70     0x113f build/obj/serial_lld.o
 .debug_info    0x00015eaf       0x9f build/obj/spi_lld.o
 .debug_info    0x00015f4e      0x752 build/obj/pal_lld.o
 .debug_info    0x000166a0       0x9f build/obj/i2c_lld.o
 .debug_info    0x0001673f       0x9f build/obj/usb_lld.o
 .debug_info    0x000167de       0x9f build/obj/rtc_lld.o
 .debug_info    0x0001687d      0xcff build/obj/uart_lld.o
 .debug_info    0x0001757c      0x1f9 build/obj/board.o
 .debug_info    0x00017775      0x654 build/obj/evtimer.o
 .debug_info    0x00017dc9      0xc31 build/obj/syscalls.o
 .debug_info    0x000189fa      0xc53 build/obj/shell.o
 .debug_info    0x0001964d      0x3e6 build/obj/chprintf.o
 .debug_info    0x00019a33      0x74c build/obj/main.o
 .debug_info    0x0001a17f      0xd06 build/obj/console.o

.debug_line     0x00000000     0xaafc
 .debug_line    0x00000000      0x17d build/obj/crt0.o
 .debug_line    0x0000017d       0x69 build/obj/vectors.o
 .debug_line    0x000001e6       0x5e build/obj/chcore.o
 .debug_line    0x00000244      0x233 build/obj/chcore_v7m.o
 .debug_line    0x00000477      0x12c build/obj/nvic.o
 .debug_line    0x000005a3      0x1e2 build/obj/chsys.o
 .debug_line    0x00000785      0x354 build/obj/chdebug.o
 .debug_line    0x00000ad9       0x1d build/obj/chlists.o
 .debug_line    0x00000af6      0x1c4 build/obj/chvt.o
 .debug_line    0x00000cba      0x3a2 build/obj/chschd.o
 .debug_line    0x0000105c      0x414 build/obj/chthreads.o
 .debug_line    0x00001470      0x29f build/obj/chdynamic.o
 .debug_line    0x0000170f      0x21e build/obj/chregistry.o
 .debug_line    0x0000192d      0x4c4 build/obj/chsem.o
 .debug_line    0x00001df1      0x3d9 build/obj/chmtx.o
 .debug_line    0x000021ca      0x2fe build/obj/chcond.o
 .debug_line    0x000024c8      0x3aa build/obj/chevents.o
 .debug_line    0x00002872      0x200 build/obj/chmsg.o
 .debug_line    0x00002a72      0x306 build/obj/chmboxes.o
 .debug_line    0x00002d78      0x3ff build/obj/chqueues.o
 .debug_line    0x00003177      0x196 build/obj/chmemcore.o
 .debug_line    0x0000330d      0x2f5 build/obj/chheap.o
 .debug_line    0x00003602      0x262 build/obj/chmempools.o
 .debug_line    0x00003864      0x500 build/obj/test.o
 .debug_line    0x00003d64      0x21a build/obj/testthd.o
 .debug_line    0x00003f7e      0x312 build/obj/testsem.o
 .debug_line    0x00004290      0x4ba build/obj/testmtx.o
 .debug_line    0x0000474a      0x1a6 build/obj/testmsg.o
 .debug_line    0x000048f0      0x2d6 build/obj/testmbox.o
 .debug_line    0x00004bc6      0x2b5 build/obj/testevt.o
 .debug_line    0x00004e7b      0x25a build/obj/testheap.o
 .debug_line    0x000050d5      0x13d build/obj/testpools.o
 .debug_line    0x00005212      0x33f build/obj/testdyn.o
 .debug_line    0x00005551      0x499 build/obj/testqueues.o
 .debug_line    0x000059ea      0x60f build/obj/testbmk.o
 .debug_line    0x00005ff9      0x24e build/obj/hal.o
 .debug_line    0x00006247       0xe8 build/obj/adc.o
 .debug_line    0x0000632f       0xe8 build/obj/can.o
 .debug_line    0x00006417       0xe8 build/obj/ext.o
 .debug_line    0x000064ff       0xe8 build/obj/gpt.o
 .debug_line    0x000065e7       0xe8 build/obj/i2c.o
 .debug_line    0x000066cf       0xe8 build/obj/icu.o
 .debug_line    0x000067b7       0xe8 build/obj/mac.o
 .debug_line    0x0000689f       0xe8 build/obj/mmc_spi.o
 .debug_line    0x00006987       0xe8 build/obj/mmcsd.o
 .debug_line    0x00006a6f      0x1d4 build/obj/pal.o
 .debug_line    0x00006c43       0xe8 build/obj/pwm.o
 .debug_line    0x00006d2b       0xe8 build/obj/rtc.o
 .debug_line    0x00006e13       0xe8 build/obj/sdc.o
 .debug_line    0x00006efb      0x415 build/obj/serial.o
 .debug_line    0x00007310       0xe8 build/obj/serial_usb.o
 .debug_line    0x000073f8       0xe8 build/obj/spi.o
 .debug_line    0x000074e0      0x216 build/obj/tm.o
 .debug_line    0x000076f6      0x422 build/obj/uart.o
 .debug_line    0x00007b18       0xe8 build/obj/usb.o
 .debug_line    0x00007c00      0x3e8 build/obj/stm32_dma.o
 .debug_line    0x00007fe8      0x204 build/obj/hal_lld.o
 .debug_line    0x000081ec       0xe8 build/obj/adc_lld.o
 .debug_line    0x000082d4       0xe8 build/obj/ext_lld_isr.o
 .debug_line    0x000083bc       0xe8 build/obj/can_lld.o
 .debug_line    0x000084a4       0xe8 build/obj/ext_lld.o
 .debug_line    0x0000858c       0xe8 build/obj/gpt_lld.o
 .debug_line    0x00008674       0xe8 build/obj/icu_lld.o
 .debug_line    0x0000875c       0xe8 build/obj/mac_lld.o
 .debug_line    0x00008844       0xe8 build/obj/pwm_lld.o
 .debug_line    0x0000892c       0xe8 build/obj/sdc_lld.o
 .debug_line    0x00008a14      0x38e build/obj/serial_lld.o
 .debug_line    0x00008da2       0xe8 build/obj/spi_lld.o
 .debug_line    0x00008e8a      0x22f build/obj/pal_lld.o
 .debug_line    0x000090b9       0xe8 build/obj/i2c_lld.o
 .debug_line    0x000091a1       0xe8 build/obj/usb_lld.o
 .debug_line    0x00009289       0xe8 build/obj/rtc_lld.o
 .debug_line    0x00009371      0x501 build/obj/uart_lld.o
 .debug_line    0x00009872      0x159 build/obj/board.o
 .debug_line    0x000099cb      0x1cf build/obj/evtimer.o
 .debug_line    0x00009b9a      0x204 build/obj/syscalls.o
 .debug_line    0x00009d9e      0x3cf build/obj/shell.o
 .debug_line    0x0000a16d      0x34a build/obj/chprintf.o
 .debug_line    0x0000a4b7      0x280 build/obj/main.o
 .debug_line    0x0000a737      0x3c5 build/obj/console.o

.debug_loc      0x00000000     0xa538
 .debug_loc     0x00000000       0x72 build/obj/crt0.o
 .debug_loc     0x00000072      0x11b build/obj/chcore_v7m.o
 .debug_loc     0x0000018d      0x10a build/obj/nvic.o
 .debug_loc     0x00000297       0xed build/obj/chsys.o
 .debug_loc     0x00000384      0x1fa build/obj/chdebug.o
 .debug_loc     0x0000057e      0x14e build/obj/chvt.o
 .debug_loc     0x000006cc      0x35d build/obj/chschd.o
 .debug_loc     0x00000a29      0x68c build/obj/chthreads.o
 .debug_loc     0x000010b5      0x324 build/obj/chdynamic.o
 .debug_loc     0x000013d9       0xff build/obj/chregistry.o
 .debug_loc     0x000014d8      0x6a0 build/obj/chsem.o
 .debug_loc     0x00001b78      0x5d0 build/obj/chmtx.o
 .debug_loc     0x00002148      0x576 build/obj/chcond.o
 .debug_loc     0x000026be      0xa4b build/obj/chevents.o
 .debug_loc     0x00003109      0x1d1 build/obj/chmsg.o
 .debug_loc     0x000032da      0x615 build/obj/chmboxes.o
 .debug_loc     0x000038ef      0x734 build/obj/chqueues.o
 .debug_loc     0x00004023       0xed build/obj/chmemcore.o
 .debug_loc     0x00004110      0x2d3 build/obj/chheap.o
 .debug_loc     0x000043e3      0x315 build/obj/chmempools.o
 .debug_loc     0x000046f8      0x616 build/obj/test.o
 .debug_loc     0x00004d0e      0x1e8 build/obj/testthd.o
 .debug_loc     0x00004ef6      0x359 build/obj/testsem.o
 .debug_loc     0x0000524f      0x677 build/obj/testmtx.o
 .debug_loc     0x000058c6       0xe0 build/obj/testmsg.o
 .debug_loc     0x000059a6      0x767 build/obj/testmbox.o
 .debug_loc     0x0000610d      0x249 build/obj/testevt.o
 .debug_loc     0x00006356      0x1ad build/obj/testheap.o
 .debug_loc     0x00006503      0x107 build/obj/testpools.o
 .debug_loc     0x0000660a      0x25e build/obj/testdyn.o
 .debug_loc     0x00006868      0x8f4 build/obj/testqueues.o
 .debug_loc     0x0000715c      0x65e build/obj/testbmk.o
 .debug_loc     0x000077ba       0x5c build/obj/hal.o
 .debug_loc     0x00007816       0xf6 build/obj/pal.o
 .debug_loc     0x0000790c      0x319 build/obj/serial.o
 .debug_loc     0x00007c25       0x77 build/obj/tm.o
 .debug_loc     0x00007c9c      0x4ec build/obj/uart.o
 .debug_loc     0x00008188      0x65a build/obj/stm32_dma.o
 .debug_loc     0x000087e2       0x20 build/obj/hal_lld.o
 .debug_loc     0x00008802      0x2e4 build/obj/serial_lld.o
 .debug_loc     0x00008ae6      0x18e build/obj/pal_lld.o
 .debug_loc     0x00008c74      0x3d1 build/obj/uart_lld.o
 .debug_loc     0x00009045      0x155 build/obj/evtimer.o
 .debug_loc     0x0000919a      0x15b build/obj/syscalls.o
 .debug_loc     0x000092f5      0x6fe build/obj/shell.o
 .debug_loc     0x000099f3      0x82b build/obj/chprintf.o
 .debug_loc     0x0000a21e       0xb0 build/obj/main.o
 .debug_loc     0x0000a2ce      0x26a build/obj/console.o

.debug_pubnames
                0x00000000     0x18ba
 .debug_pubnames
                0x00000000       0x56 build/obj/crt0.o
 .debug_pubnames
                0x00000056       0x38 build/obj/vectors.o
 .debug_pubnames
                0x0000008e       0x20 build/obj/chcore.o
 .debug_pubnames
                0x000000ae       0x9d build/obj/chcore_v7m.o
 .debug_pubnames
                0x0000014b       0x5e build/obj/nvic.o
 .debug_pubnames
                0x000001a9       0x5c build/obj/chsys.o
 .debug_pubnames
                0x00000205      0x184 build/obj/chdebug.o
 .debug_pubnames
                0x00000389       0x59 build/obj/chvt.o
 .debug_pubnames
                0x000003e2       0xde build/obj/chschd.o
 .debug_pubnames
                0x000004c0       0xf3 build/obj/chthreads.o
 .debug_pubnames
                0x000005b3       0x69 build/obj/chdynamic.o
 .debug_pubnames
                0x0000061c       0x48 build/obj/chregistry.o
 .debug_pubnames
                0x00000664       0xd1 build/obj/chsem.o
 .debug_pubnames
                0x00000735       0x94 build/obj/chmtx.o
 .debug_pubnames
                0x000007c9       0xb9 build/obj/chcond.o
 .debug_pubnames
                0x00000882      0x17e build/obj/chevents.o
 .debug_pubnames
                0x00000a00       0x3f build/obj/chmsg.o
 .debug_pubnames
                0x00000a3f       0xba build/obj/chmboxes.o
 .debug_pubnames
                0x00000af9       0xb3 build/obj/chqueues.o
 .debug_pubnames
                0x00000bac       0x53 build/obj/chmemcore.o
 .debug_pubnames
                0x00000bff       0x60 build/obj/chheap.o
 .debug_pubnames
                0x00000c5f       0x75 build/obj/chmempools.o
 .debug_pubnames
                0x00000cd4      0x158 build/obj/test.o
 .debug_pubnames
                0x00000e2c       0x55 build/obj/testthd.o
 .debug_pubnames
                0x00000e81       0x55 build/obj/testsem.o
 .debug_pubnames
                0x00000ed6       0x89 build/obj/testmtx.o
 .debug_pubnames
                0x00000f5f       0x2e build/obj/testmsg.o
 .debug_pubnames
                0x00000f8d       0x30 build/obj/testmbox.o
 .debug_pubnames
                0x00000fbd       0x48 build/obj/testevt.o
 .debug_pubnames
                0x00001005       0x30 build/obj/testheap.o
 .debug_pubnames
                0x00001035       0x32 build/obj/testpools.o
 .debug_pubnames
                0x00001067       0x48 build/obj/testdyn.o
 .debug_pubnames
                0x000010af       0x44 build/obj/testqueues.o
 .debug_pubnames
                0x000010f3       0xda build/obj/testbmk.o
 .debug_pubnames
                0x000011cd       0x48 build/obj/hal.o
 .debug_pubnames
                0x00001215       0x43 build/obj/pal.o
 .debug_pubnames
                0x00001258       0x6c build/obj/serial.o
 .debug_pubnames
                0x000012c4       0x2e build/obj/tm.o
 .debug_pubnames
                0x000012f2       0xe9 build/obj/uart.o
 .debug_pubnames
                0x000013db      0x138 build/obj/stm32_dma.o
 .debug_pubnames
                0x00001513       0x38 build/obj/hal_lld.o
 .debug_pubnames
                0x0000154b       0x58 build/obj/serial_lld.o
 .debug_pubnames
                0x000015a3       0x3e build/obj/pal_lld.o
 .debug_pubnames
                0x000015e1       0xc6 build/obj/uart_lld.o
 .debug_pubnames
                0x000016a7       0x48 build/obj/board.o
 .debug_pubnames
                0x000016ef       0x2b build/obj/evtimer.o
 .debug_pubnames
                0x0000171a       0x6c build/obj/syscalls.o
 .debug_pubnames
                0x00001786       0x6c build/obj/shell.o
 .debug_pubnames
                0x000017f2       0x1f build/obj/chprintf.o
 .debug_pubnames
                0x00001811       0x1b build/obj/main.o
 .debug_pubnames
                0x0000182c       0x8e build/obj/console.o

.debug_pubtypes
                0x00000000     0x4372
 .debug_pubtypes
                0x00000000       0x44 build/obj/crt0.o
 .debug_pubtypes
                0x00000044       0x12 build/obj/vectors.o
 .debug_pubtypes
                0x00000056       0x12 build/obj/chcore.o
 .debug_pubtypes
                0x00000068      0x14e build/obj/chcore_v7m.o
 .debug_pubtypes
                0x000001b6       0x38 build/obj/nvic.o
 .debug_pubtypes
                0x000001ee      0x198 build/obj/chsys.o
 .debug_pubtypes
                0x00000386      0x1a4 build/obj/chdebug.o
 .debug_pubtypes
                0x0000052a       0x12 build/obj/chlists.o
 .debug_pubtypes
                0x0000053c       0x7e build/obj/chvt.o
 .debug_pubtypes
                0x000005ba      0x18c build/obj/chschd.o
 .debug_pubtypes
                0x00000746      0x188 build/obj/chthreads.o
 .debug_pubtypes
                0x000008ce      0x19f build/obj/chdynamic.o
 .debug_pubtypes
                0x00000a6d      0x15d build/obj/chregistry.o
 .debug_pubtypes
                0x00000bca      0x15d build/obj/chsem.o
 .debug_pubtypes
                0x00000d27      0x142 build/obj/chmtx.o
 .debug_pubtypes
                0x00000e69      0x14f build/obj/chcond.o
 .debug_pubtypes
                0x00000fb8      0x1a9 build/obj/chevents.o
 .debug_pubtypes
                0x00001161      0x137 build/obj/chmsg.o
 .debug_pubtypes
                0x00001298      0x15b build/obj/chmboxes.o
 .debug_pubtypes
                0x000013f3      0x19c build/obj/chqueues.o
 .debug_pubtypes
                0x0000158f       0x36 build/obj/chmemcore.o
 .debug_pubtypes
                0x000015c5      0x174 build/obj/chheap.o
 .debug_pubtypes
                0x00001739       0x66 build/obj/chmempools.o
 .debug_pubtypes
                0x0000179f      0x1da build/obj/test.o
 .debug_pubtypes
                0x00001979      0x17e build/obj/testthd.o
 .debug_pubtypes
                0x00001af7      0x1b8 build/obj/testsem.o
 .debug_pubtypes
                0x00001caf      0x1a1 build/obj/testmtx.o
 .debug_pubtypes
                0x00001e50      0x144 build/obj/testmsg.o
 .debug_pubtypes
                0x00001f94      0x179 build/obj/testmbox.o
 .debug_pubtypes
                0x0000210d      0x1f0 build/obj/testevt.o
 .debug_pubtypes
                0x000022fd      0x192 build/obj/testheap.o
 .debug_pubtypes
                0x0000248f       0x5a build/obj/testpools.o
 .debug_pubtypes
                0x000024e9      0x1ca build/obj/testdyn.o
 .debug_pubtypes
                0x000026b3      0x1ba build/obj/testqueues.o
 .debug_pubtypes
                0x0000286d      0x1ee build/obj/testbmk.o
 .debug_pubtypes
                0x00002a5b       0x76 build/obj/hal.o
 .debug_pubtypes
                0x00002ad1       0x1e build/obj/adc.o
 .debug_pubtypes
                0x00002aef       0x1e build/obj/can.o
 .debug_pubtypes
                0x00002b0d       0x1e build/obj/ext.o
 .debug_pubtypes
                0x00002b2b       0x1e build/obj/gpt.o
 .debug_pubtypes
                0x00002b49       0x1e build/obj/i2c.o
 .debug_pubtypes
                0x00002b67       0x1e build/obj/icu.o
 .debug_pubtypes
                0x00002b85       0x1e build/obj/mac.o
 .debug_pubtypes
                0x00002ba3       0x1e build/obj/mmc_spi.o
 .debug_pubtypes
                0x00002bc1       0x1e build/obj/mmcsd.o
 .debug_pubtypes
                0x00002bdf       0x91 build/obj/pal.o
 .debug_pubtypes
                0x00002c70       0x1e build/obj/pwm.o
 .debug_pubtypes
                0x00002c8e       0x1e build/obj/rtc.o
 .debug_pubtypes
                0x00002cac       0x1e build/obj/sdc.o
 .debug_pubtypes
                0x00002cca      0x256 build/obj/serial.o
 .debug_pubtypes
                0x00002f20       0x1e build/obj/serial_usb.o
 .debug_pubtypes
                0x00002f3e       0x1e build/obj/spi.o
 .debug_pubtypes
                0x00002f5c       0x6e build/obj/tm.o
 .debug_pubtypes
                0x00002fca      0x129 build/obj/uart.o
 .debug_pubtypes
                0x000030f3       0x1e build/obj/usb.o
 .debug_pubtypes
                0x00003111       0xc0 build/obj/stm32_dma.o
 .debug_pubtypes
                0x000031d1       0xbf build/obj/hal_lld.o
 .debug_pubtypes
                0x00003290       0x1e build/obj/adc_lld.o
 .debug_pubtypes
                0x000032ae       0x1e build/obj/ext_lld_isr.o
 .debug_pubtypes
                0x000032cc       0x1e build/obj/can_lld.o
 .debug_pubtypes
                0x000032ea       0x1e build/obj/ext_lld.o
 .debug_pubtypes
                0x00003308       0x1e build/obj/gpt_lld.o
 .debug_pubtypes
                0x00003326       0x1e build/obj/icu_lld.o
 .debug_pubtypes
                0x00003344       0x1e build/obj/mac_lld.o
 .debug_pubtypes
                0x00003362       0x1e build/obj/pwm_lld.o
 .debug_pubtypes
                0x00003380       0x1e build/obj/sdc_lld.o
 .debug_pubtypes
                0x0000339e      0x264 build/obj/serial_lld.o
 .debug_pubtypes
                0x00003602       0x1e build/obj/spi_lld.o
 .debug_pubtypes
                0x00003620       0xab build/obj/pal_lld.o
 .debug_pubtypes
                0x000036cb       0x1e build/obj/i2c_lld.o
 .debug_pubtypes
                0x000036e9       0x1e build/obj/usb_lld.o
 .debug_pubtypes
                0x00003707       0x1e build/obj/rtc_lld.o
 .debug_pubtypes
                0x00003725      0x160 build/obj/uart_lld.o
 .debug_pubtypes
                0x00003885       0x50 build/obj/board.o
 .debug_pubtypes
                0x000038d5      0x1b8 build/obj/evtimer.o
 .debug_pubtypes
                0x00003a8d      0x19b build/obj/syscalls.o
 .debug_pubtypes
                0x00003c28      0x240 build/obj/shell.o
 .debug_pubtypes
                0x00003e68       0xac build/obj/chprintf.o
 .debug_pubtypes
                0x00003f14      0x1a0 build/obj/main.o
 .debug_pubtypes
                0x000040b4      0x2be build/obj/console.o

.debug_aranges  0x00000000     0x10b8
 .debug_aranges
                0x00000000       0x38 build/obj/crt0.o
 .debug_aranges
                0x00000038       0x20 build/obj/vectors.o
 .debug_aranges
                0x00000058       0x20 build/obj/chcore.o
 .debug_aranges
                0x00000078       0x50 build/obj/chcore_v7m.o
 .debug_aranges
                0x000000c8       0x30 build/obj/nvic.o
 .debug_aranges
                0x000000f8       0x30 build/obj/chsys.o
 .debug_aranges
                0x00000128       0x88 build/obj/chdebug.o
 .debug_aranges
                0x000001b0       0x38 build/obj/chvt.o
 .debug_aranges
                0x000001e8       0x68 build/obj/chschd.o
 .debug_aranges
                0x00000250       0x80 build/obj/chthreads.o
 .debug_aranges
                0x000002d0       0x38 build/obj/chdynamic.o
 .debug_aranges
                0x00000308       0x28 build/obj/chregistry.o
 .debug_aranges
                0x00000330       0x70 build/obj/chsem.o
 .debug_aranges
                0x000003a0       0x58 build/obj/chmtx.o
 .debug_aranges
                0x000003f8       0x60 build/obj/chcond.o
 .debug_aranges
                0x00000458       0xa0 build/obj/chevents.o
 .debug_aranges
                0x000004f8       0x30 build/obj/chmsg.o
 .debug_aranges
                0x00000528       0x70 build/obj/chmboxes.o
 .debug_aranges
                0x00000598       0x70 build/obj/chqueues.o
 .debug_aranges
                0x00000608       0x38 build/obj/chmemcore.o
 .debug_aranges
                0x00000640       0x40 build/obj/chheap.o
 .debug_aranges
                0x00000680       0x48 build/obj/chmempools.o
 .debug_aranges
                0x000006c8       0x98 build/obj/test.o
 .debug_aranges
                0x00000760       0x40 build/obj/testthd.o
 .debug_aranges
                0x000007a0       0x70 build/obj/testsem.o
 .debug_aranges
                0x00000810      0x108 build/obj/testmtx.o
 .debug_aranges
                0x00000918       0x28 build/obj/testmsg.o
 .debug_aranges
                0x00000940       0x28 build/obj/testmbox.o
 .debug_aranges
                0x00000968       0x70 build/obj/testevt.o
 .debug_aranges
                0x000009d8       0x28 build/obj/testheap.o
 .debug_aranges
                0x00000a00       0x30 build/obj/testpools.o
 .debug_aranges
                0x00000a30       0x58 build/obj/testdyn.o
 .debug_aranges
                0x00000a88       0x50 build/obj/testqueues.o
 .debug_aranges
                0x00000ad8       0xd0 build/obj/testbmk.o
 .debug_aranges
                0x00000ba8       0x30 build/obj/hal.o
 .debug_aranges
                0x00000bd8       0x30 build/obj/pal.o
 .debug_aranges
                0x00000c08       0x88 build/obj/serial.o
 .debug_aranges
                0x00000c90       0x38 build/obj/tm.o
 .debug_aranges
                0x00000cc8       0x78 build/obj/uart.o
 .debug_aranges
                0x00000d40       0xb0 build/obj/stm32_dma.o
 .debug_aranges
                0x00000df0       0x28 build/obj/hal_lld.o
 .debug_aranges
                0x00000e18       0x40 build/obj/serial_lld.o
 .debug_aranges
                0x00000e58       0x28 build/obj/pal_lld.o
 .debug_aranges
                0x00000e80       0x78 build/obj/uart_lld.o
 .debug_aranges
                0x00000ef8       0x28 build/obj/board.o
 .debug_aranges
                0x00000f20       0x30 build/obj/evtimer.o
 .debug_aranges
                0x00000f50       0x50 build/obj/syscalls.o
 .debug_aranges
                0x00000fa0       0x68 build/obj/shell.o
 .debug_aranges
                0x00001008       0x28 build/obj/chprintf.o
 .debug_aranges
                0x00001030       0x30 build/obj/main.o
 .debug_aranges
                0x00001060       0x58 build/obj/console.o

.debug_ranges   0x00000000     0x1cb8
 .debug_ranges  0x00000000       0x58 build/obj/crt0.o
 .debug_ranges  0x00000058       0x10 build/obj/vectors.o
 .debug_ranges  0x00000068       0x10 build/obj/chcore.o
 .debug_ranges  0x00000078       0x58 build/obj/chcore_v7m.o
 .debug_ranges  0x000000d0       0x20 build/obj/nvic.o
 .debug_ranges  0x000000f0       0x20 build/obj/chsys.o
 .debug_ranges  0x00000110       0xf0 build/obj/chdebug.o
 .debug_ranges  0x00000200       0x28 build/obj/chvt.o
 .debug_ranges  0x00000228      0x1e8 build/obj/chschd.o
 .debug_ranges  0x00000410      0x118 build/obj/chthreads.o
 .debug_ranges  0x00000528       0x70 build/obj/chdynamic.o
 .debug_ranges  0x00000598       0x18 build/obj/chregistry.o
 .debug_ranges  0x000005b0      0x268 build/obj/chsem.o
 .debug_ranges  0x00000818      0x2c0 build/obj/chmtx.o
 .debug_ranges  0x00000ad8      0x120 build/obj/chcond.o
 .debug_ranges  0x00000bf8       0xd8 build/obj/chevents.o
 .debug_ranges  0x00000cd0       0x70 build/obj/chmsg.o
 .debug_ranges  0x00000d40       0xa8 build/obj/chmboxes.o
 .debug_ranges  0x00000de8       0xa8 build/obj/chqueues.o
 .debug_ranges  0x00000e90       0x40 build/obj/chmemcore.o
 .debug_ranges  0x00000ed0       0x30 build/obj/chheap.o
 .debug_ranges  0x00000f00       0x50 build/obj/chmempools.o
 .debug_ranges  0x00000f50      0x110 build/obj/test.o
 .debug_ranges  0x00001060       0x48 build/obj/testthd.o
 .debug_ranges  0x000010a8       0xa8 build/obj/testsem.o
 .debug_ranges  0x00001150      0x110 build/obj/testmtx.o
 .debug_ranges  0x00001260       0x18 build/obj/testmsg.o
 .debug_ranges  0x00001278       0x18 build/obj/testmbox.o
 .debug_ranges  0x00001290       0x60 build/obj/testevt.o
 .debug_ranges  0x000012f0       0x18 build/obj/testheap.o
 .debug_ranges  0x00001308       0x20 build/obj/testpools.o
 .debug_ranges  0x00001328       0x48 build/obj/testdyn.o
 .debug_ranges  0x00001370       0xf0 build/obj/testqueues.o
 .debug_ranges  0x00001460       0xd8 build/obj/testbmk.o
 .debug_ranges  0x00001538       0x20 build/obj/hal.o
 .debug_ranges  0x00001558       0x20 build/obj/pal.o
 .debug_ranges  0x00001578       0x78 build/obj/serial.o
 .debug_ranges  0x000015f0       0x50 build/obj/tm.o
 .debug_ranges  0x00001640       0x98 build/obj/uart.o
 .debug_ranges  0x000016d8       0xa0 build/obj/stm32_dma.o
 .debug_ranges  0x00001778       0x30 build/obj/hal_lld.o
 .debug_ranges  0x000017a8       0xa8 build/obj/serial_lld.o
 .debug_ranges  0x00001850      0x150 build/obj/pal_lld.o
 .debug_ranges  0x000019a0       0xd8 build/obj/uart_lld.o
 .debug_ranges  0x00001a78       0x18 build/obj/board.o
 .debug_ranges  0x00001a90       0x80 build/obj/evtimer.o
 .debug_ranges  0x00001b10       0x40 build/obj/syscalls.o
 .debug_ranges  0x00001b50       0xa8 build/obj/shell.o
 .debug_ranges  0x00001bf8       0x58 build/obj/chprintf.o
 .debug_ranges  0x00001c50       0x20 build/obj/main.o
 .debug_ranges  0x00001c70       0x48 build/obj/console.o

.debug_str      0x00000000     0x3be8
 .debug_str     0x00000000      0x1f7 build/obj/crt0.o
                                0x230 (size before relaxing)
 .debug_str     0x000001f7       0x57 build/obj/vectors.o
                                0x13e (size before relaxing)
 .debug_str     0x0000024e       0x38 build/obj/chcore.o
                                0x11f (size before relaxing)
 .debug_str     0x00000286      0x2ab build/obj/chcore_v7m.o
                                0x3c9 (size before relaxing)
 .debug_str     0x00000531       0xc6 build/obj/nvic.o
                                0x216 (size before relaxing)
 .debug_str     0x000005f7      0x1d5 build/obj/chsys.o
                                0x492 (size before relaxing)
 .debug_str     0x000007cc      0x1ae build/obj/chdebug.o
                                0x4bf (size before relaxing)
 .debug_str     0x0000097a       0x29 build/obj/chlists.o
                                0x110 (size before relaxing)
 .debug_str     0x000009a3       0x60 build/obj/chvt.o
                                0x1c3 (size before relaxing)
 .debug_str     0x00000a03       0xf8 build/obj/chschd.o
                                0x3ff (size before relaxing)
 .debug_str     0x00000afb      0x113 build/obj/chthreads.o
                                0x435 (size before relaxing)
 .debug_str     0x00000c0e       0xf7 build/obj/chdynamic.o
                                0x3a6 (size before relaxing)
 .debug_str     0x00000d05       0x4d build/obj/chregistry.o
                                0x401 (size before relaxing)
 .debug_str     0x00000d52       0xd3 build/obj/chsem.o
                                0x3b7 (size before relaxing)
 .debug_str     0x00000e25       0x95 build/obj/chmtx.o
                                0x36d (size before relaxing)
 .debug_str     0x00000eba       0xbb build/obj/chcond.o
                                0x38d (size before relaxing)
 .debug_str     0x00000f75      0x1c4 build/obj/chevents.o
                                0x489 (size before relaxing)
 .debug_str     0x00001139       0x48 build/obj/chmsg.o
                                0x316 (size before relaxing)
 .debug_str     0x00001181       0xed build/obj/chmboxes.o
                                0x386 (size before relaxing)
 .debug_str     0x0000126e      0x124 build/obj/chqueues.o
                                0x40f (size before relaxing)
 .debug_str     0x00001392       0x86 build/obj/chmemcore.o
                                0x18a (size before relaxing)
 .debug_str     0x00001418       0x75 build/obj/chheap.o
                                0x355 (size before relaxing)
 .debug_str     0x0000148d       0x77 build/obj/chmempools.o
                                0x1d8 (size before relaxing)
 .debug_str     0x00001504      0x26f build/obj/test.o
                                0x5d1 (size before relaxing)
 .debug_str     0x00001773       0x78 build/obj/testthd.o
                                0x3cc (size before relaxing)
 .debug_str     0x000017eb       0xe1 build/obj/testsem.o
                                0x447 (size before relaxing)
 .debug_str     0x000018cc      0x19f build/obj/testmtx.o
                                0x50b (size before relaxing)
 .debug_str     0x00001a6b       0x36 build/obj/testmsg.o
                                0x32a (size before relaxing)
 .debug_str     0x00001aa1       0x4a build/obj/testmbox.o
                                0x36f (size before relaxing)
 .debug_str     0x00001aeb       0x8a build/obj/testevt.o
                                0x452 (size before relaxing)
 .debug_str     0x00001b75       0x4f build/obj/testheap.o
                                0x373 (size before relaxing)
 .debug_str     0x00001bc4       0x57 build/obj/testpools.o
                                0x1cb (size before relaxing)
 .debug_str     0x00001c1b       0x91 build/obj/testdyn.o
                                0x456 (size before relaxing)
 .debug_str     0x00001cac       0x77 build/obj/testqueues.o
                                0x416 (size before relaxing)
 .debug_str     0x00001d23      0x184 build/obj/testbmk.o
                                0x584 (size before relaxing)
 .debug_str     0x00001ea7      0x138 build/obj/hal.o
                                0x24a (size before relaxing)
 .debug_str     0x00001fdf       0x22 build/obj/adc.o
                                0x11e (size before relaxing)
 .debug_str     0x00002001       0x22 build/obj/can.o
                                0x11e (size before relaxing)
 .debug_str     0x00002023       0x22 build/obj/ext.o
                                0x11e (size before relaxing)
 .debug_str     0x00002045       0x22 build/obj/gpt.o
                                0x11e (size before relaxing)
 .debug_str     0x00002067       0x22 build/obj/i2c.o
                                0x11e (size before relaxing)
 .debug_str     0x00002089       0x22 build/obj/icu.o
                                0x11e (size before relaxing)
 .debug_str     0x000020ab       0x22 build/obj/mac.o
                                0x11e (size before relaxing)
 .debug_str     0x000020cd       0x26 build/obj/mmc_spi.o
                                0x122 (size before relaxing)
 .debug_str     0x000020f3       0x24 build/obj/mmcsd.o
                                0x120 (size before relaxing)
 .debug_str     0x00002117       0xc9 build/obj/pal.o
                                0x1e8 (size before relaxing)
 .debug_str     0x000021e0       0x22 build/obj/pwm.o
                                0x11e (size before relaxing)
 .debug_str     0x00002202       0x22 build/obj/rtc.o
                                0x11e (size before relaxing)
 .debug_str     0x00002224       0x22 build/obj/sdc.o
                                0x11e (size before relaxing)
 .debug_str     0x00002246      0x16e build/obj/serial.o
                                0x4f1 (size before relaxing)
 .debug_str     0x000023b4       0x29 build/obj/serial_usb.o
                                0x125 (size before relaxing)
 .debug_str     0x000023dd       0x22 build/obj/spi.o
                                0x11e (size before relaxing)
 .debug_str     0x000023ff       0x74 build/obj/tm.o
                                0x1d3 (size before relaxing)
 .debug_str     0x00002473      0x26b build/obj/uart.o
                                0x3fa (size before relaxing)
 .debug_str     0x000026de       0x22 build/obj/usb.o
                                0x11e (size before relaxing)
 .debug_str     0x00002700      0x73f build/obj/stm32_dma.o
                                0x90d (size before relaxing)
 .debug_str     0x00002e3f      0x101 build/obj/hal_lld.o
                                0x39d (size before relaxing)
 .debug_str     0x00002f40       0x36 build/obj/adc_lld.o
                                0x132 (size before relaxing)
 .debug_str     0x00002f76       0x3a build/obj/ext_lld_isr.o
                                0x136 (size before relaxing)
 .debug_str     0x00002fb0       0x32 build/obj/can_lld.o
                                0x12e (size before relaxing)
 .debug_str     0x00002fe2       0x32 build/obj/ext_lld.o
                                0x12e (size before relaxing)
 .debug_str     0x00003014       0x32 build/obj/gpt_lld.o
                                0x12e (size before relaxing)
 .debug_str     0x00003046       0x32 build/obj/icu_lld.o
                                0x12e (size before relaxing)
 .debug_str     0x00003078       0x32 build/obj/mac_lld.o
                                0x12e (size before relaxing)
 .debug_str     0x000030aa       0x32 build/obj/pwm_lld.o
                                0x12e (size before relaxing)
 .debug_str     0x000030dc       0x32 build/obj/sdc_lld.o
                                0x12e (size before relaxing)
 .debug_str     0x0000310e       0x9d build/obj/serial_lld.o
                                0xaca (size before relaxing)
 .debug_str     0x000031ab       0x32 build/obj/spi_lld.o
                                0x12e (size before relaxing)
 .debug_str     0x000031dd       0x7f build/obj/pal_lld.o
                                0x37e (size before relaxing)
 .debug_str     0x0000325c       0x38 build/obj/i2c_lld.o
                                0x134 (size before relaxing)
 .debug_str     0x00003294       0x38 build/obj/usb_lld.o
                                0x134 (size before relaxing)
 .debug_str     0x000032cc       0x38 build/obj/rtc_lld.o
                                0x134 (size before relaxing)
 .debug_str     0x00003304      0x148 build/obj/uart_lld.o
                                0xa64 (size before relaxing)
 .debug_str     0x0000344c       0x1b build/obj/board.o
                                0x1c1 (size before relaxing)
 .debug_str     0x00003467       0x5d build/obj/evtimer.o
                                0x363 (size before relaxing)
 .debug_str     0x000034c4      0x4a9 build/obj/syscalls.o
                                0x5f9 (size before relaxing)
 .debug_str     0x0000396d      0x126 build/obj/shell.o
                                0x4fb (size before relaxing)
 .debug_str     0x00003a93       0xb6 build/obj/chprintf.o
                                0x209 (size before relaxing)
 .debug_str     0x00003b49       0x25 build/obj/main.o
                                0x3ab (size before relaxing)
 .debug_str     0x00003b6e       0x7a build/obj/console.o
                                0x5b8 (size before relaxing)

.comment        0x00000000       0x2a
 .comment       0x00000000       0x2a build/obj/crt0.o
                                 0x2b (size before relaxing)
 .comment       0x00000000       0x2b build/obj/vectors.o
 .comment       0x00000000       0x2b build/obj/chcore.o
 .comment       0x00000000       0x2b build/obj/chcore_v7m.o
 .comment       0x00000000       0x2b build/obj/nvic.o
 .comment       0x00000000       0x2b build/obj/chsys.o
 .comment       0x00000000       0x2b build/obj/chdebug.o
 .comment       0x00000000       0x2b build/obj/chlists.o
 .comment       0x00000000       0x2b build/obj/chvt.o
 .comment       0x00000000       0x2b build/obj/chschd.o
 .comment       0x00000000       0x2b build/obj/chthreads.o
 .comment       0x00000000       0x2b build/obj/chdynamic.o
 .comment       0x00000000       0x2b build/obj/chregistry.o
 .comment       0x00000000       0x2b build/obj/chsem.o
 .comment       0x00000000       0x2b build/obj/chmtx.o
 .comment       0x00000000       0x2b build/obj/chcond.o
 .comment       0x00000000       0x2b build/obj/chevents.o
 .comment       0x00000000       0x2b build/obj/chmsg.o
 .comment       0x00000000       0x2b build/obj/chmboxes.o
 .comment       0x00000000       0x2b build/obj/chqueues.o
 .comment       0x00000000       0x2b build/obj/chmemcore.o
 .comment       0x00000000       0x2b build/obj/chheap.o
 .comment       0x00000000       0x2b build/obj/chmempools.o
 .comment       0x00000000       0x2b build/obj/test.o
 .comment       0x00000000       0x2b build/obj/testthd.o
 .comment       0x00000000       0x2b build/obj/testsem.o
 .comment       0x00000000       0x2b build/obj/testmtx.o
 .comment       0x00000000       0x2b build/obj/testmsg.o
 .comment       0x00000000       0x2b build/obj/testmbox.o
 .comment       0x00000000       0x2b build/obj/testevt.o
 .comment       0x00000000       0x2b build/obj/testheap.o
 .comment       0x00000000       0x2b build/obj/testpools.o
 .comment       0x00000000       0x2b build/obj/testdyn.o
 .comment       0x00000000       0x2b build/obj/testqueues.o
 .comment       0x00000000       0x2b build/obj/testbmk.o
 .comment       0x00000000       0x2b build/obj/hal.o
 .comment       0x00000000       0x2b build/obj/adc.o
 .comment       0x00000000       0x2b build/obj/can.o
 .comment       0x00000000       0x2b build/obj/ext.o
 .comment       0x00000000       0x2b build/obj/gpt.o
 .comment       0x00000000       0x2b build/obj/i2c.o
 .comment       0x00000000       0x2b build/obj/icu.o
 .comment       0x00000000       0x2b build/obj/mac.o
 .comment       0x00000000       0x2b build/obj/mmc_spi.o
 .comment       0x00000000       0x2b build/obj/mmcsd.o
 .comment       0x00000000       0x2b build/obj/pal.o
 .comment       0x00000000       0x2b build/obj/pwm.o
 .comment       0x00000000       0x2b build/obj/rtc.o
 .comment       0x00000000       0x2b build/obj/sdc.o
 .comment       0x00000000       0x2b build/obj/serial.o
 .comment       0x00000000       0x2b build/obj/serial_usb.o
 .comment       0x00000000       0x2b build/obj/spi.o
 .comment       0x00000000       0x2b build/obj/tm.o
 .comment       0x00000000       0x2b build/obj/uart.o
 .comment       0x00000000       0x2b build/obj/usb.o
 .comment       0x00000000       0x2b build/obj/stm32_dma.o
 .comment       0x00000000       0x2b build/obj/hal_lld.o
 .comment       0x00000000       0x2b build/obj/adc_lld.o
 .comment       0x00000000       0x2b build/obj/ext_lld_isr.o
 .comment       0x00000000       0x2b build/obj/can_lld.o
 .comment       0x00000000       0x2b build/obj/ext_lld.o
 .comment       0x00000000       0x2b build/obj/gpt_lld.o
 .comment       0x00000000       0x2b build/obj/icu_lld.o
 .comment       0x00000000       0x2b build/obj/mac_lld.o
 .comment       0x00000000       0x2b build/obj/pwm_lld.o
 .comment       0x00000000       0x2b build/obj/sdc_lld.o
 .comment       0x00000000       0x2b build/obj/serial_lld.o
 .comment       0x00000000       0x2b build/obj/spi_lld.o
 .comment       0x00000000       0x2b build/obj/pal_lld.o
 .comment       0x00000000       0x2b build/obj/i2c_lld.o
 .comment       0x00000000       0x2b build/obj/usb_lld.o
 .comment       0x00000000       0x2b build/obj/rtc_lld.o
 .comment       0x00000000       0x2b build/obj/uart_lld.o
 .comment       0x00000000       0x2b build/obj/board.o
 .comment       0x00000000       0x2b build/obj/evtimer.o
 .comment       0x00000000       0x2b build/obj/syscalls.o
 .comment       0x00000000       0x2b build/obj/shell.o
 .comment       0x00000000       0x2b build/obj/chprintf.o
 .comment       0x00000000       0x2b build/obj/main.o
 .comment       0x00000000       0x2b build/obj/console.o

.ARM.attributes
                0x00000000       0x31
 .ARM.attributes
                0x00000000       0x31 build/obj/crt0.o
 .ARM.attributes
                0x00000031       0x31 build/obj/vectors.o
 .ARM.attributes
                0x00000062       0x31 build/obj/chcore.o
 .ARM.attributes
                0x00000093       0x31 build/obj/chcore_v7m.o
 .ARM.attributes
                0x000000c4       0x31 build/obj/nvic.o
 .ARM.attributes
                0x000000f5       0x31 build/obj/chsys.o
 .ARM.attributes
                0x00000126       0x31 build/obj/chdebug.o
 .ARM.attributes
                0x00000157       0x31 build/obj/chlists.o
 .ARM.attributes
                0x00000188       0x31 build/obj/chvt.o
 .ARM.attributes
                0x000001b9       0x31 build/obj/chschd.o
 .ARM.attributes
                0x000001ea       0x31 build/obj/chthreads.o
 .ARM.attributes
                0x0000021b       0x31 build/obj/chdynamic.o
 .ARM.attributes
                0x0000024c       0x31 build/obj/chregistry.o
 .ARM.attributes
                0x0000027d       0x31 build/obj/chsem.o
 .ARM.attributes
                0x000002ae       0x31 build/obj/chmtx.o
 .ARM.attributes
                0x000002df       0x31 build/obj/chcond.o
 .ARM.attributes
                0x00000310       0x31 build/obj/chevents.o
 .ARM.attributes
                0x00000341       0x31 build/obj/chmsg.o
 .ARM.attributes
                0x00000372       0x31 build/obj/chmboxes.o
 .ARM.attributes
                0x000003a3       0x31 build/obj/chqueues.o
 .ARM.attributes
                0x000003d4       0x31 build/obj/chmemcore.o
 .ARM.attributes
                0x00000405       0x31 build/obj/chheap.o
 .ARM.attributes
                0x00000436       0x31 build/obj/chmempools.o
 .ARM.attributes
                0x00000467       0x31 build/obj/test.o
 .ARM.attributes
                0x00000498       0x31 build/obj/testthd.o
 .ARM.attributes
                0x000004c9       0x31 build/obj/testsem.o
 .ARM.attributes
                0x000004fa       0x31 build/obj/testmtx.o
 .ARM.attributes
                0x0000052b       0x31 build/obj/testmsg.o
 .ARM.attributes
                0x0000055c       0x31 build/obj/testmbox.o
 .ARM.attributes
                0x0000058d       0x31 build/obj/testevt.o
 .ARM.attributes
                0x000005be       0x31 build/obj/testheap.o
 .ARM.attributes
                0x000005ef       0x31 build/obj/testpools.o
 .ARM.attributes
                0x00000620       0x31 build/obj/testdyn.o
 .ARM.attributes
                0x00000651       0x31 build/obj/testqueues.o
 .ARM.attributes
                0x00000682       0x31 build/obj/testbmk.o
 .ARM.attributes
                0x000006b3       0x31 build/obj/hal.o
 .ARM.attributes
                0x000006e4       0x31 build/obj/adc.o
 .ARM.attributes
                0x00000715       0x31 build/obj/can.o
 .ARM.attributes
                0x00000746       0x31 build/obj/ext.o
 .ARM.attributes
                0x00000777       0x31 build/obj/gpt.o
 .ARM.attributes
                0x000007a8       0x31 build/obj/i2c.o
 .ARM.attributes
                0x000007d9       0x31 build/obj/icu.o
 .ARM.attributes
                0x0000080a       0x31 build/obj/mac.o
 .ARM.attributes
                0x0000083b       0x31 build/obj/mmc_spi.o
 .ARM.attributes
                0x0000086c       0x31 build/obj/mmcsd.o
 .ARM.attributes
                0x0000089d       0x31 build/obj/pal.o
 .ARM.attributes
                0x000008ce       0x31 build/obj/pwm.o
 .ARM.attributes
                0x000008ff       0x31 build/obj/rtc.o
 .ARM.attributes
                0x00000930       0x31 build/obj/sdc.o
 .ARM.attributes
                0x00000961       0x31 build/obj/serial.o
 .ARM.attributes
                0x00000992       0x31 build/obj/serial_usb.o
 .ARM.attributes
                0x000009c3       0x31 build/obj/spi.o
 .ARM.attributes
                0x000009f4       0x31 build/obj/tm.o
 .ARM.attributes
                0x00000a25       0x31 build/obj/uart.o
 .ARM.attributes
                0x00000a56       0x31 build/obj/usb.o
 .ARM.attributes
                0x00000a87       0x31 build/obj/stm32_dma.o
 .ARM.attributes
                0x00000ab8       0x31 build/obj/hal_lld.o
 .ARM.attributes
                0x00000ae9       0x31 build/obj/adc_lld.o
 .ARM.attributes
                0x00000b1a       0x31 build/obj/ext_lld_isr.o
 .ARM.attributes
                0x00000b4b       0x31 build/obj/can_lld.o
 .ARM.attributes
                0x00000b7c       0x31 build/obj/ext_lld.o
 .ARM.attributes
                0x00000bad       0x31 build/obj/gpt_lld.o
 .ARM.attributes
                0x00000bde       0x31 build/obj/icu_lld.o
 .ARM.attributes
                0x00000c0f       0x31 build/obj/mac_lld.o
 .ARM.attributes
                0x00000c40       0x31 build/obj/pwm_lld.o
 .ARM.attributes
                0x00000c71       0x31 build/obj/sdc_lld.o
 .ARM.attributes
                0x00000ca2       0x31 build/obj/serial_lld.o
 .ARM.attributes
                0x00000cd3       0x31 build/obj/spi_lld.o
 .ARM.attributes
                0x00000d04       0x31 build/obj/pal_lld.o
 .ARM.attributes
                0x00000d35       0x31 build/obj/i2c_lld.o
 .ARM.attributes
                0x00000d66       0x31 build/obj/usb_lld.o
 .ARM.attributes
                0x00000d97       0x31 build/obj/rtc_lld.o
 .ARM.attributes
                0x00000dc8       0x31 build/obj/uart_lld.o
 .ARM.attributes
                0x00000df9       0x31 build/obj/board.o
 .ARM.attributes
                0x00000e2a       0x31 build/obj/evtimer.o
 .ARM.attributes
                0x00000e5b       0x31 build/obj/syscalls.o
 .ARM.attributes
                0x00000e8c       0x31 build/obj/shell.o
 .ARM.attributes
                0x00000ebd       0x31 build/obj/chprintf.o
 .ARM.attributes
                0x00000eee       0x31 build/obj/main.o
 .ARM.attributes
                0x00000f1f       0x31 build/obj/console.o
 .ARM.attributes
                0x00000f50       0x29 c:/program files (x86)/codesourcery/sourcery g++ lite/bin/../lib/gcc/arm-none-eabi/4.5.2/../../../../arm-none-eabi/lib/thumb2\libc.a(lib_a-memset.o)
 .ARM.attributes
                0x00000f79       0x29 c:/program files (x86)/codesourcery/sourcery g++ lite/bin/../lib/gcc/arm-none-eabi/4.5.2/../../../../arm-none-eabi/lib/thumb2\libc.a(lib_a-reent.o)
 .ARM.attributes
                0x00000fa2       0x29 c:/program files (x86)/codesourcery/sourcery g++ lite/bin/../lib/gcc/arm-none-eabi/4.5.2/../../../../arm-none-eabi/lib/thumb2\libc.a(lib_a-strcasecmp.o)
 .ARM.attributes
                0x00000fcb       0x29 c:/program files (x86)/codesourcery/sourcery g++ lite/bin/../lib/gcc/arm-none-eabi/4.5.2/../../../../arm-none-eabi/lib/thumb2\libc.a(lib_a-strchr.o)
 .ARM.attributes
                0x00000ff4       0x29 c:/program files (x86)/codesourcery/sourcery g++ lite/bin/../lib/gcc/arm-none-eabi/4.5.2/../../../../arm-none-eabi/lib/thumb2\libc.a(lib_a-strspn.o)
 .ARM.attributes
                0x0000101d       0x29 c:/program files (x86)/codesourcery/sourcery g++ lite/bin/../lib/gcc/arm-none-eabi/4.5.2/../../../../arm-none-eabi/lib/thumb2\libc.a(lib_a-ctype_.o)
 .ARM.attributes
                0x00001046       0x29 c:/program files (x86)/codesourcery/sourcery g++ lite/bin/../lib/gcc/arm-none-eabi/4.5.2/../../../../arm-none-eabi/lib/thumb2\libc.a(lib_a-freer.o)
 .ARM.attributes
                0x0000106f       0x29 c:/program files (x86)/codesourcery/sourcery g++ lite/bin/../lib/gcc/arm-none-eabi/4.5.2/../../../../arm-none-eabi/lib/thumb2\libc.a(lib_a-impure.o)
 .ARM.attributes
                0x00001098       0x29 c:/program files (x86)/codesourcery/sourcery g++ lite/bin/../lib/gcc/arm-none-eabi/4.5.2/../../../../arm-none-eabi/lib/thumb2\libc.a(lib_a-mallocr.o)
 .ARM.attributes
                0x000010c1       0x29 c:/program files (x86)/codesourcery/sourcery g++ lite/bin/../lib/gcc/arm-none-eabi/4.5.2/../../../../arm-none-eabi/lib/thumb2\libc.a(lib_a-mlock.o)

.debug_frame    0x00000000     0x2f1c
 .debug_frame   0x00000000       0x50 build/obj/crt0.o
 .debug_frame   0x00000050       0x20 build/obj/vectors.o
 .debug_frame   0x00000070       0x20 build/obj/chcore.o
 .debug_frame   0x00000090       0xa4 build/obj/chcore_v7m.o
 .debug_frame   0x00000134       0x60 build/obj/nvic.o
 .debug_frame   0x00000194       0x68 build/obj/chsys.o
 .debug_frame   0x000001fc      0x140 build/obj/chdebug.o
 .debug_frame   0x0000033c       0x74 build/obj/chvt.o
 .debug_frame   0x000003b0      0x128 build/obj/chschd.o
 .debug_frame   0x000004d8      0x198 build/obj/chthreads.o
 .debug_frame   0x00000670       0xa0 build/obj/chdynamic.o
 .debug_frame   0x00000710       0x4c build/obj/chregistry.o
 .debug_frame   0x0000075c      0x174 build/obj/chsem.o
 .debug_frame   0x000008d0      0x108 build/obj/chmtx.o
 .debug_frame   0x000009d8      0x124 build/obj/chcond.o
 .debug_frame   0x00000afc      0x23c build/obj/chevents.o
 .debug_frame   0x00000d38       0x70 build/obj/chmsg.o
 .debug_frame   0x00000da8      0x16c build/obj/chmboxes.o
 .debug_frame   0x00000f14      0x180 build/obj/chqueues.o
 .debug_frame   0x00001094       0x68 build/obj/chmemcore.o
 .debug_frame   0x000010fc       0xb0 build/obj/chheap.o
 .debug_frame   0x000011ac       0xd0 build/obj/chmempools.o
 .debug_frame   0x0000127c      0x1e0 build/obj/test.o
 .debug_frame   0x0000145c       0xc4 build/obj/testthd.o
 .debug_frame   0x00001520      0x13c build/obj/testsem.o
 .debug_frame   0x0000165c      0x39c build/obj/testmtx.o
 .debug_frame   0x000019f8       0x48 build/obj/testmsg.o
 .debug_frame   0x00001a40       0x44 build/obj/testmbox.o
 .debug_frame   0x00001a84      0x110 build/obj/testevt.o
 .debug_frame   0x00001b94       0x44 build/obj/testheap.o
 .debug_frame   0x00001bd8       0x50 build/obj/testpools.o
 .debug_frame   0x00001c28       0xdc build/obj/testdyn.o
 .debug_frame   0x00001d04       0xe4 build/obj/testqueues.o
 .debug_frame   0x00001de8      0x2b4 build/obj/testbmk.o
 .debug_frame   0x0000209c       0x4c build/obj/hal.o
 .debug_frame   0x000020e8       0x6c build/obj/pal.o
 .debug_frame   0x00002154      0x140 build/obj/serial.o
 .debug_frame   0x00002294       0x5c build/obj/tm.o
 .debug_frame   0x000022f0      0x168 build/obj/uart.o
 .debug_frame   0x00002458      0x244 build/obj/stm32_dma.o
 .debug_frame   0x0000269c       0x3c build/obj/hal_lld.o
 .debug_frame   0x000026d8       0x94 build/obj/serial_lld.o
 .debug_frame   0x0000276c       0x64 build/obj/pal_lld.o
 .debug_frame   0x000027d0      0x14c build/obj/uart_lld.o
 .debug_frame   0x0000291c       0x30 build/obj/board.o
 .debug_frame   0x0000294c       0x64 build/obj/evtimer.o
 .debug_frame   0x000029b0       0x9c build/obj/syscalls.o
 .debug_frame   0x00002a4c      0x140 build/obj/shell.o
 .debug_frame   0x00002b8c       0x70 build/obj/chprintf.o
 .debug_frame   0x00002bfc       0x70 build/obj/main.o
 .debug_frame   0x00002c6c       0xdc build/obj/console.o
 .debug_frame   0x00002d48       0x2c c:/program files (x86)/codesourcery/sourcery g++ lite/bin/../lib/gcc/arm-none-eabi/4.5.2/../../../../arm-none-eabi/lib/thumb2\libc.a(lib_a-memset.o)
 .debug_frame   0x00002d74       0x68 c:/program files (x86)/codesourcery/sourcery g++ lite/bin/../lib/gcc/arm-none-eabi/4.5.2/../../../../arm-none-eabi/lib/thumb2\libc.a(lib_a-reent.o)
 .debug_frame   0x00002ddc       0x2c c:/program files (x86)/codesourcery/sourcery g++ lite/bin/../lib/gcc/arm-none-eabi/4.5.2/../../../../arm-none-eabi/lib/thumb2\libc.a(lib_a-strcasecmp.o)
 .debug_frame   0x00002e08       0x2c c:/program files (x86)/codesourcery/sourcery g++ lite/bin/../lib/gcc/arm-none-eabi/4.5.2/../../../../arm-none-eabi/lib/thumb2\libc.a(lib_a-strchr.o)
 .debug_frame   0x00002e34       0x2c c:/program files (x86)/codesourcery/sourcery g++ lite/bin/../lib/gcc/arm-none-eabi/4.5.2/../../../../arm-none-eabi/lib/thumb2\libc.a(lib_a-strspn.o)
 .debug_frame   0x00002e60       0x50 c:/program files (x86)/codesourcery/sourcery g++ lite/bin/../lib/gcc/arm-none-eabi/4.5.2/../../../../arm-none-eabi/lib/thumb2\libc.a(lib_a-freer.o)
 .debug_frame   0x00002eb0       0x3c c:/program files (x86)/codesourcery/sourcery g++ lite/bin/../lib/gcc/arm-none-eabi/4.5.2/../../../../arm-none-eabi/lib/thumb2\libc.a(lib_a-mallocr.o)
 .debug_frame   0x00002eec       0x30 c:/program files (x86)/codesourcery/sourcery g++ lite/bin/../lib/gcc/arm-none-eabi/4.5.2/../../../../arm-none-eabi/lib/thumb2\libc.a(lib_a-mlock.o)

Cross Reference Table

Symbol                                            File
BusFaultVector                                    build/obj/vectors.o
DebugMonitorVector                                build/obj/vectors.o
HardFaultVector                                   build/obj/vectors.o
MemManageVector                                   build/obj/vectors.o
NMIVector                                         build/obj/vectors.o
PendSVVector                                      build/obj/vectors.o
ResetHandler                                      build/obj/crt0.o
                                                  build/obj/vectors.o
SD1                                               build/obj/serial_lld.o
                                                  build/obj/console.o
SVCallVector                                      build/obj/chcore_v7m.o
                                                  build/obj/vectors.o
SysTickVector                                     build/obj/chcore_v7m.o
                                                  build/obj/vectors.o
TestThread                                        build/obj/test.o
                                                  build/obj/console.o
UARTD6                                            build/obj/uart_lld.o
UsageFaultVector                                  build/obj/vectors.o
Vector100                                         build/obj/vectors.o
Vector104                                         build/obj/vectors.o
Vector108                                         build/obj/vectors.o
Vector10C                                         build/obj/vectors.o
Vector110                                         build/obj/vectors.o
Vector114                                         build/obj/vectors.o
Vector118                                         build/obj/vectors.o
Vector11C                                         build/obj/vectors.o
Vector120                                         build/obj/stm32_dma.o
                                                  build/obj/vectors.o
Vector124                                         build/obj/stm32_dma.o
                                                  build/obj/vectors.o
Vector128                                         build/obj/stm32_dma.o
                                                  build/obj/vectors.o
Vector12C                                         build/obj/stm32_dma.o
                                                  build/obj/vectors.o
Vector130                                         build/obj/stm32_dma.o
                                                  build/obj/vectors.o
Vector134                                         build/obj/vectors.o
Vector138                                         build/obj/vectors.o
Vector13C                                         build/obj/vectors.o
Vector140                                         build/obj/vectors.o
Vector144                                         build/obj/vectors.o
Vector148                                         build/obj/vectors.o
Vector14C                                         build/obj/vectors.o
Vector150                                         build/obj/stm32_dma.o
                                                  build/obj/vectors.o
Vector154                                         build/obj/stm32_dma.o
                                                  build/obj/vectors.o
Vector158                                         build/obj/stm32_dma.o
                                                  build/obj/vectors.o
Vector15C                                         build/obj/uart_lld.o
                                                  build/obj/vectors.o
Vector160                                         build/obj/vectors.o
Vector164                                         build/obj/vectors.o
Vector168                                         build/obj/vectors.o
Vector16C                                         build/obj/vectors.o
Vector170                                         build/obj/vectors.o
Vector174                                         build/obj/vectors.o
Vector178                                         build/obj/vectors.o
Vector17C                                         build/obj/vectors.o
Vector180                                         build/obj/vectors.o
Vector184                                         build/obj/vectors.o
Vector1C                                          build/obj/vectors.o
Vector20                                          build/obj/vectors.o
Vector24                                          build/obj/vectors.o
Vector28                                          build/obj/vectors.o
Vector34                                          build/obj/vectors.o
Vector40                                          build/obj/vectors.o
Vector44                                          build/obj/vectors.o
Vector48                                          build/obj/vectors.o
Vector4C                                          build/obj/vectors.o
Vector50                                          build/obj/vectors.o
Vector54                                          build/obj/vectors.o
Vector58                                          build/obj/vectors.o
Vector5C                                          build/obj/vectors.o
Vector60                                          build/obj/vectors.o
Vector64                                          build/obj/vectors.o
Vector68                                          build/obj/vectors.o
Vector6C                                          build/obj/stm32_dma.o
                                                  build/obj/vectors.o
Vector70                                          build/obj/stm32_dma.o
                                                  build/obj/vectors.o
Vector74                                          build/obj/stm32_dma.o
                                                  build/obj/vectors.o
Vector78                                          build/obj/stm32_dma.o
                                                  build/obj/vectors.o
Vector7C                                          build/obj/stm32_dma.o
                                                  build/obj/vectors.o
Vector80                                          build/obj/stm32_dma.o
                                                  build/obj/vectors.o
Vector84                                          build/obj/stm32_dma.o
                                                  build/obj/vectors.o
Vector88                                          build/obj/vectors.o
Vector8C                                          build/obj/vectors.o
Vector90                                          build/obj/vectors.o
Vector94                                          build/obj/vectors.o
Vector98                                          build/obj/vectors.o
Vector9C                                          build/obj/vectors.o